data/synthetic_patterned_dataset.csv
Date,Product ID,Category,Inventory Level,Units Sold,Units Ordered,Price,Discount,Weather Condition,Holiday/Promotion,Seasonality
2022-01-01,P0001,Personal Care,1911.3,383.7,1200.0,41.5,32.2,Rainy,1,Winter
2022-01-02,P0001,Personal Care,1671.3,239.9,0.0,48.19,21.3,Rainy,1,Winter
2022-01-03,P0001,Personal Care,1569.7,101.6,0.0,61.24,0.0,Rainy,0,Winter
2022-01-04,P0001,Personal Care,1429.0,140.8,0.0,61.24,0.0,Rainy,0,Winter
2022-01-05,P0001,Personal Care,1164.5,264.5,0.0,61.24,0.0,Cold,0,Winter
2022-01-06,P0001,Personal Care,1911.3,273.4,1020.2,61.24,0.0,Hot,0,Winter
2022-01-07,P0001,Personal Care,1666.8,244.5,0.0,61.24,0.0,Sunny,0,Winter
2022-01-08,P0001,Personal Care,1286.5,380.3,0.0,54.51,11.0,Hot,1,Winter
2022-01-09,P0001,Personal Care,1911.3,336.0,960.8,47.65,22.2,Hot,1,Winter
2022-01-10,P0001,Personal Care,1757.1,154.2,0.0,61.24,0.0,Rainy,0,Winter
2022-01-11,P0001,Personal Care,1638.2,119.0,0.0,61.24,0.0,Sunny,0,Winter
2022-01-12,P0001,Personal Care,1476.5,161.7,0.0,61.24,0.0,Sunny,0,Winter
2022-01-13,P0001,Personal Care,1266.7,209.8,0.0,61.24,0.0,Rainy,0,Winter
2022-01-14,P0001,Personal Care,991.1,275.7,0.0,61.24,0.0,Hot,0,Winter
2022-01-15,P0001,Personal Care,1911.3,291.7,1211.9,53.24,13.1,Rainy,1,Winter
2022-01-16,P0001,Personal Care,1546.5,364.8,0.0,37.82,38.2,Sunny,1,Winter
2022-01-17,P0001,Personal Care,1337.0,209.5,0.0,61.24,0.0,Rainy,0,Winter
2022-01-18,P0001,Personal Care,1191.9,145.1,0.0,61.24,0.0,Rainy,0,Winter
2022-01-19,P0001,Personal Care,1911.3,249.9,969.3,61.24,0.0,Cold,0,Winter
2022-01-20,P0001,Personal Care,1753.2,158.1,0.0,61.24,0.0,Rainy,0,Winter
2022-01-21,P0001,Personal Care,1458.7,294.5,0.0,61.24,0.0,Cold,0,Winter
2022-01-22,P0001,Personal Care,1138.6,320.1,0.0,52.51,14.3,Rainy,1,Winter
2022-01-23,P0001,Personal Care,1911.3,249.4,1022.1,52.95,13.5,Sunny,1,Winter
2022-01-24,P0001,Personal Care,1762.2,149.0,0.0,61.24,0.0,Rainy,0,Winter
2022-01-25,P0001,Personal Care,1468.1,294.1,0.0,48.29,21.1,Sunny,0,Winter
2022-01-26,P0001,Personal Care,1295.2,172.9,0.0,61.24,0.0,Hot,0,Winter
2022-01-27,P0001,Personal Care,1129.3,165.9,0.0,61.24,0.0,Rainy,0,Winter
2022-01-28,P0001,Personal Care,1911.3,289.8,1071.8,61.24,0.0,Cold,0,Winter
2022-01-29,P0001,Personal Care,1579.9,331.4,0.0,51.84,15.3,Rainy,1,Winter
2022-01-30,P0001,Personal Care,1350.4,229.5,0.0,51.6,15.7,Sunny,1,Winter
2022-01-31,P0001,Personal Care,1088.9,261.5,0.0,61.24,0.0,Cold,0,Winter
2022-02-01,P0001,Personal Care,1911.3,165.0,987.4,61.24,0.0,Hot,0,Winter
2022-02-02,P0001,Personal Care,1649.7,261.6,0.0,47.53,22.4,Sunny,0,Winter
2022-02-03,P0001,Personal Care,1494.1,155.6,0.0,61.24,0.0,Rainy,0,Winter
2022-02-04,P0001,Personal Care,1334.6,159.4,0.0,61.24,0.0,Rainy,0,Winter
2022-02-05,P0001,Personal Care,982.0,352.6,0.0,52.28,14.6,Sunny,1,Winter
2022-02-06,P0001,Personal Care,1911.3,229.5,1158.8,47.51,22.4,Sunny,1,Winter
2022-02-07,P0001,Personal Care,1754.1,157.2,0.0,61.24,0.0,Sunny,0,Winter
2022-02-08,P0001,Personal Care,1535.4,218.7,0.0,61.24,0.0,Cold,0,Winter
2022-02-09,P0001,Personal Care,1322.4,213.0,0.0,61.24,0.0,Hot,0,Winter
2022-02-10,P0001,Personal Care,1065.8,256.7,0.0,44.74,26.9,Sunny,0,Winter
2022-02-11,P0001,Personal Care,1911.3,178.1,1023.6,61.24,0.0,Rainy,0,Winter
2022-02-12,P0001,Personal Care,1566.5,344.8,0.0,52.32,14.6,Sunny,1,Winter
2022-02-13,P0001,Personal Care,1298.5,268.0,0.0,47.64,22.2,Rainy,1,Winter
2022-02-14,P0001,Personal Care,1041.6,256.8,0.0,47.19,22.9,Rainy,1,Winter
2022-02-15,P0001,Personal Care,1911.3,227.9,1097.5,61.24,0.0,Hot,0,Winter
2022-02-16,P0001,Personal Care,1736.4,174.8,0.0,61.24,0.0,Sunny,0,Winter
2022-02-17,P0001,Personal Care,1497.4,239.0,0.0,51.34,16.2,Rainy,0,Winter
2022-02-18,P0001,Personal Care,1367.9,129.6,0.0,61.24,0.0,Rainy,0,Winter
2022-02-19,P0001,Personal Care,1911.3,467.5,1010.9,47.31,22.7,Hot,1,Winter
2022-02-20,P0001,Personal Care,1532.2,379.0,0.0,51.15,16.5,Hot,1,Winter
2022-02-21,P0001,Personal Care,1362.7,169.5,0.0,61.24,0.0,Sunny,0,Winter
2022-02-22,P0001,Personal Care,1215.5,147.3,0.0,61.24,0.0,Rainy,0,Winter
2022-02-23,P0001,Personal Care,1037.3,178.2,0.0,61.24,0.0,Sunny,0,Winter
2022-02-24,P0001,Personal Care,1911.3,237.7,1111.7,61.24,0.0,Cold,0,Winter
2022-02-25,P0001,Personal Care,1750.5,160.8,0.0,61.24,0.0,Rainy,0,Winter
2022-02-26,P0001,Personal Care,1425.7,324.7,0.0,40.42,34.0,Rainy,1,Winter
2022-02-27,P0001,Personal Care,1105.6,320.2,0.0,37.84,38.2,Rainy,1,Winter
2022-02-28,P0001,Personal Care,1911.3,174.2,980.0,61.24,0.0,Sunny,0,Winter
2022-03-01,P0001,Personal Care,1744.0,167.2,0.0,61.24,0.0,Hot,0,Spring
2022-03-02,P0001,Personal Care,1575.5,168.5,0.0,61.24,0.0,Cold,0,Spring
2022-03-03,P0001,Personal Care,1384.6,190.9,0.0,61.24,0.0,Sunny,0,Spring
2022-03-04,P0001,Personal Care,1253.2,131.4,0.0,61.24,0.0,Sunny,0,Spring
2022-03-05,P0001,Personal Care,982.1,271.1,0.0,54.58,10.9,Sunny,1,Spring
2022-03-06,P0001,Personal Care,1911.3,246.8,1175.9,38.27,37.5,Rainy,1,Spring
2022-03-07,P0001,Personal Care,1750.3,160.9,0.0,61.24,0.0,Cold,0,Spring
2022-03-08,P0001,Personal Care,1615.6,134.7,0.0,61.24,0.0,Rainy,0,Spring
2022-03-09,P0001,Personal Care,1456.1,159.5,0.0,61.24,0.0,Sunny,0,Spring
2022-03-10,P0001,Personal Care,1282.8,173.3,0.0,61.24,0.0,Cold,0,Spring
2022-03-11,P0001,Personal Care,1103.5,179.3,0.0,61.24,0.0,Hot,0,Spring
2022-03-12,P0001,Personal Care,1911.3,278.5,1086.3,41.7,31.9,Rainy,1,Spring
2022-03-13,P0001,Personal Care,1616.7,294.6,0.0,51.64,15.7,Sunny,1,Spring
2022-03-14,P0001,Personal Care,1453.2,163.5,0.0,61.24,0.0,Sunny,0,Spring
2022-03-15,P0001,Personal Care,1295.1,158.1,0.0,61.24,0.0,Hot,0,Spring
2022-03-16,P0001,Personal Care,1158.5,136.6,0.0,61.24,0.0,Sunny,0,Spring
2022-03-17,P0001,Personal Care,1029.1,129.4,0.0,61.24,0.0,Sunny,0,Spring
2022-03-18,P0001,Personal Care,1911.3,214.0,1096.1,61.24,0.0,Hot,0,Spring
2022-03-19,P0001,Personal Care,1658.6,252.7,0.0,49.47,19.2,Rainy,1,Spring
2022-03-20,P0001,Personal Care,1419.5,239.1,0.0,42.98,29.8,Sunny,1,Spring
2022-03-21,P0001,Personal Care,1305.4,114.1,0.0,61.24,0.0,Sunny,0,Spring
2022-03-22,P0001,Personal Care,1185.5,119.9,0.0,61.24,0.0,Rainy,0,Spring
2022-03-23,P0001,Personal Care,971.5,214.1,0.0,61.24,0.0,Hot,0,Spring
2022-03-24,P0001,Personal Care,1911.3,155.8,1095.6,49.35,19.4,Rainy,0,Spring
2022-03-25,P0001,Personal Care,1665.9,245.4,0.0,61.24,0.0,Hot,0,Spring
2022-03-26,P0001,Personal Care,1258.8,407.1,0.0,38.06,37.9,Cold,1,Spring
2022-03-27,P0001,Personal Care,959.1,299.8,0.0,50.42,17.7,Cold,1,Spring
2022-03-28,P0001,Personal Care,1911.3,150.1,1102.3,61.24,0.0,Cold,0,Spring
2022-03-29,P0001,Personal Care,1796.9,114.4,0.0,61.24,0.0,Sunny,0,Spring
2022-03-30,P0001,Personal Care,1578.0,219.0,0.0,61.24,0.0,Cold,0,Spring
2022-03-31,P0001,Personal Care,1433.2,144.7,0.0,61.24,0.0,Rainy,0,Spring
2022-04-01,P0001,Personal Care,1232.8,200.4,0.0,61.24,0.0,Hot,0,Spring
2022-04-02,P0001,Personal Care,1911.3,335.4,1013.9,39.73,35.1,Rainy,1,Spring
2022-04-03,P0001,Personal Care,1651.8,259.5,0.0,51.76,15.5,Sunny,1,Spring
2022-04-04,P0001,Personal Care,1517.7,134.1,0.0,61.24,0.0,Rainy,0,Spring
2022-04-05,P0001,Personal Care,1380.7,137.0,0.0,61.24,0.0,Rainy,0,Spring
2022-04-06,P0001,Personal Care,1193.3,187.4,0.0,61.24,0.0,Hot,0,Spring
2022-04-07,P0001,Personal Care,1045.2,148.1,0.0,61.24,0.0,Sunny,0,Spring
2022-04-08,P0001,Personal Care,1911.3,226.0,1092.2,48.39,21.0,Sunny,0,Spring
2022-04-09,P0001,Personal Care,1501.6,409.7,0.0,54.99,10.2,Hot,1,Spring
2022-04-10,P0001,Personal Care,1225.4,276.2,0.0,43.5,29.0,Rainy,1,Spring
2022-04-11,P0001,Personal Care,1038.3,187.1,0.0,61.24,0.0,Hot,0,Spring
2022-04-12,P0001,Personal Care,1911.3,178.3,1051.3,61.24,0.0,Hot,0,Spring
2022-04-13,P0001,Personal Care,1695.5,215.8,0.0,43.8,28.5,Sunny,0,Spring
2022-04-14,P0001,Personal Care,1549.6,145.9,0.0,61.24,0.0,Rainy,0,Spring
2022-04-15,P0001,Personal Care,1284.8,264.8,0.0,61.24,0.0,Cold,0,Spring
2022-04-16,P0001,Personal Care,1032.7,252.0,0.0,38.85,36.6,Sunny,1,Spring
2022-04-17,P0001,Personal Care,1911.3,191.0,1069.6,49.84,18.6,Rainy,1,Spring
2022-04-18,P0001,Personal Care,1788.5,122.8,0.0,61.24,0.0,Sunny,0,Spring
2022-04-19,P0001,Personal Care,1633.9,154.5,0.0,61.24,0.0,Rainy,0,Spring
2022-04-20,P0001,Personal Care,1409.7,224.2,0.0,49.4,19.3,Sunny,0,Spring
2022-04-21,P0001,Personal Care,1278.7,131.0,0.0,61.24,0.0,Rainy,0,Spring
2022-04-22,P0001,Personal Care,1103.9,174.8,0.0,61.24,0.0,Sunny,0,Spring
2022-04-23,P0001,Personal Care,1911.3,313.7,1121.0,49.88,18.6,Sunny,1,Spring
2022-04-24,P0001,Personal Care,1603.1,308.2,0.0,45.48,25.7,Sunny,1,Spring
2022-04-25,P0001,Personal Care,1507.3,95.8,0.0,61.24,0.0,Rainy,0,Spring
2022-04-26,P0001,Personal Care,1368.3,139.0,0.0,61.24,0.0,Sunny,0,Spring
2022-04-27,P0001,Personal Care,1186.8,181.5,0.0,49.37,19.4,Sunny,0,Spring
2022-04-28,P0001,Personal Care,1021.2,165.6,0.0,61.24,0.0,Sunny,0,Spring
2022-04-29,P0001,Personal Care,1911.3,141.8,1031.9,61.24,0.0,Sunny,0,Spring
2022-04-30,P0001,Personal Care,1481.4,429.9,0.0,39.49,35.5,Hot,1,Spring
2022-05-01,P0001,Personal Care,1126.4,355.1,0.0,39.41,35.6,Cold,1,Spring
2022-05-02,P0001,Personal Care,959.0,167.3,0.0,61.24,0.0,Rainy,0,Spring
2022-05-03,P0001,Personal Care,1911.3,258.1,1210.4,42.47,30.7,Sunny,0,Spring
2022-05-04,P0001,Personal Care,1831.6,79.7,0.0,61.24,0.0,Sunny,0,Spring
2022-05-05,P0001,Personal Care,1623.2,208.4,0.0,61.24,0.0,Cold,0,Spring
2022-05-06,P0001,Personal Care,1496.6,126.5,0.0,61.24,0.0,Rainy,0,Spring
2022-05-07,P0001,Personal Care,1185.9,310.7,0.0,43.95,28.2,Hot,1,Spring
2022-05-08,P0001,Personal Care,1911.3,242.2,967.5,53.64,12.4,Sunny,1,Spring
2022-05-09,P0001,Personal Care,1802.4,108.9,0.0,61.24,0.0,Rainy,0,Spring
2022-05-10,P0001,Personal Care,1617.5,184.9,0.0,61.24,0.0,Hot,0,Spring
2022-05-11,P0001,Personal Care,1467.5,150.0,0.0,61.24,0.0,Hot,0,Spring
2022-05-12,P0001,Personal Care,1251.2,216.4,0.0,61.24,0.0,Cold,0,Spring
2022-05-13,P0001,Personal Care,1030.2,220.9,0.0,61.24,0.0,Cold,0,Spring
2022-05-14,P0001,Personal Care,1911.3,214.6,1095.7,41.53,32.2,Rainy,1,Spring
2022-05-15,P0001,Personal Care,1688.6,222.7,0.0,54.26,11.4,Sunny,1,Spring
2022-05-16,P0001,Personal Care,1528.5,160.1,0.0,61.24,0.0,Rainy,0,Spring
2022-05-17,P0001,Personal Care,1358.8,169.7,0.0,61.24,0.0,Sunny,0,Spring
2022-05-18,P0001,Personal Care,1259.0,99.8,0.0,61.24,0.0,Rainy,0,Spring
2022-05-19,P0001,Personal Care,1100.0,159.0,0.0,61.24,0.0,Sunny,0,Spring
2022-05-20,P0001,Personal Care,1911.3,157.3,968.6,61.24,0.0,Rainy,0,Spring
2022-05-21,P0001,Personal Care,1544.0,367.3,0.0,41.7,31.9,Sunny,1,Spring
2022-05-22,P0001,Personal Care,1232.5,311.4,0.0,47.72,22.1,Hot,1,Spring
2022-05-23,P0001,Personal Care,1052.3,180.2,0.0,61.24,0.0,Hot,0,Spring
2022-05-24,P0001,Personal Care,1911.3,149.6,1008.6,61.24,0.0,Rainy,0,Spring
2022-05-25,P0001,Personal Care,1686.0,225.3,0.0,51.72,15.5,Sunny,0,Spring
2022-05-26,P0001,Personal Care,1592.6,93.4,0.0,61.24,0.0,Rainy,0,Spring
2022-05-27,P0001,Personal Care,1414.3,178.3,0.0,61.24,0.0,Hot,0,Spring
2022-05-28,P0001,Personal Care,1081.2,333.0,0.0,47.91,21.8,Cold,1,Spring
2022-05-29,P0001,Personal Care,1911.3,262.7,1092.8,40.37,34.1,Sunny,1,Spring
2022-05-30,P0001,Personal Care,1678.3,233.0,0.0,61.24,0.0,Hot,0,Spring
2022-05-31,P0001,Personal Care,1555.5,122.7,0.0,61.24,0.0,Rainy,0,Spring
2022-06-01,P0001,Personal Care,1254.9,300.7,0.0,61.24,0.0,Hot,0,Summer
2022-06-02,P0001,Personal Care,1069.0,185.8,0.0,61.24,0.0,Rainy,0,Summer
2022-06-03,P0001,Personal Care,1911.3,209.7,1051.9,61.24,0.0,Rainy,0,Summer
2022-06-04,P0001,Personal Care,1194.9,716.4,0.0,39.97,34.7,Cold,1,Summer
2022-06-05,P0001,Personal Care,1911.3,271.6,988.0,53.14,13.2,Rainy,1,Summer
2022-06-06,P0001,Personal Care,1599.2,312.1,0.0,37.63,38.6,Rainy,0,Summer
2022-06-07,P0001,Personal Care,1494.4,104.8,0.0,61.24,0.0,Rainy,0,Summer
2022-06-08,P0001,Personal Care,1020.0,474.4,0.0,48.15,21.4,Cold,0,Summer
2022-06-09,P0001,Personal Care,1911.3,282.1,1173.3,61.24,0.0,Cold,0,Summer
2022-06-10,P0001,Personal Care,1580.4,330.9,0.0,61.24,0.0,Cold,0,Summer
2022-06-11,P0001,Personal Care,1170.0,410.4,0.0,45.68,25.4,Sunny,1,Summer
2022-06-12,P0001,Personal Care,1911.3,430.4,1171.7,38.94,36.4,Cold,1,Summer
2022-06-13,P0001,Personal Care,1684.2,227.1,0.0,61.24,0.0,Cold,0,Summer
2022-06-14,P0001,Personal Care,1525.4,158.8,0.0,61.24,0.0,Rainy,0,Summer
2022-06-15,P0001,Personal Care,1299.6,225.8,0.0,61.24,0.0,Sunny,0,Summer
2022-06-16,P0001,Personal Care,1127.5,172.1,0.0,61.24,0.0,Rainy,0,Summer
2022-06-17,P0001,Personal Care,1911.3,217.2,1001.0,61.24,0.0,Sunny,0,Summer
2022-06-18,P0001,Personal Care,1350.6,560.7,0.0,49.99,18.4,Hot,1,Summer
2022-06-19,P0001,Personal Care,1069.3,281.3,0.0,46.62,23.9,Sunny,1,Summer
2022-06-20,P0001,Personal Care,1911.3,210.4,1052.4,61.24,0.0,Rainy,0,Summer
2022-06-21,P0001,Personal Care,1721.8,189.4,0.0,61.24,0.0,Cold,0,Summer
2022-06-22,P0001,Personal Care,1553.7,168.1,0.0,61.24,0.0,Hot,0,Summer
2022-06-23,P0001,Personal Care,1355.4,198.3,0.0,61.24,0.0,Rainy,0,Summer
2022-06-24,P0001,Personal Care,1911.3,505.8,1061.6,47.26,22.8,Sunny,0,Summer
2022-06-25,P0001,Personal Care,1335.1,576.2,0.0,37.7,38.4,Sunny,1,Summer
2022-06-26,P0001,Personal Care,1088.3,246.8,0.0,52.6,14.1,Rainy,1,Summer
2022-06-27,P0001,Personal Care,1911.3,288.7,1111.6,61.24,0.0,Hot,0,Summer
2022-06-28,P0001,Personal Care,1801.3,110.0,0.0,61.24,0.0,Rainy,0,Summer
2022-06-29,P0001,Personal Care,1481.5,319.8,0.0,61.24,0.0,Hot,0,Summer
2022-06-30,P0001,Personal Care,1226.3,255.2,0.0,61.24,0.0,Cold,0,Summer
