data/synthetic_patterned_dataset.csv
Date,Product ID,Category,Inventory Level,Units Sold,Units Ordered,Price,Discount,Weather Condition,Holiday/Promotion,Seasonality
2022-01-01,P0002,Personal Care,1952.8,948.8,1063.7,18.29,30.4,Rainy,1,Winter
2022-01-02,P0002,Personal Care,1107.9,844.8,0.0,19.18,27.1,Rainy,1,Winter
2022-01-03,P0002,Personal Care,1952.8,334.2,1179.1,26.29,0.0,Rainy,0,Winter
2022-01-04,P0002,Personal Care,1682.1,270.6,0.0,26.29,0.0,Rainy,0,Winter
2022-01-05,P0002,Personal Care,1509.9,172.2,0.0,26.29,0.0,Cold,0,Winter
2022-01-06,P0002,Personal Care,1248.8,261.2,0.0,26.29,0.0,Hot,0,Winter
2022-01-07,P0002,Personal Care,1051.3,197.5,0.0,26.29,0.0,Sunny,0,Winter
2022-01-08,P0002,Personal Care,1952.8,724.9,1626.4,22.36,15.0,Hot,1,Winter
2022-01-09,P0002,Personal Care,1183.7,769.1,0.0,17.86,32.1,Hot,1,Winter
2022-01-10,P0002,Personal Care,1952.8,710.0,1479.1,17.06,35.1,Rainy,0,Winter
2022-01-11,P0002,Personal Care,1451.4,501.4,0.0,17.9,31.9,Sunny,0,Winter
2022-01-12,P0002,Personal Care,1302.9,148.4,0.0,26.29,0.0,Sunny,0,Winter
2022-01-13,P0002,Personal Care,1102.3,200.7,0.0,26.29,0.0,Rainy,0,Winter
2022-01-14,P0002,Personal Care,1952.8,652.8,1503.2,17.2,34.6,Hot,0,Winter
2022-01-15,P0002,Personal Care,1118.5,834.2,0.0,21.31,19.0,Rainy,1,Winter
2022-01-16,P0002,Personal Care,1952.8,389.6,1223.9,23.01,12.5,Sunny,1,Winter
2022-01-17,P0002,Personal Care,1350.4,602.3,0.0,20.54,21.9,Rainy,0,Winter
2022-01-18,P0002,Personal Care,1153.0,197.4,0.0,26.29,0.0,Rainy,0,Winter
2022-01-19,P0002,Personal Care,1010.5,142.6,0.0,26.29,0.0,Cold,0,Winter
2022-01-20,P0002,Personal Care,1952.8,215.2,1157.5,26.29,0.0,Rainy,0,Winter
2022-01-21,P0002,Personal Care,1778.1,174.7,0.0,26.29,0.0,Cold,0,Winter
2022-01-22,P0002,Personal Care,1189.8,588.3,0.0,20.17,23.3,Rainy,1,Winter
2022-01-23,P0002,Personal Care,1952.8,414.8,1177.7,20.93,20.4,Sunny,1,Winter
2022-01-24,P0002,Personal Care,1753.5,199.3,0.0,26.29,0.0,Rainy,0,Winter
2022-01-25,P0002,Personal Care,1596.7,156.8,0.0,26.29,0.0,Sunny,0,Winter
2022-01-26,P0002,Personal Care,1442.7,154.0,0.0,26.29,0.0,Hot,0,Winter
2022-01-27,P0002,Personal Care,1166.3,276.4,0.0,26.29,0.0,Rainy,0,Winter
2022-01-28,P0002,Personal Care,1952.8,217.1,1003.6,26.29,0.0,Cold,0,Winter
2022-01-29,P0002,Personal Care,1187.3,765.4,0.0,22.06,16.1,Rainy,1,Winter
2022-01-30,P0002,Personal Care,1952.8,612.1,1377.5,16.03,39.0,Sunny,1,Winter
2022-01-31,P0002,Personal Care,1776.9,175.9,0.0,26.29,0.0,Cold,0,Winter
2022-02-01,P0002,Personal Care,1488.0,288.9,0.0,26.29,0.0,Hot,0,Winter
2022-02-02,P0002,Personal Care,1039.4,448.6,0.0,20.34,22.6,Sunny,0,Winter
2022-02-03,P0002,Personal Care,1952.8,172.1,1085.4,26.29,0.0,Rainy,0,Winter
2022-02-04,P0002,Personal Care,1580.3,372.4,0.0,21.47,18.3,Rainy,0,Winter
2022-02-05,P0002,Personal Care,1028.3,552.1,0.0,19.48,25.9,Sunny,1,Winter
2022-02-06,P0002,Personal Care,1952.8,470.0,1394.5,19.82,24.6,Sunny,1,Winter
2022-02-07,P0002,Personal Care,1744.3,208.4,0.0,26.29,0.0,Sunny,0,Winter
2022-02-08,P0002,Personal Care,1548.9,195.4,0.0,26.29,0.0,Cold,0,Winter
2022-02-09,P0002,Personal Care,1298.3,250.6,0.0,26.29,0.0,Hot,0,Winter
2022-02-10,P0002,Personal Care,1104.6,193.7,0.0,26.29,0.0,Sunny,0,Winter
2022-02-11,P0002,Personal Care,1952.8,715.3,1563.4,18.24,30.6,Rainy,0,Winter
2022-02-12,P0002,Personal Care,1208.1,744.7,0.0,18.91,28.1,Sunny,1,Winter
2022-02-13,P0002,Personal Care,1952.8,714.7,1459.4,20.04,23.8,Rainy,1,Winter
2022-02-14,P0002,Personal Care,1266.2,686.6,0.0,21.09,19.8,Rainy,1,Winter
2022-02-15,P0002,Personal Care,1045.7,220.5,0.0,26.29,0.0,Hot,0,Winter
2022-02-16,P0002,Personal Care,1952.8,156.9,1063.9,26.29,0.0,Sunny,0,Winter
2022-02-17,P0002,Personal Care,1731.2,221.6,0.0,26.29,0.0,Rainy,0,Winter
2022-02-18,P0002,Personal Care,1277.2,454.0,0.0,22.29,15.2,Rainy,0,Winter
2022-02-19,P0002,Personal Care,1952.8,613.6,1289.1,20.73,21.2,Hot,1,Winter
2022-02-20,P0002,Personal Care,1242.9,709.8,0.0,20.72,21.2,Hot,1,Winter
2022-02-21,P0002,Personal Care,1952.8,270.3,980.2,26.29,0.0,Sunny,0,Winter
2022-02-22,P0002,Personal Care,1368.7,584.1,0.0,17.91,31.9,Rainy,0,Winter
2022-02-23,P0002,Personal Care,1234.2,134.5,0.0,26.29,0.0,Sunny,0,Winter
2022-02-24,P0002,Personal Care,1082.6,151.6,0.0,26.29,0.0,Cold,0,Winter
2022-02-25,P0002,Personal Care,1952.8,259.5,1129.7,26.29,0.0,Rainy,0,Winter
2022-02-26,P0002,Personal Care,1194.2,758.6,0.0,18.91,28.1,Rainy,1,Winter
2022-02-27,P0002,Personal Care,1952.8,692.6,1451.2,18.49,29.7,Rainy,1,Winter
2022-02-28,P0002,Personal Care,1725.1,227.7,0.0,26.29,0.0,Sunny,0,Winter
2022-03-01,P0002,Personal Care,1462.4,262.7,0.0,26.29,0.0,Hot,0,Spring
2022-03-02,P0002,Personal Care,1344.3,118.0,0.0,26.29,0.0,Cold,0,Spring
2022-03-03,P0002,Personal Care,1162.4,181.9,0.0,26.29,0.0,Sunny,0,Spring
2022-03-04,P0002,Personal Care,1952.8,450.5,1240.8,19.12,27.3,Sunny,0,Spring
2022-03-05,P0002,Personal Care,1560.9,391.8,0.0,22.91,12.9,Sunny,1,Spring
2022-03-06,P0002,Personal Care,1952.8,657.1,1049.0,20.18,23.3,Rainy,1,Spring
2022-03-07,P0002,Personal Care,1746.4,206.3,0.0,26.29,0.0,Cold,0,Spring
2022-03-08,P0002,Personal Care,1554.5,191.9,0.0,26.29,0.0,Rainy,0,Spring
2022-03-09,P0002,Personal Care,1378.6,175.9,0.0,26.29,0.0,Sunny,0,Spring
2022-03-10,P0002,Personal Care,1952.8,538.5,1112.7,16.63,36.7,Cold,0,Spring
2022-03-11,P0002,Personal Care,1778.9,173.8,0.0,26.29,0.0,Hot,0,Spring
2022-03-12,P0002,Personal Care,1142.0,637.0,0.0,21.59,17.9,Rainy,1,Spring
2022-03-13,P0002,Personal Care,1952.8,620.1,1430.9,17.08,35.1,Sunny,1,Spring
2022-03-14,P0002,Personal Care,1787.0,165.8,0.0,26.29,0.0,Sunny,0,Spring
2022-03-15,P0002,Personal Care,1472.2,314.7,0.0,26.29,0.0,Hot,0,Spring
2022-03-16,P0002,Personal Care,1117.5,354.8,0.0,21.15,19.6,Sunny,0,Spring
2022-03-17,P0002,Personal Care,1952.8,144.2,979.4,26.29,0.0,Sunny,0,Spring
2022-03-18,P0002,Personal Care,1709.3,243.5,0.0,26.29,0.0,Hot,0,Spring
2022-03-19,P0002,Personal Care,1952.8,918.5,1161.9,17.19,34.6,Rainy,1,Spring
2022-03-20,P0002,Personal Care,1411.4,541.4,0.0,21.62,17.8,Sunny,1,Spring
2022-03-21,P0002,Personal Care,1204.1,207.2,0.0,26.29,0.0,Sunny,0,Spring
2022-03-22,P0002,Personal Care,1006.6,197.6,0.0,26.29,0.0,Rainy,0,Spring
2022-03-23,P0002,Personal Care,1952.8,207.7,1153.9,26.29,0.0,Hot,0,Spring
2022-03-24,P0002,Personal Care,1737.7,215.1,0.0,26.29,0.0,Rainy,0,Spring
2022-03-25,P0002,Personal Care,1478.3,259.3,0.0,26.29,0.0,Hot,0,Spring
2022-03-26,P0002,Personal Care,1952.8,861.4,1335.8,18.17,30.9,Cold,1,Spring
2022-03-27,P0002,Personal Care,1312.0,640.8,0.0,19.99,24.0,Cold,1,Spring
2022-03-28,P0002,Personal Care,1092.5,219.5,0.0,26.29,0.0,Cold,0,Spring
2022-03-29,P0002,Personal Care,1952.8,204.3,1064.6,26.29,0.0,Sunny,0,Spring
2022-03-30,P0002,Personal Care,1783.1,169.6,0.0,26.29,0.0,Cold,0,Spring
2022-03-31,P0002,Personal Care,1572.2,211.0,0.0,26.29,0.0,Rainy,0,Spring
2022-04-01,P0002,Personal Care,1361.3,210.8,0.0,26.29,0.0,Hot,0,Spring
2022-04-02,P0002,Personal Care,1952.8,612.0,1203.4,22.3,15.2,Rainy,1,Spring
2022-04-03,P0002,Personal Care,1449.5,503.2,0.0,17.53,33.3,Sunny,1,Spring
2022-04-04,P0002,Personal Care,1211.0,238.5,0.0,26.29,0.0,Rainy,0,Spring
2022-04-05,P0002,Personal Care,986.4,224.6,0.0,26.29,0.0,Rainy,0,Spring
2022-04-06,P0002,Personal Care,1952.8,198.9,1165.3,26.29,0.0,Hot,0,Spring
2022-04-07,P0002,Personal Care,1469.7,483.0,0.0,16.4,37.6,Sunny,0,Spring
2022-04-08,P0002,Personal Care,1178.7,291.0,0.0,23.53,10.5,Sunny,0,Spring
2022-04-09,P0002,Personal Care,1952.8,562.2,1336.2,23.0,12.5,Hot,1,Spring
2022-04-10,P0002,Personal Care,1498.9,453.9,0.0,17.74,32.5,Rainy,1,Spring
2022-04-11,P0002,Personal Care,1952.8,574.5,1028.3,20.41,22.4,Hot,0,Spring
2022-04-12,P0002,Personal Care,1714.5,238.2,0.0,26.29,0.0,Hot,0,Spring
2022-04-13,P0002,Personal Care,1548.5,166.1,0.0,26.29,0.0,Sunny,0,Spring
2022-04-14,P0002,Personal Care,1321.3,227.2,0.0,26.29,0.0,Rainy,0,Spring
2022-04-15,P0002,Personal Care,1952.8,508.9,1140.4,19.03,27.6,Cold,0,Spring
2022-04-16,P0002,Personal Care,1251.2,701.6,0.0,19.66,25.2,Sunny,1,Spring
2022-04-17,P0002,Personal Care,1952.8,483.7,1185.3,23.37,11.1,Rainy,1,Spring
2022-04-18,P0002,Personal Care,1402.9,549.9,0.0,20.3,22.8,Sunny,0,Spring
2022-04-19,P0002,Personal Care,1139.4,263.5,0.0,26.29,0.0,Rainy,0,Spring
2022-04-20,P0002,Personal Care,1952.8,168.2,981.6,26.29,0.0,Sunny,0,Spring
2022-04-21,P0002,Personal Care,1716.2,236.6,0.0,26.29,0.0,Rainy,0,Spring
2022-04-22,P0002,Personal Care,1585.4,130.8,0.0,26.29,0.0,Sunny,0,Spring
2022-04-23,P0002,Personal Care,1952.8,628.9,996.2,18.87,28.2,Sunny,1,Spring
2022-04-24,P0002,Personal Care,1177.7,775.1,0.0,15.99,39.2,Sunny,1,Spring
2022-04-25,P0002,Personal Care,1952.8,218.2,993.3,26.29,0.0,Rainy,0,Spring
2022-04-26,P0002,Personal Care,1549.0,403.7,0.0,23.58,10.3,Sunny,0,Spring
2022-04-27,P0002,Personal Care,1383.7,165.3,0.0,26.29,0.0,Sunny,0,Spring
2022-04-28,P0002,Personal Care,1219.6,164.2,0.0,26.29,0.0,Sunny,0,Spring
2022-04-29,P0002,Personal Care,1010.0,209.5,0.0,26.29,0.0,Sunny,0,Spring
2022-04-30,P0002,Personal Care,1952.8,862.5,1805.3,20.65,21.5,Hot,1,Spring
2022-05-01,P0002,Personal Care,1406.2,546.6,0.0,22.41,14.8,Cold,1,Spring
2022-05-02,P0002,Personal Care,1223.6,182.6,0.0,26.29,0.0,Rainy,0,Spring
2022-05-03,P0002,Personal Care,1049.8,173.8,0.0,26.29,0.0,Sunny,0,Spring
2022-05-04,P0002,Personal Care,1952.8,158.7,1061.7,26.29,0.0,Sunny,0,Spring
2022-05-05,P0002,Personal Care,1569.6,383.2,0.0,22.82,13.2,Cold,0,Spring
2022-05-06,P0002,Personal Care,1292.1,277.5,0.0,26.29,0.0,Rainy,0,Spring
2022-05-07,P0002,Personal Care,1952.8,857.2,1517.8,17.8,32.3,Hot,1,Spring
2022-05-08,P0002,Personal Care,1458.8,494.0,0.0,17.84,32.2,Sunny,1,Spring
2022-05-09,P0002,Personal Care,1211.7,247.1,0.0,26.29,0.0,Rainy,0,Spring
2022-05-10,P0002,Personal Care,1952.8,240.2,981.3,26.29,0.0,Hot,0,Spring
2022-05-11,P0002,Personal Care,1743.0,209.7,0.0,26.29,0.0,Hot,0,Spring
2022-05-12,P0002,Personal Care,1210.7,532.4,0.0,16.96,35.5,Cold,0,Spring
2022-05-13,P0002,Personal Care,1053.1,157.6,0.0,26.29,0.0,Cold,0,Spring
2022-05-14,P0002,Personal Care,1952.8,817.4,1717.1,18.77,28.6,Rainy,1,Spring
2022-05-15,P0002,Personal Care,1390.6,562.2,0.0,16.65,36.7,Sunny,1,Spring
2022-05-16,P0002,Personal Care,1096.9,293.7,0.0,26.29,0.0,Rainy,0,Spring
2022-05-17,P0002,Personal Care,1952.8,202.3,1058.1,26.29,0.0,Sunny,0,Spring
2022-05-18,P0002,Personal Care,1834.0,118.8,0.0,26.29,0.0,Rainy,0,Spring
2022-05-19,P0002,Personal Care,1625.5,208.5,0.0,26.29,0.0,Sunny,0,Spring
2022-05-20,P0002,Personal Care,1042.8,582.7,0.0,18.85,28.3,Rainy,0,Spring
2022-05-21,P0002,Personal Care,1952.8,584.8,1494.8,20.81,20.8,Sunny,1,Spring
2022-05-22,P0002,Personal Care,1444.8,507.9,0.0,22.76,13.4,Hot,1,Spring
2022-05-23,P0002,Personal Care,1177.3,267.5,0.0,26.29,0.0,Hot,0,Spring
2022-05-24,P0002,Personal Care,1952.8,642.6,1418.0,17.23,34.5,Rainy,0,Spring
2022-05-25,P0002,Personal Care,1842.1,110.6,0.0,26.29,0.0,Sunny,0,Spring
2022-05-26,P0002,Personal Care,1550.8,291.4,0.0,26.29,0.0,Rainy,0,Spring
2022-05-27,P0002,Personal Care,1296.1,254.7,0.0,26.29,0.0,Hot,0,Spring
2022-05-28,P0002,Personal Care,1952.8,597.0,1253.6,21.17,19.5,Cold,1,Spring
2022-05-29,P0002,Personal Care,1256.0,696.7,0.0,15.83,39.8,Sunny,1,Spring
2022-05-30,P0002,Personal Care,1952.8,762.6,1459.4,17.0,35.3,Hot,0,Spring
2022-05-31,P0002,Personal Care,1484.9,467.8,0.0,21.92,16.6,Rainy,0,Spring
2022-06-01,P0002,Personal Care,1277.7,207.2,0.0,26.29,0.0,Hot,0,Summer
2022-06-02,P0002,Personal Care,1952.8,531.8,1206.9,19.44,26.1,Rainy,0,Summer
2022-06-03,P0002,Personal Care,1771.1,181.7,0.0,26.29,0.0,Rainy,0,Summer
2022-06-04,P0002,Personal Care,1163.5,607.6,0.0,20.1,23.6,Cold,1,Summer
2022-06-05,P0002,Personal Care,1952.8,425.7,1215.0,23.17,11.9,Rainy,1,Summer
2022-06-06,P0002,Personal Care,1696.3,256.5,0.0,26.29,0.0,Rainy,0,Summer
2022-06-07,P0002,Personal Care,1473.8,222.4,0.0,26.29,0.0,Rainy,0,Summer
2022-06-08,P0002,Personal Care,1124.3,349.5,0.0,20.11,23.5,Cold,0,Summer
2022-06-09,P0002,Personal Care,1952.8,180.4,1008.9,26.29,0.0,Cold,0,Summer
2022-06-10,P0002,Personal Care,1800.6,152.1,0.0,26.29,0.0,Cold,0,Summer
2022-06-11,P0002,Personal Care,1374.2,426.4,0.0,22.17,15.7,Sunny,1,Summer
2022-06-12,P0002,Personal Care,1952.8,497.6,1076.2,18.04,31.4,Cold,1,Summer
2022-06-13,P0002,Personal Care,1706.7,246.1,0.0,26.29,0.0,Cold,0,Summer
2022-06-14,P0002,Personal Care,1502.7,204.0,0.0,26.29,0.0,Rainy,0,Summer
2022-06-15,P0002,Personal Care,1398.4,104.2,0.0,26.29,0.0,Sunny,0,Summer
2022-06-16,P0002,Personal Care,1187.3,211.1,0.0,26.29,0.0,Rainy,0,Summer
2022-06-17,P0002,Personal Care,1043.7,143.6,0.0,26.29,0.0,Sunny,0,Summer
2022-06-18,P0002,Personal Care,1952.8,715.0,1624.0,19.23,26.9,Hot,1,Summer
2022-06-19,P0002,Personal Care,1576.7,376.0,0.0,21.5,18.2,Sunny,1,Summer
2022-06-20,P0002,Personal Care,1315.6,261.1,0.0,26.29,0.0,Rainy,0,Summer
2022-06-21,P0002,Personal Care,1149.9,165.7,0.0,26.29,0.0,Cold,0,Summer
2022-06-22,P0002,Personal Care,978.2,171.7,0.0,26.29,0.0,Hot,0,Summer
2022-06-23,P0002,Personal Care,1952.8,205.6,1180.2,26.29,0.0,Rainy,0,Summer
2022-06-24,P0002,Personal Care,1823.2,129.5,0.0,26.29,0.0,Sunny,0,Summer
2022-06-25,P0002,Personal Care,1370.6,452.6,0.0,22.5,14.4,Sunny,1,Summer
2022-06-26,P0002,Personal Care,1952.8,667.6,1249.7,16.45,37.4,Rainy,1,Summer
2022-06-27,P0002,Personal Care,1160.3,792.4,0.0,16.87,35.8,Hot,0,Summer
2022-06-28,P0002,Personal Care,997.8,162.6,0.0,26.29,0.0,Rainy,0,Summer
2022-06-29,P0002,Personal Care,1952.8,168.9,1123.9,26.29,0.0,Hot,0,Summer
2022-06-30,P0002,Personal Care,1789.8,162.9,0.0,26.29,0.0,Cold,0,Summer
