data/synthetic_patterned_dataset.csv
Date,Product ID,Category,Inventory Level,Units Sold,Units Ordered,Price,Discount,Weather Condition,Holiday/Promotion,Seasonality
2022-01-01,P0003,Groceries,596.3,123.7,0.0,43.97,22.0,Rainy,1,Winter
2022-01-02,P0003,Groceries,441.6,154.6,0.0,50.12,11.1,Rainy,1,Winter
2022-01-03,P0003,Groceries,392.3,49.4,0.0,56.38,0.0,Rainy,0,Winter
2022-01-04,P0003,Groceries,665.8,146.0,419.6,38.27,32.1,Rainy,0,Winter
2022-01-05,P0003,Groceries,594.7,71.1,0.0,56.38,0.0,Cold,0,Winter
2022-01-06,P0003,Groceries,503.3,91.4,0.0,56.38,0.0,Hot,0,Winter
2022-01-07,P0003,Groceries,429.1,74.2,0.0,56.38,0.0,Sunny,0,Winter
2022-01-08,P0003,Groceries,665.8,168.5,405.2,45.47,19.3,Hot,1,Winter
2022-01-09,P0003,Groceries,440.9,224.9,0.0,48.66,13.7,Hot,1,Winter
2022-01-10,P0003,Groceries,381.8,59.1,0.0,56.38,0.0,Rainy,0,Winter
2022-01-11,P0003,Groceries,665.8,67.4,351.4,56.38,0.0,Sunny,0,Winter
2022-01-12,P0003,Groceries,601.2,64.6,0.0,56.38,0.0,Sunny,0,Winter
2022-01-13,P0003,Groceries,443.0,158.2,0.0,35.6,36.8,Rainy,0,Winter
2022-01-14,P0003,Groceries,665.8,111.8,334.6,56.38,0.0,Hot,0,Winter
2022-01-15,P0003,Groceries,509.5,156.3,0.0,37.67,33.2,Rainy,1,Winter
2022-01-16,P0003,Groceries,665.8,215.4,371.7,44.69,20.7,Sunny,1,Winter
2022-01-17,P0003,Groceries,597.4,68.4,0.0,56.38,0.0,Rainy,0,Winter
2022-01-18,P0003,Groceries,544.0,53.4,0.0,56.38,0.0,Rainy,0,Winter
2022-01-19,P0003,Groceries,459.4,84.6,0.0,56.38,0.0,Cold,0,Winter
2022-01-20,P0003,Groceries,395.7,63.7,0.0,56.38,0.0,Rainy,0,Winter
2022-01-21,P0003,Groceries,665.8,84.2,354.3,56.38,0.0,Cold,0,Winter
2022-01-22,P0003,Groceries,491.6,174.2,0.0,38.49,31.7,Rainy,1,Winter
2022-01-23,P0003,Groceries,665.8,192.9,367.1,42.12,25.3,Sunny,1,Winter
2022-01-24,P0003,Groceries,613.8,52.0,0.0,56.38,0.0,Rainy,0,Winter
2022-01-25,P0003,Groceries,548.4,65.4,0.0,56.38,0.0,Sunny,0,Winter
2022-01-26,P0003,Groceries,472.4,76.0,0.0,56.38,0.0,Hot,0,Winter
2022-01-27,P0003,Groceries,364.7,107.7,0.0,45.33,19.6,Rainy,0,Winter
2022-01-28,P0003,Groceries,665.8,94.6,395.7,56.38,0.0,Cold,0,Winter
2022-01-29,P0003,Groceries,463.2,202.6,0.0,34.17,39.4,Rainy,1,Winter
2022-01-30,P0003,Groceries,665.8,156.3,358.9,50.37,10.7,Sunny,1,Winter
2022-01-31,P0003,Groceries,616.6,49.2,0.0,56.38,0.0,Cold,0,Winter
2022-02-01,P0003,Groceries,532.5,84.1,0.0,56.38,0.0,Hot,0,Winter
2022-02-02,P0003,Groceries,352.1,180.4,0.0,34.4,39.0,Sunny,0,Winter
2022-02-03,P0003,Groceries,665.8,52.9,366.7,56.38,0.0,Rainy,0,Winter
2022-02-04,P0003,Groceries,592.1,73.7,0.0,56.38,0.0,Rainy,0,Winter
2022-02-05,P0003,Groceries,355.1,237.0,0.0,33.97,39.7,Sunny,1,Winter
2022-02-06,P0003,Groceries,665.8,194.4,505.1,36.61,35.1,Sunny,1,Winter
2022-02-07,P0003,Groceries,608.8,57.0,0.0,56.38,0.0,Sunny,0,Winter
2022-02-08,P0003,Groceries,454.0,154.8,0.0,50.64,10.2,Cold,0,Winter
2022-02-09,P0003,Groceries,394.7,59.3,0.0,56.38,0.0,Hot,0,Winter
2022-02-10,P0003,Groceries,665.8,67.1,338.2,56.38,0.0,Sunny,0,Winter
2022-02-11,P0003,Groceries,598.7,67.1,0.0,56.38,0.0,Rainy,0,Winter
2022-02-12,P0003,Groceries,438.1,160.6,0.0,49.73,11.8,Sunny,1,Winter
2022-02-13,P0003,Groceries,665.8,138.5,366.2,47.76,15.3,Rainy,1,Winter
2022-02-14,P0003,Groceries,549.4,116.4,0.0,48.31,14.3,Rainy,1,Winter
2022-02-15,P0003,Groceries,347.3,202.1,0.0,44.3,21.4,Hot,0,Winter
2022-02-16,P0003,Groceries,665.8,65.9,384.4,56.38,0.0,Sunny,0,Winter
2022-02-17,P0003,Groceries,599.6,66.2,0.0,56.38,0.0,Rainy,0,Winter
2022-02-18,P0003,Groceries,492.0,107.6,0.0,43.14,23.5,Rainy,0,Winter
2022-02-19,P0003,Groceries,665.8,242.4,416.2,35.77,36.5,Hot,1,Winter
2022-02-20,P0003,Groceries,420.6,245.2,0.0,46.82,17.0,Hot,1,Winter
2022-02-21,P0003,Groceries,354.5,66.1,0.0,56.38,0.0,Sunny,0,Winter
2022-02-22,P0003,Groceries,665.8,52.1,363.4,56.38,0.0,Rainy,0,Winter
2022-02-23,P0003,Groceries,592.0,73.8,0.0,56.38,0.0,Sunny,0,Winter
2022-02-24,P0003,Groceries,507.9,84.2,0.0,56.38,0.0,Cold,0,Winter
2022-02-25,P0003,Groceries,352.4,155.4,0.0,35.09,37.8,Rainy,0,Winter
2022-02-26,P0003,Groceries,665.8,171.9,485.3,34.83,38.2,Rainy,1,Winter
2022-02-27,P0003,Groceries,491.7,174.1,0.0,39.12,30.6,Rainy,1,Winter
2022-02-28,P0003,Groceries,418.4,73.4,0.0,56.38,0.0,Sunny,0,Winter
2022-03-01,P0003,Groceries,346.0,72.3,0.0,56.38,0.0,Hot,0,Spring
2022-03-02,P0003,Groceries,665.8,85.0,404.8,56.38,0.0,Cold,0,Spring
2022-03-03,P0003,Groceries,583.8,82.0,0.0,56.38,0.0,Sunny,0,Spring
2022-03-04,P0003,Groceries,516.9,67.0,0.0,56.38,0.0,Sunny,0,Spring
2022-03-05,P0003,Groceries,665.8,186.4,335.3,34.36,39.1,Sunny,1,Spring
2022-03-06,P0003,Groceries,497.8,168.0,0.0,38.49,31.7,Rainy,1,Spring
2022-03-07,P0003,Groceries,436.6,61.3,0.0,56.38,0.0,Cold,0,Spring
2022-03-08,P0003,Groceries,374.3,62.3,0.0,56.38,0.0,Rainy,0,Spring
2022-03-09,P0003,Groceries,665.8,72.7,364.2,56.38,0.0,Sunny,0,Spring
2022-03-10,P0003,Groceries,576.5,89.3,0.0,56.38,0.0,Cold,0,Spring
2022-03-11,P0003,Groceries,501.4,75.1,0.0,56.38,0.0,Hot,0,Spring
2022-03-12,P0003,Groceries,384.0,117.5,0.0,48.86,13.3,Rainy,1,Spring
2022-03-13,P0003,Groceries,665.8,183.2,465.1,43.28,23.2,Sunny,1,Spring
2022-03-14,P0003,Groceries,547.4,118.4,0.0,45.14,19.9,Sunny,0,Spring
2022-03-15,P0003,Groceries,473.0,74.4,0.0,56.38,0.0,Hot,0,Spring
2022-03-16,P0003,Groceries,369.7,103.3,0.0,48.56,13.9,Sunny,0,Spring
2022-03-17,P0003,Groceries,665.8,84.7,380.8,56.38,0.0,Sunny,0,Spring
2022-03-18,P0003,Groceries,570.4,95.4,0.0,56.38,0.0,Hot,0,Spring
2022-03-19,P0003,Groceries,379.4,191.0,0.0,39.98,29.1,Rainy,1,Spring
2022-03-20,P0003,Groceries,665.8,173.5,459.9,44.37,21.3,Sunny,1,Spring
2022-03-21,P0003,Groceries,560.4,105.4,0.0,46.95,16.7,Sunny,0,Spring
2022-03-22,P0003,Groceries,506.7,53.6,0.0,56.38,0.0,Rainy,0,Spring
2022-03-23,P0003,Groceries,455.1,51.6,0.0,56.38,0.0,Hot,0,Spring
2022-03-24,P0003,Groceries,345.3,109.9,0.0,42.5,24.6,Rainy,0,Spring
2022-03-25,P0003,Groceries,665.8,81.5,402.0,56.38,0.0,Hot,0,Spring
2022-03-26,P0003,Groceries,447.4,218.4,0.0,49.17,12.8,Cold,1,Spring
2022-03-27,P0003,Groceries,665.8,181.2,399.6,43.93,22.1,Cold,1,Spring
2022-03-28,P0003,Groceries,571.3,94.5,0.0,56.38,0.0,Cold,0,Spring
2022-03-29,P0003,Groceries,510.3,61.1,0.0,56.38,0.0,Sunny,0,Spring
2022-03-30,P0003,Groceries,406.6,103.7,0.0,56.38,0.0,Cold,0,Spring
2022-03-31,P0003,Groceries,352.5,54.0,0.0,56.38,0.0,Rainy,0,Spring
2022-04-01,P0003,Groceries,665.8,95.6,408.8,56.38,0.0,Hot,0,Spring
2022-04-02,P0003,Groceries,547.1,118.7,0.0,48.72,13.6,Rainy,1,Spring
2022-04-03,P0003,Groceries,370.2,176.9,0.0,47.76,15.3,Sunny,1,Spring
2022-04-04,P0003,Groceries,665.8,105.6,401.2,38.18,32.3,Rainy,0,Spring
2022-04-05,P0003,Groceries,600.9,64.9,0.0,56.38,0.0,Rainy,0,Spring
2022-04-06,P0003,Groceries,442.1,158.8,0.0,41.85,25.8,Hot,0,Spring
2022-04-07,P0003,Groceries,376.5,65.7,0.0,56.38,0.0,Sunny,0,Spring
2022-04-08,P0003,Groceries,665.8,145.2,434.5,47.83,15.2,Sunny,0,Spring
2022-04-09,P0003,Groceries,447.1,218.7,0.0,40.08,28.9,Hot,1,Spring
2022-04-10,P0003,Groceries,665.8,146.7,365.4,48.28,14.4,Rainy,1,Spring
2022-04-11,P0003,Groceries,502.4,163.4,0.0,42.13,25.3,Hot,0,Spring
2022-04-12,P0003,Groceries,409.0,93.5,0.0,56.38,0.0,Hot,0,Spring
2022-04-13,P0003,Groceries,337.9,71.1,0.0,56.38,0.0,Sunny,0,Spring
2022-04-14,P0003,Groceries,665.8,99.4,427.3,45.69,19.0,Rainy,0,Spring
2022-04-15,P0003,Groceries,566.2,99.6,0.0,56.38,0.0,Cold,0,Spring
2022-04-16,P0003,Groceries,452.1,114.1,0.0,48.88,13.3,Sunny,1,Spring
2022-04-17,P0003,Groceries,665.8,252.1,465.8,39.35,30.2,Rainy,1,Spring
2022-04-18,P0003,Groceries,612.3,53.5,0.0,56.38,0.0,Sunny,0,Spring
2022-04-19,P0003,Groceries,547.2,65.1,0.0,56.38,0.0,Rainy,0,Spring
2022-04-20,P0003,Groceries,477.6,69.6,0.0,56.38,0.0,Sunny,0,Spring
2022-04-21,P0003,Groceries,426.8,50.8,0.0,56.38,0.0,Rainy,0,Spring
2022-04-22,P0003,Groceries,336.6,90.2,0.0,56.38,0.0,Sunny,0,Spring
2022-04-23,P0003,Groceries,665.8,198.1,527.3,39.3,30.3,Sunny,1,Spring
2022-04-24,P0003,Groceries,459.0,206.8,0.0,49.54,12.1,Sunny,1,Spring
2022-04-25,P0003,Groceries,397.3,61.7,0.0,56.38,0.0,Rainy,0,Spring
2022-04-26,P0003,Groceries,665.8,73.6,342.1,56.38,0.0,Sunny,0,Spring
2022-04-27,P0003,Groceries,616.4,49.4,0.0,56.38,0.0,Sunny,0,Spring
2022-04-28,P0003,Groceries,545.4,71.0,0.0,56.38,0.0,Sunny,0,Spring
2022-04-29,P0003,Groceries,485.3,60.0,0.0,56.38,0.0,Sunny,0,Spring
2022-04-30,P0003,Groceries,665.8,239.2,419.6,38.53,31.7,Hot,1,Spring
2022-05-01,P0003,Groceries,342.7,323.2,0.0,43.9,22.1,Cold,1,Spring
2022-05-02,P0003,Groceries,665.8,73.8,396.9,56.38,0.0,Rainy,0,Spring
2022-05-03,P0003,Groceries,594.0,71.8,0.0,56.38,0.0,Sunny,0,Spring
2022-05-04,P0003,Groceries,526.2,67.9,0.0,56.38,0.0,Sunny,0,Spring
2022-05-05,P0003,Groceries,356.7,169.5,0.0,50.55,10.3,Cold,0,Spring
2022-05-06,P0003,Groceries,665.8,61.0,370.1,56.38,0.0,Rainy,0,Spring
2022-05-07,P0003,Groceries,479.3,186.5,0.0,46.74,17.1,Hot,1,Spring
2022-05-08,P0003,Groceries,665.8,202.9,389.3,48.56,13.9,Sunny,1,Spring
2022-05-09,P0003,Groceries,609.7,56.1,0.0,56.38,0.0,Rainy,0,Spring
2022-05-10,P0003,Groceries,518.1,91.5,0.0,56.38,0.0,Hot,0,Spring
2022-05-11,P0003,Groceries,440.0,78.2,0.0,56.38,0.0,Hot,0,Spring
2022-05-12,P0003,Groceries,345.5,94.5,0.0,56.38,0.0,Cold,0,Spring
2022-05-13,P0003,Groceries,665.8,93.6,413.9,56.38,0.0,Cold,0,Spring
2022-05-14,P0003,Groceries,528.6,137.2,0.0,41.11,27.1,Rainy,1,Spring
2022-05-15,P0003,Groceries,665.8,222.2,359.4,41.18,27.0,Sunny,1,Spring
2022-05-16,P0003,Groceries,538.6,127.2,0.0,40.07,28.9,Rainy,0,Spring
2022-05-17,P0003,Groceries,459.6,79.0,0.0,56.38,0.0,Sunny,0,Spring
2022-05-18,P0003,Groceries,366.0,93.6,0.0,43.36,23.1,Rainy,0,Spring
2022-05-19,P0003,Groceries,665.8,71.1,370.9,56.38,0.0,Sunny,0,Spring
2022-05-20,P0003,Groceries,597.4,68.4,0.0,56.38,0.0,Rainy,0,Spring
2022-05-21,P0003,Groceries,410.8,186.6,0.0,38.24,32.2,Sunny,1,Spring
2022-05-22,P0003,Groceries,665.8,229.4,484.4,37.53,33.4,Hot,1,Spring
2022-05-23,P0003,Groceries,583.8,82.0,0.0,56.38,0.0,Hot,0,Spring
2022-05-24,P0003,Groceries,533.1,50.7,0.0,56.38,0.0,Rainy,0,Spring
2022-05-25,P0003,Groceries,457.2,75.9,0.0,56.38,0.0,Sunny,0,Spring
2022-05-26,P0003,Groceries,405.8,51.4,0.0,56.38,0.0,Rainy,0,Spring
2022-05-27,P0003,Groceries,665.8,133.9,393.9,36.0,36.1,Hot,0,Spring
2022-05-28,P0003,Groceries,477.7,188.1,0.0,48.43,14.1,Cold,1,Spring
2022-05-29,P0003,Groceries,665.8,166.1,354.2,44.71,20.7,Sunny,1,Spring
2022-05-30,P0003,Groceries,582.0,83.8,0.0,56.38,0.0,Hot,0,Spring
2022-05-31,P0003,Groceries,526.9,55.1,0.0,56.38,0.0,Rainy,0,Spring
2022-06-01,P0003,Groceries,464.6,62.2,0.0,56.38,0.0,Hot,0,Summer
2022-06-02,P0003,Groceries,410.1,54.6,0.0,56.38,0.0,Rainy,0,Summer
2022-06-03,P0003,Groceries,340.7,69.4,0.0,56.38,0.0,Rainy,0,Summer
2022-06-04,P0003,Groceries,665.8,193.1,518.2,39.96,29.1,Cold,1,Summer
2022-06-05,P0003,Groceries,508.7,157.1,0.0,44.54,21.0,Rainy,1,Summer
2022-06-06,P0003,Groceries,401.0,107.7,0.0,50.04,11.2,Rainy,0,Summer
2022-06-07,P0003,Groceries,348.7,52.3,0.0,56.38,0.0,Rainy,0,Summer
2022-06-08,P0003,Groceries,665.8,80.7,397.8,56.38,0.0,Cold,0,Summer
2022-06-09,P0003,Groceries,528.6,137.2,0.0,47.86,15.1,Cold,0,Summer
2022-06-10,P0003,Groceries,472.4,56.2,0.0,56.38,0.0,Cold,0,Summer
2022-06-11,P0003,Groceries,665.8,159.6,353.0,41.7,26.0,Sunny,1,Summer
2022-06-12,P0003,Groceries,359.0,306.8,0.0,35.45,37.1,Cold,1,Summer
2022-06-13,P0003,Groceries,665.8,116.1,423.0,56.38,0.0,Cold,0,Summer
2022-06-14,P0003,Groceries,595.7,70.1,0.0,56.38,0.0,Rainy,0,Summer
2022-06-15,P0003,Groceries,535.0,60.7,0.0,56.38,0.0,Sunny,0,Summer
2022-06-16,P0003,Groceries,461.1,74.0,0.0,56.38,0.0,Rainy,0,Summer
2022-06-17,P0003,Groceries,396.6,64.5,0.0,56.38,0.0,Sunny,0,Summer
2022-06-18,P0003,Groceries,665.8,159.8,429.0,43.51,22.8,Hot,1,Summer
2022-06-19,P0003,Groceries,411.4,254.4,0.0,39.58,29.8,Sunny,1,Summer
2022-06-20,P0003,Groceries,367.1,44.2,0.0,56.38,0.0,Rainy,0,Summer
2022-06-21,P0003,Groceries,665.8,93.0,391.7,56.38,0.0,Cold,0,Summer
2022-06-22,P0003,Groceries,580.5,85.3,0.0,56.38,0.0,Hot,0,Summer
2022-06-23,P0003,Groceries,512.4,68.2,0.0,56.38,0.0,Rainy,0,Summer
2022-06-24,P0003,Groceries,426.6,85.8,0.0,56.38,0.0,Sunny,0,Summer
2022-06-25,P0003,Groceries,665.8,180.8,420.0,43.37,23.1,Sunny,1,Summer
2022-06-26,P0003,Groceries,462.3,203.5,0.0,38.43,31.8,Rainy,1,Summer
2022-06-27,P0003,Groceries,665.8,150.0,353.4,36.58,35.1,Hot,0,Summer
2022-06-28,P0003,Groceries,621.8,44.0,0.0,56.38,0.0,Rainy,0,Summer
2022-06-29,P0003,Groceries,563.2,58.7,0.0,56.38,0.0,Hot,0,Summer
2022-06-30,P0003,Groceries,353.3,209.9,0.0,40.53,28.1,Cold,0,Summer
