data/synthetic_patterned_dataset.csv
Date,Product ID,Category,Inventory Level,Units Sold,Units Ordered,Price,Discount,Weather Condition,Holiday/Promotion,Seasonality
2022-01-01,P0004,Personal Care,1168.7,101.3,0.0,23.64,23.1,Rainy,1,Winter
2022-01-02,P0004,Personal Care,1042.0,126.7,0.0,20.75,32.5,Rainy,1,Winter
2022-01-03,P0004,Personal Care,967.5,74.5,0.0,30.74,0.0,Rainy,0,Winter
2022-01-04,P0004,Personal Care,917.3,50.2,0.0,30.74,0.0,Rainy,0,Winter
2022-01-05,P0004,Personal Care,843.2,74.1,0.0,30.74,0.0,Cold,0,Winter
2022-01-06,P0004,Personal Care,772.3,70.9,0.0,30.74,0.0,Hot,0,Winter
2022-01-07,P0004,Personal Care,710.3,62.0,0.0,30.74,0.0,Sunny,0,Winter
2022-01-08,P0004,Personal Care,612.1,98.2,0.0,25.7,16.4,Hot,1,Winter
2022-01-09,P0004,Personal Care,451.3,160.8,0.0,19.27,37.3,Hot,1,Winter
2022-01-10,P0004,Personal Care,378.1,73.2,0.0,30.74,0.0,Rainy,0,Winter
2022-01-11,P0004,Personal Care,696.8,54.7,373.4,30.74,0.0,Sunny,0,Winter
2022-01-12,P0004,Personal Care,627.9,68.9,0.0,30.74,0.0,Sunny,0,Winter
2022-01-13,P0004,Personal Care,549.6,78.2,0.0,30.74,0.0,Rainy,0,Winter
2022-01-14,P0004,Personal Care,492.4,57.2,0.0,30.74,0.0,Hot,0,Winter
2022-01-15,P0004,Personal Care,362.2,130.2,0.0,18.78,38.9,Rainy,1,Winter
2022-01-16,P0004,Personal Care,696.8,83.9,418.5,27.29,11.2,Sunny,1,Winter
2022-01-17,P0004,Personal Care,623.5,73.2,0.0,30.74,0.0,Rainy,0,Winter
2022-01-18,P0004,Personal Care,573.5,50.1,0.0,30.74,0.0,Rainy,0,Winter
2022-01-19,P0004,Personal Care,504.1,69.3,0.0,30.74,0.0,Cold,0,Winter
2022-01-20,P0004,Personal Care,420.9,83.2,0.0,30.74,0.0,Rainy,0,Winter
2022-01-21,P0004,Personal Care,365.4,55.6,0.0,30.74,0.0,Cold,0,Winter
2022-01-22,P0004,Personal Care,696.8,156.6,488.0,19.31,37.2,Rainy,1,Winter
2022-01-23,P0004,Personal Care,527.2,169.6,0.0,19.61,36.2,Sunny,1,Winter
2022-01-24,P0004,Personal Care,476.5,50.8,0.0,30.74,0.0,Rainy,0,Winter
2022-01-25,P0004,Personal Care,407.2,69.3,0.0,30.74,0.0,Sunny,0,Winter
2022-01-26,P0004,Personal Care,696.8,102.3,392.0,22.92,25.4,Hot,0,Winter
2022-01-27,P0004,Personal Care,620.7,76.1,0.0,30.74,0.0,Rainy,0,Winter
2022-01-28,P0004,Personal Care,553.5,67.3,0.0,30.74,0.0,Cold,0,Winter
2022-01-29,P0004,Personal Care,457.3,96.1,0.0,22.26,27.6,Rainy,1,Winter
2022-01-30,P0004,Personal Care,696.8,168.3,407.7,21.36,30.5,Sunny,1,Winter
2022-01-31,P0004,Personal Care,618.0,78.7,0.0,30.74,0.0,Cold,0,Winter
2022-02-01,P0004,Personal Care,550.0,68.1,0.0,30.74,0.0,Hot,0,Winter
2022-02-02,P0004,Personal Care,487.0,63.0,0.0,30.74,0.0,Sunny,0,Winter
2022-02-03,P0004,Personal Care,421.2,65.8,0.0,30.74,0.0,Rainy,0,Winter
2022-02-04,P0004,Personal Care,368.6,52.6,0.0,30.74,0.0,Rainy,0,Winter
2022-02-05,P0004,Personal Care,696.8,120.0,448.2,23.53,23.5,Sunny,1,Winter
2022-02-06,P0004,Personal Care,603.8,93.0,0.0,23.57,23.3,Sunny,1,Winter
2022-02-07,P0004,Personal Care,532.8,70.9,0.0,30.74,0.0,Sunny,0,Winter
2022-02-08,P0004,Personal Care,470.0,62.9,0.0,30.74,0.0,Cold,0,Winter
2022-02-09,P0004,Personal Care,407.3,62.6,0.0,30.74,0.0,Hot,0,Winter
2022-02-10,P0004,Personal Care,696.8,116.5,405.9,21.43,30.3,Sunny,0,Winter
2022-02-11,P0004,Personal Care,580.3,116.5,0.0,20.88,32.1,Rainy,0,Winter
2022-02-12,P0004,Personal Care,459.8,120.5,0.0,25.46,17.2,Sunny,1,Winter
2022-02-13,P0004,Personal Care,696.8,135.2,372.2,24.02,21.9,Rainy,1,Winter
2022-02-14,P0004,Personal Care,584.5,112.3,0.0,23.97,22.0,Rainy,1,Winter
2022-02-15,P0004,Personal Care,499.2,85.3,0.0,25.18,18.1,Hot,0,Winter
2022-02-16,P0004,Personal Care,438.4,60.9,0.0,30.74,0.0,Sunny,0,Winter
2022-02-17,P0004,Personal Care,375.1,63.3,0.0,30.74,0.0,Rainy,0,Winter
2022-02-18,P0004,Personal Care,696.8,61.9,383.6,30.74,0.0,Rainy,0,Winter
2022-02-19,P0004,Personal Care,622.2,74.6,0.0,20.41,33.6,Hot,1,Winter
2022-02-20,P0004,Personal Care,492.8,129.5,0.0,20.02,34.9,Hot,1,Winter
2022-02-21,P0004,Personal Care,696.8,152.3,356.3,20.61,32.9,Sunny,0,Winter
2022-02-22,P0004,Personal Care,620.9,75.9,0.0,30.74,0.0,Rainy,0,Winter
2022-02-23,P0004,Personal Care,541.5,79.4,0.0,30.74,0.0,Sunny,0,Winter
2022-02-24,P0004,Personal Care,472.6,68.9,0.0,30.74,0.0,Cold,0,Winter
2022-02-25,P0004,Personal Care,413.8,58.8,0.0,30.74,0.0,Rainy,0,Winter
2022-02-26,P0004,Personal Care,696.8,106.9,390.0,23.65,23.1,Rainy,1,Winter
2022-02-27,P0004,Personal Care,592.7,104.1,0.0,26.53,13.7,Rainy,1,Winter
2022-02-28,P0004,Personal Care,511.4,81.2,0.0,30.74,0.0,Sunny,0,Winter
2022-03-01,P0004,Personal Care,438.5,72.9,0.0,30.74,0.0,Hot,0,Spring
2022-03-02,P0004,Personal Care,696.8,95.0,353.3,30.74,0.0,Cold,0,Spring
2022-03-03,P0004,Personal Care,585.3,111.5,0.0,26.97,12.3,Sunny,0,Spring
2022-03-04,P0004,Personal Care,500.4,84.9,0.0,30.74,0.0,Sunny,0,Spring
2022-03-05,P0004,Personal Care,408.4,92.0,0.0,27.2,11.5,Sunny,1,Spring
2022-03-06,P0004,Personal Care,696.8,145.1,433.5,27.18,11.6,Rainy,1,Spring
2022-03-07,P0004,Personal Care,598.9,97.9,0.0,30.74,0.0,Cold,0,Spring
2022-03-08,P0004,Personal Care,427.5,171.3,0.0,25.01,18.6,Rainy,0,Spring
2022-03-09,P0004,Personal Care,696.8,82.4,351.7,30.74,0.0,Sunny,0,Spring
2022-03-10,P0004,Personal Care,638.1,58.7,0.0,30.74,0.0,Cold,0,Spring
2022-03-11,P0004,Personal Care,567.9,70.2,0.0,30.74,0.0,Hot,0,Spring
2022-03-12,P0004,Personal Care,405.2,162.7,0.0,21.43,30.3,Rainy,1,Spring
2022-03-13,P0004,Personal Care,696.8,110.5,402.1,27.04,12.0,Sunny,1,Spring
2022-03-14,P0004,Personal Care,587.9,108.9,0.0,30.74,0.0,Sunny,0,Spring
2022-03-15,P0004,Personal Care,512.3,75.7,0.0,30.74,0.0,Hot,0,Spring
2022-03-16,P0004,Personal Care,696.8,179.0,363.6,21.08,31.4,Sunny,0,Spring
2022-03-17,P0004,Personal Care,602.4,94.4,0.0,30.74,0.0,Sunny,0,Spring
2022-03-18,P0004,Personal Care,542.9,59.4,0.0,30.74,0.0,Hot,0,Spring
2022-03-19,P0004,Personal Care,447.6,95.3,0.0,23.26,24.3,Rainy,1,Spring
2022-03-20,P0004,Personal Care,696.8,178.9,428.1,26.69,13.2,Sunny,1,Spring
2022-03-21,P0004,Personal Care,634.2,62.6,0.0,30.74,0.0,Sunny,0,Spring
2022-03-22,P0004,Personal Care,565.2,69.1,0.0,30.74,0.0,Rainy,0,Spring
2022-03-23,P0004,Personal Care,511.5,53.7,0.0,30.74,0.0,Hot,0,Spring
2022-03-24,P0004,Personal Care,415.6,95.9,0.0,30.74,0.0,Rainy,0,Spring
2022-03-25,P0004,Personal Care,696.8,111.0,392.2,24.36,20.7,Hot,0,Spring
2022-03-26,P0004,Personal Care,538.8,158.0,0.0,20.36,33.8,Cold,1,Spring
2022-03-27,P0004,Personal Care,414.0,124.8,0.0,22.62,26.4,Cold,1,Spring
2022-03-28,P0004,Personal Care,696.8,80.0,362.7,30.74,0.0,Cold,0,Spring
2022-03-29,P0004,Personal Care,628.7,68.1,0.0,30.74,0.0,Sunny,0,Spring
2022-03-30,P0004,Personal Care,539.3,89.5,0.0,30.74,0.0,Cold,0,Spring
2022-03-31,P0004,Personal Care,452.6,86.7,0.0,30.74,0.0,Rainy,0,Spring
2022-04-01,P0004,Personal Care,387.1,65.5,0.0,30.74,0.0,Hot,0,Spring
2022-04-02,P0004,Personal Care,696.8,107.8,417.5,26.38,14.2,Rainy,1,Spring
2022-04-03,P0004,Personal Care,475.9,220.9,0.0,19.71,35.9,Sunny,1,Spring
2022-04-04,P0004,Personal Care,375.0,101.0,0.0,30.74,0.0,Rainy,0,Spring
2022-04-05,P0004,Personal Care,696.8,87.4,409.3,30.74,0.0,Rainy,0,Spring
2022-04-06,P0004,Personal Care,617.6,79.2,0.0,30.74,0.0,Hot,0,Spring
2022-04-07,P0004,Personal Care,538.8,78.7,0.0,30.74,0.0,Sunny,0,Spring
2022-04-08,P0004,Personal Care,464.9,73.9,0.0,23.75,22.7,Sunny,0,Spring
2022-04-09,P0004,Personal Care,357.7,107.2,0.0,25.7,16.4,Hot,1,Spring
2022-04-10,P0004,Personal Care,696.8,154.7,493.8,24.13,21.5,Rainy,1,Spring
2022-04-11,P0004,Personal Care,618.9,77.9,0.0,30.74,0.0,Hot,0,Spring
2022-04-12,P0004,Personal Care,529.8,89.1,0.0,27.21,11.5,Hot,0,Spring
2022-04-13,P0004,Personal Care,432.5,97.3,0.0,30.74,0.0,Sunny,0,Spring
2022-04-14,P0004,Personal Care,696.8,100.0,364.3,30.74,0.0,Rainy,0,Spring
2022-04-15,P0004,Personal Care,627.3,69.5,0.0,30.74,0.0,Cold,0,Spring
2022-04-16,P0004,Personal Care,511.0,116.3,0.0,24.34,20.8,Sunny,1,Spring
2022-04-17,P0004,Personal Care,422.1,88.9,0.0,23.4,23.9,Rainy,1,Spring
2022-04-18,P0004,Personal Care,696.8,104.5,379.2,30.74,0.0,Sunny,0,Spring
2022-04-19,P0004,Personal Care,580.3,116.5,0.0,26.69,13.2,Rainy,0,Spring
2022-04-20,P0004,Personal Care,443.2,137.1,0.0,24.56,20.1,Sunny,0,Spring
2022-04-21,P0004,Personal Care,368.5,74.7,0.0,30.74,0.0,Rainy,0,Spring
2022-04-22,P0004,Personal Care,696.8,82.8,411.1,30.74,0.0,Sunny,0,Spring
2022-04-23,P0004,Personal Care,558.4,138.4,0.0,21.62,29.7,Sunny,1,Spring
2022-04-24,P0004,Personal Care,395.5,162.9,0.0,20.12,34.5,Sunny,1,Spring
2022-04-25,P0004,Personal Care,696.8,94.3,395.7,30.74,0.0,Rainy,0,Spring
2022-04-26,P0004,Personal Care,627.2,69.6,0.0,30.74,0.0,Sunny,0,Spring
2022-04-27,P0004,Personal Care,529.1,98.1,0.0,30.74,0.0,Sunny,0,Spring
2022-04-28,P0004,Personal Care,434.4,94.6,0.0,30.74,0.0,Sunny,0,Spring
2022-04-29,P0004,Personal Care,360.6,73.8,0.0,30.74,0.0,Sunny,0,Spring
2022-04-30,P0004,Personal Care,696.8,121.2,457.4,26.2,14.8,Hot,1,Spring
2022-05-01,P0004,Personal Care,573.7,123.1,0.0,25.49,17.1,Cold,1,Spring
2022-05-02,P0004,Personal Care,499.0,74.7,0.0,30.74,0.0,Rainy,0,Spring
2022-05-03,P0004,Personal Care,422.7,76.4,0.0,30.74,0.0,Sunny,0,Spring
2022-05-04,P0004,Personal Care,696.8,81.8,356.0,30.74,0.0,Sunny,0,Spring
2022-05-05,P0004,Personal Care,612.5,84.3,0.0,30.74,0.0,Cold,0,Spring
2022-05-06,P0004,Personal Care,450.2,162.3,0.0,19.54,36.4,Rainy,0,Spring
2022-05-07,P0004,Personal Care,356.3,93.9,0.0,25.93,15.7,Hot,1,Spring
2022-05-08,P0004,Personal Care,696.8,119.0,459.5,23.34,24.1,Sunny,1,Spring
2022-05-09,P0004,Personal Care,607.2,89.6,0.0,30.74,0.0,Rainy,0,Spring
2022-05-10,P0004,Personal Care,544.8,62.5,0.0,30.74,0.0,Hot,0,Spring
2022-05-11,P0004,Personal Care,448.6,96.1,0.0,30.74,0.0,Hot,0,Spring
2022-05-12,P0004,Personal Care,363.2,85.5,0.0,30.74,0.0,Cold,0,Spring
2022-05-13,P0004,Personal Care,696.8,67.4,401.0,30.74,0.0,Cold,0,Spring
2022-05-14,P0004,Personal Care,548.6,148.2,0.0,22.29,27.5,Rainy,1,Spring
2022-05-15,P0004,Personal Care,386.5,162.1,0.0,22.51,26.8,Sunny,1,Spring
2022-05-16,P0004,Personal Care,696.8,95.0,405.3,30.74,0.0,Rainy,0,Spring
2022-05-17,P0004,Personal Care,553.0,143.8,0.0,23.65,23.1,Sunny,0,Spring
2022-05-18,P0004,Personal Care,481.0,71.9,0.0,30.74,0.0,Rainy,0,Spring
2022-05-19,P0004,Personal Care,419.5,61.6,0.0,30.74,0.0,Sunny,0,Spring
2022-05-20,P0004,Personal Care,696.8,75.8,353.1,30.74,0.0,Rainy,0,Spring
2022-05-21,P0004,Personal Care,546.7,150.1,0.0,23.83,22.5,Sunny,1,Spring
2022-05-22,P0004,Personal Care,436.4,110.3,0.0,25.85,15.9,Hot,1,Spring
2022-05-23,P0004,Personal Care,696.8,88.4,348.8,30.74,0.0,Hot,0,Spring
2022-05-24,P0004,Personal Care,572.6,124.2,0.0,26.36,14.2,Rainy,0,Spring
2022-05-25,P0004,Personal Care,469.8,102.7,0.0,30.74,0.0,Sunny,0,Spring
2022-05-26,P0004,Personal Care,385.1,84.7,0.0,30.74,0.0,Rainy,0,Spring
2022-05-27,P0004,Personal Care,696.8,67.9,379.6,30.74,0.0,Hot,0,Spring
2022-05-28,P0004,Personal Care,533.1,163.7,0.0,19.67,36.0,Cold,1,Spring
2022-05-29,P0004,Personal Care,403.8,129.3,0.0,23.8,22.6,Sunny,1,Spring
2022-05-30,P0004,Personal Care,696.8,88.3,381.3,30.74,0.0,Hot,0,Spring
2022-05-31,P0004,Personal Care,617.4,79.4,0.0,30.74,0.0,Rainy,0,Spring
2022-06-01,P0004,Personal Care,531.2,86.1,0.0,30.74,0.0,Hot,0,Summer
2022-06-02,P0004,Personal Care,443.1,88.1,0.0,30.74,0.0,Rainy,0,Summer
2022-06-03,P0004,Personal Care,379.3,63.8,0.0,30.74,0.0,Rainy,0,Summer
2022-06-04,P0004,Personal Care,696.8,202.7,520.1,19.21,37.5,Cold,1,Summer
2022-06-05,P0004,Personal Care,565.8,130.9,0.0,25.21,18.0,Rainy,1,Summer
2022-06-06,P0004,Personal Care,486.3,79.5,0.0,30.74,0.0,Rainy,0,Summer
2022-06-07,P0004,Personal Care,404.6,81.7,0.0,30.74,0.0,Rainy,0,Summer
2022-06-08,P0004,Personal Care,696.8,112.6,404.8,30.74,0.0,Cold,0,Summer
2022-06-09,P0004,Personal Care,579.9,116.9,0.0,30.74,0.0,Cold,0,Summer
2022-06-10,P0004,Personal Care,499.3,80.6,0.0,30.74,0.0,Cold,0,Summer
2022-06-11,P0004,Personal Care,696.8,217.4,414.9,19.58,36.3,Sunny,1,Summer
2022-06-12,P0004,Personal Care,407.1,289.7,0.0,18.93,38.4,Cold,1,Summer
2022-06-13,P0004,Personal Care,696.8,89.5,379.3,30.74,0.0,Cold,0,Summer
2022-06-14,P0004,Personal Care,626.5,70.3,0.0,30.74,0.0,Rainy,0,Summer
2022-06-15,P0004,Personal Care,539.1,87.3,0.0,30.74,0.0,Sunny,0,Summer
2022-06-16,P0004,Personal Care,458.1,81.0,0.0,30.74,0.0,Rainy,0,Summer
2022-06-17,P0004,Personal Care,370.3,87.8,0.0,30.74,0.0,Sunny,0,Summer
2022-06-18,P0004,Personal Care,696.8,142.2,468.7,25.12,18.3,Hot,1,Summer
2022-06-19,P0004,Personal Care,508.0,188.8,0.0,19.36,37.0,Sunny,1,Summer
2022-06-20,P0004,Personal Care,395.2,112.8,0.0,30.74,0.0,Rainy,0,Summer
2022-06-21,P0004,Personal Care,696.8,102.8,404.4,25.27,17.8,Cold,0,Summer
2022-06-22,P0004,Personal Care,634.5,62.3,0.0,30.74,0.0,Hot,0,Summer
2022-06-23,P0004,Personal Care,544.0,90.5,0.0,30.74,0.0,Rainy,0,Summer
2022-06-24,P0004,Personal Care,469.2,74.8,0.0,30.74,0.0,Sunny,0,Summer
2022-06-25,P0004,Personal Care,362.3,106.9,0.0,26.01,15.4,Sunny,1,Summer
2022-06-26,P0004,Personal Care,696.8,138.1,472.5,23.49,23.6,Rainy,1,Summer
2022-06-27,P0004,Personal Care,550.5,146.3,0.0,23.61,23.2,Hot,0,Summer
2022-06-28,P0004,Personal Care,461.1,89.3,0.0,30.74,0.0,Rainy,0,Summer
2022-06-29,P0004,Personal Care,391.7,69.4,0.0,30.74,0.0,Hot,0,Summer
2022-06-30,P0004,Personal Care,696.8,109.6,414.6,30.74,0.0,Cold,0,Summer
