data/synthetic_patterned_dataset.csv
Date,Product ID,Category,Inventory Level,Units Sold,Units Ordered,Price,Discount,Weather Condition,Holiday/Promotion,Seasonality
2022-01-01,P0005,Personal Care,1347.6,288.7,786.5,43.74,39.3,Rainy,1,Winter
2022-01-02,P0005,Personal Care,1023.9,323.7,0.0,52.24,27.6,Rainy,1,Winter
2022-01-03,P0005,Personal Care,897.9,126.0,0.0,72.1,0.0,Rainy,0,Winter
2022-01-04,P0005,Personal Care,716.0,181.9,0.0,53.31,26.1,Rainy,0,Winter
2022-01-05,P0005,Personal Care,1347.6,175.9,807.5,72.1,0.0,Cold,0,Winter
2022-01-06,P0005,Personal Care,1239.2,108.4,0.0,72.1,0.0,Hot,0,Winter
2022-01-07,P0005,Personal Care,1081.4,157.8,0.0,72.1,0.0,Sunny,0,Winter
2022-01-08,P0005,Personal Care,1347.6,591.7,857.9,43.79,39.3,Hot,1,Winter
2022-01-09,P0005,Personal Care,1083.3,264.3,0.0,57.63,20.1,Hot,1,Winter
2022-01-10,P0005,Personal Care,948.4,134.9,0.0,72.1,0.0,Rainy,0,Winter
2022-01-11,P0005,Personal Care,835.6,112.7,0.0,72.1,0.0,Sunny,0,Winter
2022-01-12,P0005,Personal Care,1347.6,162.6,674.6,72.1,0.0,Sunny,0,Winter
2022-01-13,P0005,Personal Care,1222.6,125.0,0.0,72.1,0.0,Rainy,0,Winter
2022-01-14,P0005,Personal Care,1065.7,156.9,0.0,72.1,0.0,Hot,0,Winter
2022-01-15,P0005,Personal Care,803.7,262.0,0.0,49.08,31.9,Rainy,1,Winter
2022-01-16,P0005,Personal Care,1347.6,392.9,936.8,44.31,38.5,Sunny,1,Winter
2022-01-17,P0005,Personal Care,1239.1,108.5,0.0,72.1,0.0,Rainy,0,Winter
2022-01-18,P0005,Personal Care,1109.4,129.7,0.0,72.1,0.0,Rainy,0,Winter
2022-01-19,P0005,Personal Care,815.0,294.3,0.0,47.69,33.9,Cold,0,Winter
2022-01-20,P0005,Personal Care,675.8,139.3,0.0,72.1,0.0,Rainy,0,Winter
2022-01-21,P0005,Personal Care,1347.6,123.9,795.7,72.1,0.0,Cold,0,Winter
2022-01-22,P0005,Personal Care,991.6,356.0,0.0,59.16,17.9,Rainy,1,Winter
2022-01-23,P0005,Personal Care,1347.6,364.9,720.9,47.89,33.6,Sunny,1,Winter
2022-01-24,P0005,Personal Care,1141.6,206.0,0.0,47.96,33.5,Rainy,0,Winter
2022-01-25,P0005,Personal Care,1010.4,131.2,0.0,72.1,0.0,Sunny,0,Winter
2022-01-26,P0005,Personal Care,856.7,153.7,0.0,72.1,0.0,Hot,0,Winter
2022-01-27,P0005,Personal Care,712.6,144.1,0.0,72.1,0.0,Rainy,0,Winter
2022-01-28,P0005,Personal Care,1347.6,274.8,909.7,56.56,21.6,Cold,0,Winter
2022-01-29,P0005,Personal Care,977.2,370.4,0.0,44.79,37.9,Rainy,1,Winter
2022-01-30,P0005,Personal Care,683.5,293.8,0.0,43.68,39.4,Sunny,1,Winter
2022-01-31,P0005,Personal Care,1347.6,93.7,757.8,72.1,0.0,Cold,0,Winter
2022-02-01,P0005,Personal Care,1174.3,173.3,0.0,63.01,12.6,Hot,0,Winter
2022-02-02,P0005,Personal Care,1007.8,166.5,0.0,72.1,0.0,Sunny,0,Winter
2022-02-03,P0005,Personal Care,840.9,166.9,0.0,72.1,0.0,Rainy,0,Winter
2022-02-04,P0005,Personal Care,701.6,139.2,0.0,72.1,0.0,Rainy,0,Winter
2022-02-05,P0005,Personal Care,1347.6,293.3,939.3,56.26,22.0,Sunny,1,Winter
2022-02-06,P0005,Personal Care,1075.2,272.4,0.0,53.1,26.4,Sunny,1,Winter
2022-02-07,P0005,Personal Care,958.5,116.7,0.0,72.1,0.0,Sunny,0,Winter
2022-02-08,P0005,Personal Care,796.6,162.0,0.0,56.26,22.0,Cold,0,Winter
2022-02-09,P0005,Personal Care,1347.6,145.4,696.5,72.1,0.0,Hot,0,Winter
2022-02-10,P0005,Personal Care,1221.5,126.1,0.0,72.1,0.0,Sunny,0,Winter
2022-02-11,P0005,Personal Care,1078.2,143.3,0.0,72.1,0.0,Rainy,0,Winter
2022-02-12,P0005,Personal Care,705.2,373.0,0.0,50.81,29.5,Sunny,1,Winter
2022-02-13,P0005,Personal Care,1347.6,386.4,1028.8,43.98,39.0,Rainy,1,Winter
2022-02-14,P0005,Personal Care,1106.7,240.9,0.0,47.09,34.7,Rainy,1,Winter
2022-02-15,P0005,Personal Care,959.3,147.3,0.0,72.1,0.0,Hot,0,Winter
2022-02-16,P0005,Personal Care,760.8,198.6,0.0,72.1,0.0,Sunny,0,Winter
2022-02-17,P0005,Personal Care,1347.6,136.9,723.7,72.1,0.0,Rainy,0,Winter
2022-02-18,P0005,Personal Care,1131.5,216.2,0.0,48.19,33.2,Rainy,0,Winter
2022-02-19,P0005,Personal Care,714.0,417.5,0.0,53.78,25.4,Hot,1,Winter
2022-02-20,P0005,Personal Care,1347.6,316.6,950.2,53.61,25.6,Hot,1,Winter
2022-02-21,P0005,Personal Care,1219.9,127.7,0.0,72.1,0.0,Sunny,0,Winter
2022-02-22,P0005,Personal Care,1035.1,184.8,0.0,57.32,20.5,Rainy,0,Winter
2022-02-23,P0005,Personal Care,891.0,144.1,0.0,72.1,0.0,Sunny,0,Winter
2022-02-24,P0005,Personal Care,707.1,183.9,0.0,72.1,0.0,Cold,0,Winter
2022-02-25,P0005,Personal Care,1347.6,151.1,791.6,72.1,0.0,Rainy,0,Winter
2022-02-26,P0005,Personal Care,1011.4,336.2,0.0,50.42,30.1,Rainy,1,Winter
2022-02-27,P0005,Personal Care,707.5,304.0,0.0,55.89,22.5,Rainy,1,Winter
2022-02-28,P0005,Personal Care,1347.6,151.6,791.8,72.1,0.0,Sunny,0,Winter
2022-03-01,P0005,Personal Care,1228.7,118.9,0.0,72.1,0.0,Hot,0,Spring
2022-03-02,P0005,Personal Care,1082.2,146.5,0.0,72.1,0.0,Cold,0,Spring
2022-03-03,P0005,Personal Care,941.1,141.1,0.0,72.1,0.0,Sunny,0,Spring
2022-03-04,P0005,Personal Care,681.1,260.0,0.0,50.2,30.4,Sunny,0,Spring
2022-03-05,P0005,Personal Care,1347.6,262.3,928.8,56.68,21.4,Sunny,1,Spring
2022-03-06,P0005,Personal Care,1074.4,273.2,0.0,57.63,20.1,Rainy,1,Spring
2022-03-07,P0005,Personal Care,969.3,105.2,0.0,72.1,0.0,Cold,0,Spring
2022-03-08,P0005,Personal Care,685.4,283.9,0.0,44.05,38.9,Rainy,0,Spring
2022-03-09,P0005,Personal Care,1347.6,176.4,838.6,72.1,0.0,Sunny,0,Spring
2022-03-10,P0005,Personal Care,1199.3,148.3,0.0,72.1,0.0,Cold,0,Spring
2022-03-11,P0005,Personal Care,895.7,303.6,0.0,45.26,37.2,Hot,0,Spring
2022-03-12,P0005,Personal Care,1347.6,312.6,764.4,51.48,28.6,Rainy,1,Spring
2022-03-13,P0005,Personal Care,1138.6,209.0,0.0,44.66,38.1,Sunny,1,Spring
2022-03-14,P0005,Personal Care,1003.5,135.1,0.0,72.1,0.0,Sunny,0,Spring
2022-03-15,P0005,Personal Care,853.0,150.5,0.0,72.1,0.0,Hot,0,Spring
2022-03-16,P0005,Personal Care,704.9,148.1,0.0,72.1,0.0,Sunny,0,Spring
2022-03-17,P0005,Personal Care,1347.6,129.3,772.0,72.1,0.0,Sunny,0,Spring
2022-03-18,P0005,Personal Care,1038.5,309.1,0.0,47.85,33.6,Hot,0,Spring
2022-03-19,P0005,Personal Care,1347.6,379.0,688.1,43.67,39.4,Rainy,1,Spring
2022-03-20,P0005,Personal Care,1036.6,311.0,0.0,53.8,25.4,Sunny,1,Spring
2022-03-21,P0005,Personal Care,906.4,130.2,0.0,72.1,0.0,Sunny,0,Spring
2022-03-22,P0005,Personal Care,763.4,143.1,0.0,72.1,0.0,Rainy,0,Spring
2022-03-23,P0005,Personal Care,1347.6,145.7,729.9,72.1,0.0,Hot,0,Spring
2022-03-24,P0005,Personal Care,1241.6,106.0,0.0,72.1,0.0,Rainy,0,Spring
2022-03-25,P0005,Personal Care,1095.0,146.6,0.0,72.1,0.0,Hot,0,Spring
2022-03-26,P0005,Personal Care,701.2,393.8,0.0,54.46,24.5,Cold,1,Spring
2022-03-27,P0005,Personal Care,1347.6,252.3,898.7,59.47,17.5,Cold,1,Spring
2022-03-28,P0005,Personal Care,1249.2,98.4,0.0,72.1,0.0,Cold,0,Spring
2022-03-29,P0005,Personal Care,1146.8,102.5,0.0,72.1,0.0,Sunny,0,Spring
2022-03-30,P0005,Personal Care,989.9,156.9,0.0,72.1,0.0,Cold,0,Spring
2022-03-31,P0005,Personal Care,842.9,147.0,0.0,72.1,0.0,Rainy,0,Spring
2022-04-01,P0005,Personal Care,1347.6,170.7,675.4,72.1,0.0,Hot,0,Spring
2022-04-02,P0005,Personal Care,1043.8,303.9,0.0,63.86,11.4,Rainy,1,Spring
2022-04-03,P0005,Personal Care,1347.6,394.1,698.0,43.61,39.5,Sunny,1,Spring
2022-04-04,P0005,Personal Care,1196.7,150.9,0.0,72.1,0.0,Rainy,0,Spring
2022-04-05,P0005,Personal Care,1072.1,124.6,0.0,72.1,0.0,Rainy,0,Spring
2022-04-06,P0005,Personal Care,892.3,179.8,0.0,72.1,0.0,Hot,0,Spring
2022-04-07,P0005,Personal Care,751.3,141.0,0.0,72.1,0.0,Sunny,0,Spring
2022-04-08,P0005,Personal Care,1347.6,192.5,788.8,72.1,0.0,Sunny,0,Spring
2022-04-09,P0005,Personal Care,1023.2,324.4,0.0,60.49,16.1,Hot,1,Spring
2022-04-10,P0005,Personal Care,777.5,245.7,0.0,57.29,20.6,Rainy,1,Spring
2022-04-11,P0005,Personal Care,1347.6,153.8,723.8,72.1,0.0,Hot,0,Spring
2022-04-12,P0005,Personal Care,1199.8,147.8,0.0,72.1,0.0,Hot,0,Spring
2022-04-13,P0005,Personal Care,1066.9,132.9,0.0,72.1,0.0,Sunny,0,Spring
2022-04-14,P0005,Personal Care,960.4,106.5,0.0,72.1,0.0,Rainy,0,Spring
2022-04-15,P0005,Personal Care,771.0,189.4,0.0,72.1,0.0,Cold,0,Spring
2022-04-16,P0005,Personal Care,1347.6,306.1,882.6,59.34,17.7,Sunny,1,Spring
2022-04-17,P0005,Personal Care,1112.1,235.5,0.0,63.79,11.5,Rainy,1,Spring
2022-04-18,P0005,Personal Care,1014.3,97.8,0.0,72.1,0.0,Sunny,0,Spring
2022-04-19,P0005,Personal Care,866.5,147.8,0.0,72.1,0.0,Rainy,0,Spring
2022-04-20,P0005,Personal Care,703.0,163.5,0.0,72.1,0.0,Sunny,0,Spring
2022-04-21,P0005,Personal Care,1347.6,139.7,784.3,72.1,0.0,Rainy,0,Spring
2022-04-22,P0005,Personal Care,1182.0,165.6,0.0,72.1,0.0,Sunny,0,Spring
2022-04-23,P0005,Personal Care,923.6,258.4,0.0,48.72,32.4,Sunny,1,Spring
2022-04-24,P0005,Personal Care,1347.6,438.3,862.3,44.78,37.9,Sunny,1,Spring
2022-04-25,P0005,Personal Care,1218.0,129.6,0.0,72.1,0.0,Rainy,0,Spring
2022-04-26,P0005,Personal Care,1099.9,118.0,0.0,72.1,0.0,Sunny,0,Spring
2022-04-27,P0005,Personal Care,990.3,109.7,0.0,72.1,0.0,Sunny,0,Spring
2022-04-28,P0005,Personal Care,721.6,268.7,0.0,50.39,30.1,Sunny,0,Spring
2022-04-29,P0005,Personal Care,1347.6,150.5,776.5,72.1,0.0,Sunny,0,Spring
2022-04-30,P0005,Personal Care,966.3,381.3,0.0,55.25,23.4,Hot,1,Spring
2022-05-01,P0005,Personal Care,1347.6,333.8,715.2,56.41,21.8,Cold,1,Spring
2022-05-02,P0005,Personal Care,1242.7,104.9,0.0,72.1,0.0,Rainy,0,Spring
2022-05-03,P0005,Personal Care,1136.3,106.4,0.0,72.1,0.0,Sunny,0,Spring
2022-05-04,P0005,Personal Care,991.7,144.5,0.0,72.1,0.0,Sunny,0,Spring
2022-05-05,P0005,Personal Care,846.1,145.6,0.0,72.1,0.0,Cold,0,Spring
2022-05-06,P0005,Personal Care,681.7,164.4,0.0,72.1,0.0,Rainy,0,Spring
2022-05-07,P0005,Personal Care,1347.6,396.3,1062.2,63.15,12.4,Hot,1,Spring
2022-05-08,P0005,Personal Care,1113.5,234.1,0.0,52.24,27.6,Sunny,1,Spring
2022-05-09,P0005,Personal Care,990.0,123.5,0.0,72.1,0.0,Rainy,0,Spring
2022-05-10,P0005,Personal Care,877.6,112.3,0.0,72.1,0.0,Hot,0,Spring
2022-05-11,P0005,Personal Care,738.3,139.3,0.0,72.1,0.0,Hot,0,Spring
2022-05-12,P0005,Personal Care,1347.6,123.3,732.6,72.1,0.0,Cold,0,Spring
2022-05-13,P0005,Personal Care,1213.1,134.5,0.0,72.1,0.0,Cold,0,Spring
2022-05-14,P0005,Personal Care,820.4,392.7,0.0,54.9,23.9,Rainy,1,Spring
2022-05-15,P0005,Personal Care,1347.6,262.7,789.9,63.14,12.4,Sunny,1,Spring
2022-05-16,P0005,Personal Care,1220.2,127.4,0.0,72.1,0.0,Rainy,0,Spring
2022-05-17,P0005,Personal Care,1124.1,96.0,0.0,72.1,0.0,Sunny,0,Spring
2022-05-18,P0005,Personal Care,873.7,250.4,0.0,51.3,28.9,Rainy,0,Spring
2022-05-19,P0005,Personal Care,715.5,158.3,0.0,72.1,0.0,Sunny,0,Spring
2022-05-20,P0005,Personal Care,1347.6,177.0,809.1,72.1,0.0,Rainy,0,Spring
2022-05-21,P0005,Personal Care,1076.0,271.6,0.0,59.93,16.9,Sunny,1,Spring
2022-05-22,P0005,Personal Care,797.9,278.1,0.0,62.61,13.2,Hot,1,Spring
2022-05-23,P0005,Personal Care,1347.6,240.3,790.0,50.0,30.7,Hot,0,Spring
2022-05-24,P0005,Personal Care,1230.1,117.5,0.0,72.1,0.0,Rainy,0,Spring
2022-05-25,P0005,Personal Care,1097.6,132.4,0.0,72.1,0.0,Sunny,0,Spring
2022-05-26,P0005,Personal Care,967.1,130.6,0.0,72.1,0.0,Rainy,0,Spring
2022-05-27,P0005,Personal Care,771.1,195.9,0.0,72.1,0.0,Hot,0,Spring
2022-05-28,P0005,Personal Care,1347.6,270.5,847.0,57.69,20.0,Cold,1,Spring
2022-05-29,P0005,Personal Care,1081.6,266.0,0.0,50.1,30.5,Sunny,1,Spring
2022-05-30,P0005,Personal Care,961.9,119.7,0.0,72.1,0.0,Hot,0,Spring
2022-05-31,P0005,Personal Care,855.0,106.9,0.0,72.1,0.0,Rainy,0,Spring
2022-06-01,P0005,Personal Care,747.7,107.2,0.0,72.1,0.0,Hot,0,Summer
2022-06-02,P0005,Personal Care,1347.6,171.8,771.7,72.1,0.0,Rainy,0,Summer
2022-06-03,P0005,Personal Care,1205.6,142.0,0.0,72.1,0.0,Rainy,0,Summer
2022-06-04,P0005,Personal Care,878.6,327.1,0.0,61.57,14.6,Cold,1,Summer
2022-06-05,P0005,Personal Care,1347.6,338.2,807.3,47.04,34.8,Rainy,1,Summer
2022-06-06,P0005,Personal Care,1261.4,86.2,0.0,72.1,0.0,Rainy,0,Summer
2022-06-07,P0005,Personal Care,1150.1,111.3,0.0,72.1,0.0,Rainy,0,Summer
2022-06-08,P0005,Personal Care,998.5,151.5,0.0,72.1,0.0,Cold,0,Summer
2022-06-09,P0005,Personal Care,748.7,249.8,0.0,46.85,35.0,Cold,0,Summer
2022-06-10,P0005,Personal Care,1347.6,187.3,786.2,45.96,36.3,Cold,0,Summer
2022-06-11,P0005,Personal Care,1008.6,339.0,0.0,47.43,34.2,Sunny,1,Summer
2022-06-12,P0005,Personal Care,744.9,263.6,0.0,59.49,17.5,Cold,1,Summer
2022-06-13,P0005,Personal Care,1347.6,147.2,749.9,72.1,0.0,Cold,0,Summer
2022-06-14,P0005,Personal Care,1184.4,163.2,0.0,72.1,0.0,Rainy,0,Summer
2022-06-15,P0005,Personal Care,1036.0,148.4,0.0,72.1,0.0,Sunny,0,Summer
2022-06-16,P0005,Personal Care,904.4,131.6,0.0,72.1,0.0,Rainy,0,Summer
2022-06-17,P0005,Personal Care,756.0,148.4,0.0,72.1,0.0,Sunny,0,Summer
2022-06-18,P0005,Personal Care,1347.6,548.9,1140.5,45.03,37.5,Hot,1,Summer
2022-06-19,P0005,Personal Care,1151.6,196.0,0.0,62.42,13.4,Sunny,1,Summer
2022-06-20,P0005,Personal Care,1006.2,145.3,0.0,72.1,0.0,Rainy,0,Summer
2022-06-21,P0005,Personal Care,866.6,139.6,0.0,72.1,0.0,Cold,0,Summer
2022-06-22,P0005,Personal Care,1347.6,207.0,688.0,72.1,0.0,Hot,0,Summer
2022-06-23,P0005,Personal Care,1194.9,152.7,0.0,72.1,0.0,Rainy,0,Summer
2022-06-24,P0005,Personal Care,1024.4,170.5,0.0,72.1,0.0,Sunny,0,Summer
2022-06-25,P0005,Personal Care,1347.6,359.7,683.0,48.65,32.5,Sunny,1,Summer
2022-06-26,P0005,Personal Care,980.6,367.1,0.0,45.92,36.3,Rainy,1,Summer
2022-06-27,P0005,Personal Care,696.5,284.0,0.0,54.37,24.6,Hot,0,Summer
2022-06-28,P0005,Personal Care,1347.6,128.8,779.9,72.1,0.0,Rainy,0,Summer
2022-06-29,P0005,Personal Care,1150.3,197.3,0.0,72.1,0.0,Hot,0,Summer
2022-06-30,P0005,Personal Care,988.6,161.7,0.0,72.1,0.0,Cold,0,Summer
