data/synthetic_patterned_dataset.csv
Date,Product ID,Category,Inventory Level,Units Sold,Units Ordered,Price,Discount,Weather Condition,Holiday/Promotion,Seasonality
2022-01-01,P0006,Personal Care,1012.1,359.8,0.0,32.33,37.7,Rainy,1,Winter
2022-01-02,P0006,Personal Care,1897.1,349.1,1234.1,42.97,17.2,Rainy,1,Winter
2022-01-03,P0006,Personal Care,1744.8,152.4,0.0,51.92,0.0,Rainy,0,Winter
2022-01-04,P0006,Personal Care,1625.2,119.6,0.0,51.92,0.0,Rainy,0,Winter
2022-01-05,P0006,Personal Care,1235.0,390.1,0.0,38.85,25.2,Cold,0,Winter
2022-01-06,P0006,Personal Care,1044.6,190.4,0.0,51.92,0.0,Hot,0,Winter
2022-01-07,P0006,Personal Care,1897.1,141.6,994.1,51.92,0.0,Sunny,0,Winter
2022-01-08,P0006,Personal Care,1634.9,262.3,0.0,38.39,26.1,Hot,1,Winter
2022-01-09,P0006,Personal Care,1134.0,500.9,0.0,33.79,34.9,Hot,1,Winter
2022-01-10,P0006,Personal Care,1897.1,268.7,1031.8,39.19,24.5,Rainy,0,Winter
2022-01-11,P0006,Personal Care,1750.7,146.4,0.0,51.92,0.0,Sunny,0,Winter
2022-01-12,P0006,Personal Care,1501.5,249.2,0.0,51.92,0.0,Sunny,0,Winter
2022-01-13,P0006,Personal Care,1361.7,139.8,0.0,51.92,0.0,Rainy,0,Winter
2022-01-14,P0006,Personal Care,1185.9,175.8,0.0,51.92,0.0,Hot,0,Winter
2022-01-15,P0006,Personal Care,1897.1,284.1,995.4,35.44,31.7,Rainy,1,Winter
2022-01-16,P0006,Personal Care,1471.8,425.3,0.0,42.07,19.0,Sunny,1,Winter
2022-01-17,P0006,Personal Care,1367.4,104.4,0.0,51.92,0.0,Rainy,0,Winter
2022-01-18,P0006,Personal Care,1268.8,98.6,0.0,51.92,0.0,Rainy,0,Winter
2022-01-19,P0006,Personal Care,1083.1,185.7,0.0,51.92,0.0,Cold,0,Winter
2022-01-20,P0006,Personal Care,967.5,115.6,0.0,51.92,0.0,Rainy,0,Winter
2022-01-21,P0006,Personal Care,1897.1,333.9,1263.6,36.79,29.1,Cold,0,Winter
2022-01-22,P0006,Personal Care,1542.9,354.2,0.0,41.01,21.0,Rainy,1,Winter
2022-01-23,P0006,Personal Care,1066.6,476.3,0.0,38.92,25.0,Sunny,1,Winter
2022-01-24,P0006,Personal Care,1897.1,120.2,950.8,51.92,0.0,Rainy,0,Winter
2022-01-25,P0006,Personal Care,1726.7,170.4,0.0,51.92,0.0,Sunny,0,Winter
2022-01-26,P0006,Personal Care,1492.2,234.5,0.0,51.92,0.0,Hot,0,Winter
2022-01-27,P0006,Personal Care,1189.4,302.8,0.0,31.7,39.0,Rainy,0,Winter
2022-01-28,P0006,Personal Care,1023.2,166.2,0.0,51.92,0.0,Cold,0,Winter
2022-01-29,P0006,Personal Care,1897.1,311.6,1185.5,39.54,23.9,Rainy,1,Winter
2022-01-30,P0006,Personal Care,1578.7,318.4,0.0,34.4,33.8,Sunny,1,Winter
2022-01-31,P0006,Personal Care,1433.1,145.6,0.0,51.92,0.0,Cold,0,Winter
2022-02-01,P0006,Personal Care,1219.1,214.1,0.0,51.92,0.0,Hot,0,Winter
2022-02-02,P0006,Personal Care,1003.5,215.5,0.0,51.92,0.0,Sunny,0,Winter
2022-02-03,P0006,Personal Care,1897.1,134.8,1028.4,51.92,0.0,Rainy,0,Winter
2022-02-04,P0006,Personal Care,1731.7,165.4,0.0,51.92,0.0,Rainy,0,Winter
2022-02-05,P0006,Personal Care,1504.2,227.5,0.0,45.68,12.0,Sunny,1,Winter
2022-02-06,P0006,Personal Care,1212.1,292.1,0.0,46.25,10.9,Sunny,1,Winter
2022-02-07,P0006,Personal Care,1107.9,104.2,0.0,51.92,0.0,Sunny,0,Winter
2022-02-08,P0006,Personal Care,952.8,155.1,0.0,51.92,0.0,Cold,0,Winter
2022-02-09,P0006,Personal Care,1897.1,217.2,1161.5,51.92,0.0,Hot,0,Winter
2022-02-10,P0006,Personal Care,1781.3,115.9,0.0,51.92,0.0,Sunny,0,Winter
2022-02-11,P0006,Personal Care,1606.7,174.6,0.0,51.92,0.0,Rainy,0,Winter
2022-02-12,P0006,Personal Care,1214.7,392.0,0.0,43.54,16.1,Sunny,1,Winter
2022-02-13,P0006,Personal Care,1897.1,301.4,983.8,41.9,19.3,Rainy,1,Winter
2022-02-14,P0006,Personal Care,1600.9,296.2,0.0,42.75,17.7,Rainy,1,Winter
2022-02-15,P0006,Personal Care,1465.1,135.8,0.0,51.92,0.0,Hot,0,Winter
2022-02-16,P0006,Personal Care,1206.5,258.6,0.0,51.92,0.0,Sunny,0,Winter
2022-02-17,P0006,Personal Care,1071.6,134.9,0.0,51.92,0.0,Rainy,0,Winter
2022-02-18,P0006,Personal Care,1897.1,431.0,1256.5,36.95,28.8,Rainy,0,Winter
2022-02-19,P0006,Personal Care,1613.9,283.2,0.0,43.52,16.2,Hot,1,Winter
2022-02-20,P0006,Personal Care,1213.4,400.5,0.0,39.53,23.9,Hot,1,Winter
2022-02-21,P0006,Personal Care,1037.6,175.8,0.0,51.92,0.0,Sunny,0,Winter
2022-02-22,P0006,Personal Care,1897.1,159.9,1019.4,51.92,0.0,Rainy,0,Winter
2022-02-23,P0006,Personal Care,1729.1,168.1,0.0,51.92,0.0,Sunny,0,Winter
2022-02-24,P0006,Personal Care,1621.6,107.5,0.0,51.92,0.0,Cold,0,Winter
2022-02-25,P0006,Personal Care,1476.3,145.3,0.0,51.92,0.0,Rainy,0,Winter
2022-02-26,P0006,Personal Care,1128.6,347.7,0.0,34.43,33.7,Rainy,1,Winter
2022-02-27,P0006,Personal Care,1897.1,365.5,1134.1,33.99,34.5,Rainy,1,Winter
2022-02-28,P0006,Personal Care,1748.1,149.1,0.0,51.92,0.0,Sunny,0,Winter
2022-03-01,P0006,Personal Care,1586.3,161.7,0.0,51.92,0.0,Hot,0,Spring
2022-03-02,P0006,Personal Care,1403.5,182.8,0.0,51.92,0.0,Cold,0,Spring
2022-03-03,P0006,Personal Care,1245.2,158.4,0.0,51.92,0.0,Sunny,0,Spring
2022-03-04,P0006,Personal Care,1058.1,187.0,0.0,51.92,0.0,Sunny,0,Spring
2022-03-05,P0006,Personal Care,1897.1,305.6,1144.6,41.82,19.4,Sunny,1,Spring
2022-03-06,P0006,Personal Care,1463.4,433.7,0.0,31.96,38.4,Rainy,1,Spring
2022-03-07,P0006,Personal Care,1239.7,223.7,0.0,45.0,13.3,Cold,0,Spring
2022-03-08,P0006,Personal Care,1072.8,166.9,0.0,51.92,0.0,Rainy,0,Spring
2022-03-09,P0006,Personal Care,1897.1,482.4,1306.7,32.33,37.7,Sunny,0,Spring
2022-03-10,P0006,Personal Care,1722.5,174.6,0.0,51.92,0.0,Cold,0,Spring
2022-03-11,P0006,Personal Care,1460.7,261.8,0.0,51.92,0.0,Hot,0,Spring
2022-03-12,P0006,Personal Care,1101.9,358.8,0.0,41.06,20.9,Rainy,1,Spring
2022-03-13,P0006,Personal Care,1897.1,310.7,1105.9,42.87,17.4,Sunny,1,Spring
2022-03-14,P0006,Personal Care,1540.9,356.2,0.0,39.09,24.7,Sunny,0,Spring
2022-03-15,P0006,Personal Care,1294.0,246.9,0.0,51.92,0.0,Hot,0,Spring
2022-03-16,P0006,Personal Care,1081.4,212.5,0.0,51.92,0.0,Sunny,0,Spring
2022-03-17,P0006,Personal Care,1897.1,172.5,988.3,51.92,0.0,Sunny,0,Spring
2022-03-18,P0006,Personal Care,1658.7,238.4,0.0,51.92,0.0,Hot,0,Spring
2022-03-19,P0006,Personal Care,1414.7,244.0,0.0,32.36,37.7,Rainy,1,Spring
2022-03-20,P0006,Personal Care,996.0,418.7,0.0,35.31,32.0,Sunny,1,Spring
2022-03-21,P0006,Personal Care,1897.1,212.1,1113.2,51.92,0.0,Sunny,0,Spring
2022-03-22,P0006,Personal Care,1498.8,398.3,0.0,35.73,31.2,Rainy,0,Spring
2022-03-23,P0006,Personal Care,1268.0,230.8,0.0,51.92,0.0,Hot,0,Spring
2022-03-24,P0006,Personal Care,1094.0,174.0,0.0,51.92,0.0,Rainy,0,Spring
2022-03-25,P0006,Personal Care,1897.1,212.5,1015.6,51.92,0.0,Hot,0,Spring
2022-03-26,P0006,Personal Care,1528.7,368.5,0.0,37.65,27.5,Cold,1,Spring
2022-03-27,P0006,Personal Care,1183.2,345.5,0.0,33.32,35.8,Cold,1,Spring
2022-03-28,P0006,Personal Care,1058.9,124.3,0.0,51.92,0.0,Cold,0,Spring
2022-03-29,P0006,Personal Care,1897.1,139.7,977.9,51.92,0.0,Sunny,0,Spring
2022-03-30,P0006,Personal Care,1758.3,138.8,0.0,51.92,0.0,Cold,0,Spring
2022-03-31,P0006,Personal Care,1636.6,121.7,0.0,51.92,0.0,Rainy,0,Spring
2022-04-01,P0006,Personal Care,1203.6,433.1,0.0,42.13,18.9,Hot,0,Spring
2022-04-02,P0006,Personal Care,1897.1,371.9,1065.5,34.83,32.9,Rainy,1,Spring
2022-04-03,P0006,Personal Care,1323.9,573.3,0.0,40.55,21.9,Sunny,1,Spring
2022-04-04,P0006,Personal Care,1021.7,302.2,0.0,40.71,21.6,Rainy,0,Spring
2022-04-05,P0006,Personal Care,1897.1,156.4,1031.9,51.92,0.0,Rainy,0,Spring
2022-04-06,P0006,Personal Care,1634.3,262.8,0.0,51.92,0.0,Hot,0,Spring
2022-04-07,P0006,Personal Care,1428.3,206.1,0.0,51.92,0.0,Sunny,0,Spring
2022-04-08,P0006,Personal Care,1228.1,200.1,0.0,51.92,0.0,Sunny,0,Spring
2022-04-09,P0006,Personal Care,1897.1,374.8,1043.7,40.2,22.6,Hot,1,Spring
2022-04-10,P0006,Personal Care,1509.1,388.1,0.0,37.42,27.9,Rainy,1,Spring
2022-04-11,P0006,Personal Care,1108.7,400.4,0.0,43.51,16.2,Hot,0,Spring
2022-04-12,P0006,Personal Care,1897.1,194.5,982.9,51.92,0.0,Hot,0,Spring
2022-04-13,P0006,Personal Care,1669.9,227.3,0.0,51.92,0.0,Sunny,0,Spring
2022-04-14,P0006,Personal Care,1508.1,161.8,0.0,51.92,0.0,Rainy,0,Spring
2022-04-15,P0006,Personal Care,1297.8,210.3,0.0,51.92,0.0,Cold,0,Spring
2022-04-16,P0006,Personal Care,1897.1,464.5,1063.8,34.78,33.0,Sunny,1,Spring
2022-04-17,P0006,Personal Care,1402.7,494.5,0.0,32.07,38.2,Rainy,1,Spring
2022-04-18,P0006,Personal Care,1251.6,151.1,0.0,51.92,0.0,Sunny,0,Spring
2022-04-19,P0006,Personal Care,1048.9,202.7,0.0,51.92,0.0,Rainy,0,Spring
2022-04-20,P0006,Personal Care,1897.1,214.1,1062.4,51.92,0.0,Sunny,0,Spring
2022-04-21,P0006,Personal Care,1770.8,126.4,0.0,51.92,0.0,Rainy,0,Spring
2022-04-22,P0006,Personal Care,1515.8,255.0,0.0,51.92,0.0,Sunny,0,Spring
2022-04-23,P0006,Personal Care,1006.4,509.4,0.0,36.81,29.1,Sunny,1,Spring
2022-04-24,P0006,Personal Care,1897.1,362.4,1253.1,40.39,22.2,Sunny,1,Spring
2022-04-25,P0006,Personal Care,1787.0,110.1,0.0,51.92,0.0,Rainy,0,Spring
2022-04-26,P0006,Personal Care,1301.7,485.3,0.0,34.82,32.9,Sunny,0,Spring
2022-04-27,P0006,Personal Care,1020.2,281.5,0.0,51.92,0.0,Sunny,0,Spring
2022-04-28,P0006,Personal Care,1897.1,136.5,1013.4,51.92,0.0,Sunny,0,Spring
2022-04-29,P0006,Personal Care,1711.3,185.9,0.0,51.92,0.0,Sunny,0,Spring
2022-04-30,P0006,Personal Care,1322.8,388.5,0.0,34.93,32.7,Hot,1,Spring
2022-05-01,P0006,Personal Care,1031.6,291.2,0.0,41.34,20.4,Cold,1,Spring
2022-05-02,P0006,Personal Care,1897.1,137.8,1003.4,51.92,0.0,Rainy,0,Spring
2022-05-03,P0006,Personal Care,1704.9,192.3,0.0,51.92,0.0,Sunny,0,Spring
2022-05-04,P0006,Personal Care,1436.2,268.6,0.0,51.92,0.0,Sunny,0,Spring
2022-05-05,P0006,Personal Care,1260.0,176.2,0.0,51.92,0.0,Cold,0,Spring
2022-05-06,P0006,Personal Care,1063.7,196.3,0.0,51.92,0.0,Rainy,0,Spring
2022-05-07,P0006,Personal Care,1897.1,391.5,1224.9,40.11,22.7,Hot,1,Spring
2022-05-08,P0006,Personal Care,1303.5,593.6,0.0,45.62,12.1,Sunny,1,Spring
2022-05-09,P0006,Personal Care,1149.4,154.1,0.0,51.92,0.0,Rainy,0,Spring
2022-05-10,P0006,Personal Care,1897.1,206.0,953.7,51.92,0.0,Hot,0,Spring
2022-05-11,P0006,Personal Care,1643.3,253.8,0.0,51.92,0.0,Hot,0,Spring
2022-05-12,P0006,Personal Care,1468.2,175.1,0.0,51.92,0.0,Cold,0,Spring
2022-05-13,P0006,Personal Care,1284.2,184.0,0.0,51.92,0.0,Cold,0,Spring
2022-05-14,P0006,Personal Care,1029.1,255.2,0.0,46.21,11.0,Rainy,1,Spring
2022-05-15,P0006,Personal Care,1897.1,503.2,1371.2,31.42,39.5,Sunny,1,Spring
2022-05-16,P0006,Personal Care,1775.1,122.0,0.0,51.92,0.0,Rainy,0,Spring
2022-05-17,P0006,Personal Care,1638.1,137.0,0.0,51.92,0.0,Sunny,0,Spring
2022-05-18,P0006,Personal Care,1393.9,244.2,0.0,51.92,0.0,Rainy,0,Spring
2022-05-19,P0006,Personal Care,1071.1,322.8,0.0,36.03,30.6,Sunny,0,Spring
2022-05-20,P0006,Personal Care,1897.1,172.1,998.1,51.92,0.0,Rainy,0,Spring
2022-05-21,P0006,Personal Care,1591.0,306.1,0.0,37.99,26.8,Sunny,1,Spring
2022-05-22,P0006,Personal Care,1062.3,528.7,0.0,44.76,13.8,Hot,1,Spring
2022-05-23,P0006,Personal Care,1897.1,160.7,995.6,51.92,0.0,Hot,0,Spring
2022-05-24,P0006,Personal Care,1557.4,339.7,0.0,35.47,31.7,Rainy,0,Spring
2022-05-25,P0006,Personal Care,1332.6,224.9,0.0,51.92,0.0,Sunny,0,Spring
2022-05-26,P0006,Personal Care,1166.9,165.6,0.0,51.92,0.0,Rainy,0,Spring
2022-05-27,P0006,Personal Care,1897.1,590.9,1321.2,35.09,32.4,Hot,0,Spring
2022-05-28,P0006,Personal Care,1560.7,336.4,0.0,33.19,36.1,Cold,1,Spring
2022-05-29,P0006,Personal Care,1073.4,487.3,0.0,39.13,24.6,Sunny,1,Spring
2022-05-30,P0006,Personal Care,961.0,112.3,0.0,51.92,0.0,Hot,0,Spring
2022-05-31,P0006,Personal Care,1897.1,175.6,1111.7,51.92,0.0,Rainy,0,Spring
2022-06-01,P0006,Personal Care,1377.9,519.3,0.0,40.09,22.8,Hot,0,Summer
2022-06-02,P0006,Personal Care,1195.0,182.9,0.0,51.92,0.0,Rainy,0,Summer
2022-06-03,P0006,Personal Care,949.3,245.7,0.0,51.92,0.0,Rainy,0,Summer
2022-06-04,P0006,Personal Care,1897.1,407.1,1355.0,32.11,38.2,Cold,1,Summer
2022-06-05,P0006,Personal Care,1421.1,476.0,0.0,40.52,22.0,Rainy,1,Summer
2022-06-06,P0006,Personal Care,1213.9,207.2,0.0,51.92,0.0,Rainy,0,Summer
2022-06-07,P0006,Personal Care,1050.4,163.6,0.0,51.92,0.0,Rainy,0,Summer
2022-06-08,P0006,Personal Care,1897.1,197.0,1043.7,51.92,0.0,Cold,0,Summer
2022-06-09,P0006,Personal Care,1697.8,199.3,0.0,51.92,0.0,Cold,0,Summer
2022-06-10,P0006,Personal Care,1472.6,225.2,0.0,51.92,0.0,Cold,0,Summer
2022-06-11,P0006,Personal Care,957.3,515.3,0.0,42.64,17.9,Sunny,1,Summer
2022-06-12,P0006,Personal Care,1897.1,587.9,1527.7,39.53,23.9,Cold,1,Summer
2022-06-13,P0006,Personal Care,1404.9,492.2,0.0,33.04,36.4,Cold,0,Summer
2022-06-14,P0006,Personal Care,1178.4,226.5,0.0,51.92,0.0,Rainy,0,Summer
2022-06-15,P0006,Personal Care,1897.1,547.6,1266.3,46.69,10.1,Sunny,0,Summer
2022-06-16,P0006,Personal Care,1515.6,381.5,0.0,37.32,28.1,Rainy,0,Summer
2022-06-17,P0006,Personal Care,1236.4,279.2,0.0,51.92,0.0,Sunny,0,Summer
2022-06-18,P0006,Personal Care,1897.1,478.6,1139.3,43.72,15.8,Hot,1,Summer
2022-06-19,P0006,Personal Care,1407.3,489.8,0.0,38.84,25.2,Sunny,1,Summer
2022-06-20,P0006,Personal Care,983.4,423.9,0.0,35.42,31.8,Rainy,0,Summer
2022-06-21,P0006,Personal Care,1897.1,180.5,1094.2,51.92,0.0,Cold,0,Summer
2022-06-22,P0006,Personal Care,1538.2,359.0,0.0,51.92,0.0,Hot,0,Summer
2022-06-23,P0006,Personal Care,1317.8,220.4,0.0,51.92,0.0,Rainy,0,Summer
2022-06-24,P0006,Personal Care,1035.0,282.8,0.0,51.92,0.0,Sunny,0,Summer
2022-06-25,P0006,Personal Care,1897.1,474.6,1336.7,40.99,21.1,Sunny,1,Summer
2022-06-26,P0006,Personal Care,1332.5,564.6,0.0,31.3,39.7,Rainy,1,Summer
2022-06-27,P0006,Personal Care,1100.1,232.5,0.0,51.92,0.0,Hot,0,Summer
2022-06-28,P0006,Personal Care,1897.1,198.4,995.4,51.92,0.0,Rainy,0,Summer
2022-06-29,P0006,Personal Care,1299.4,597.8,0.0,41.32,20.4,Hot,0,Summer
2022-06-30,P0006,Personal Care,1082.3,217.1,0.0,51.92,0.0,Cold,0,Summer
