data/synthetic_patterned_dataset.csv
Date,Product ID,Category,Inventory Level,Units Sold,Units Ordered,Price,Discount,Weather Condition,Holiday/Promotion,Seasonality
2022-01-01,P0007,Snacks,1636.0,158.7,0.0,21.05,17.6,Rainy,1,Winter
2022-01-02,P0007,Snacks,1497.3,138.7,0.0,21.07,17.5,Rainy,1,Winter
2022-01-03,P0007,Snacks,1406.1,91.2,0.0,25.55,0.0,Rainy,0,Winter
2022-01-04,P0007,Snacks,1332.6,73.5,0.0,25.55,0.0,Rainy,0,Winter
2022-01-05,P0007,Snacks,1234.0,98.6,0.0,25.55,0.0,Cold,0,Winter
2022-01-06,P0007,Snacks,1177.1,56.8,0.0,25.55,0.0,Hot,0,Winter
2022-01-07,P0007,Snacks,981.4,195.8,0.0,22.22,13.0,Sunny,0,Winter
2022-01-08,P0007,Snacks,788.2,193.2,0.0,20.7,19.0,Hot,1,Winter
2022-01-09,P0007,Snacks,479.7,308.4,0.0,17.06,33.2,Hot,1,Winter
2022-01-10,P0007,Snacks,951.3,68.1,539.7,25.55,0.0,Rainy,0,Winter
2022-01-11,P0007,Snacks,878.4,72.9,0.0,25.55,0.0,Sunny,0,Winter
2022-01-12,P0007,Snacks,801.8,76.7,0.0,25.55,0.0,Sunny,0,Winter
2022-01-13,P0007,Snacks,670.3,131.4,0.0,20.47,19.9,Rainy,0,Winter
2022-01-14,P0007,Snacks,951.3,202.6,483.6,20.11,21.3,Hot,0,Winter
2022-01-15,P0007,Snacks,774.8,176.5,0.0,21.46,16.0,Rainy,1,Winter
2022-01-16,P0007,Snacks,951.3,330.5,507.0,15.73,38.4,Sunny,1,Winter
2022-01-17,P0007,Snacks,874.0,77.4,0.0,25.55,0.0,Rainy,0,Winter
2022-01-18,P0007,Snacks,784.4,89.6,0.0,25.55,0.0,Rainy,0,Winter
2022-01-19,P0007,Snacks,686.4,98.0,0.0,25.55,0.0,Cold,0,Winter
2022-01-20,P0007,Snacks,607.8,78.5,0.0,25.55,0.0,Rainy,0,Winter
2022-01-21,P0007,Snacks,488.6,119.2,0.0,25.55,0.0,Cold,0,Winter
2022-01-22,P0007,Snacks,951.3,245.6,708.4,18.26,28.5,Rainy,1,Winter
2022-01-23,P0007,Snacks,686.0,265.4,0.0,18.86,26.2,Sunny,1,Winter
2022-01-24,P0007,Snacks,618.4,67.5,0.0,25.55,0.0,Rainy,0,Winter
2022-01-25,P0007,Snacks,522.0,96.4,0.0,25.55,0.0,Sunny,0,Winter
2022-01-26,P0007,Snacks,951.3,94.0,523.3,25.55,0.0,Hot,0,Winter
2022-01-27,P0007,Snacks,887.6,63.8,0.0,25.55,0.0,Rainy,0,Winter
2022-01-28,P0007,Snacks,675.9,211.7,0.0,17.91,29.9,Cold,0,Winter
2022-01-29,P0007,Snacks,484.0,191.9,0.0,19.66,23.1,Rainy,1,Winter
2022-01-30,P0007,Snacks,951.3,245.1,712.4,18.3,28.4,Sunny,1,Winter
2022-01-31,P0007,Snacks,819.8,131.5,0.0,25.55,0.0,Cold,0,Winter
2022-02-01,P0007,Snacks,715.5,104.3,0.0,25.55,0.0,Hot,0,Winter
2022-02-02,P0007,Snacks,598.6,116.9,0.0,25.55,0.0,Sunny,0,Winter
2022-02-03,P0007,Snacks,534.2,64.4,0.0,25.55,0.0,Rainy,0,Winter
2022-02-04,P0007,Snacks,951.3,215.1,632.3,19.54,23.5,Rainy,0,Winter
2022-02-05,P0007,Snacks,703.0,248.4,0.0,16.46,35.6,Sunny,1,Winter
2022-02-06,P0007,Snacks,951.3,248.1,496.4,17.06,33.2,Sunny,1,Winter
2022-02-07,P0007,Snacks,823.0,128.4,0.0,25.55,0.0,Sunny,0,Winter
2022-02-08,P0007,Snacks,606.8,216.1,0.0,20.65,19.2,Cold,0,Winter
2022-02-09,P0007,Snacks,526.1,80.7,0.0,25.55,0.0,Hot,0,Winter
2022-02-10,P0007,Snacks,951.3,79.7,505.0,25.55,0.0,Sunny,0,Winter
2022-02-11,P0007,Snacks,865.5,85.8,0.0,25.55,0.0,Rainy,0,Winter
2022-02-12,P0007,Snacks,663.9,201.6,0.0,18.24,28.6,Sunny,1,Winter
2022-02-13,P0007,Snacks,951.3,192.4,479.8,19.48,23.7,Rainy,1,Winter
2022-02-14,P0007,Snacks,766.6,184.7,0.0,18.44,27.8,Rainy,1,Winter
2022-02-15,P0007,Snacks,666.7,99.9,0.0,25.55,0.0,Hot,0,Winter
2022-02-16,P0007,Snacks,591.2,75.6,0.0,25.55,0.0,Sunny,0,Winter
2022-02-17,P0007,Snacks,951.3,145.8,506.0,18.79,26.4,Rainy,0,Winter
2022-02-18,P0007,Snacks,863.2,88.2,0.0,25.55,0.0,Rainy,0,Winter
2022-02-19,P0007,Snacks,651.4,211.8,0.0,20.44,20.0,Hot,1,Winter
2022-02-20,P0007,Snacks,480.1,171.2,0.0,22.89,10.4,Hot,1,Winter
2022-02-21,P0007,Snacks,951.3,111.6,582.8,25.55,0.0,Sunny,0,Winter
2022-02-22,P0007,Snacks,857.7,93.6,0.0,25.55,0.0,Rainy,0,Winter
2022-02-23,P0007,Snacks,747.4,110.3,0.0,25.55,0.0,Sunny,0,Winter
2022-02-24,P0007,Snacks,673.2,74.2,0.0,25.55,0.0,Cold,0,Winter
2022-02-25,P0007,Snacks,603.5,69.8,0.0,25.55,0.0,Rainy,0,Winter
2022-02-26,P0007,Snacks,951.3,147.2,495.1,21.7,15.0,Rainy,1,Winter
2022-02-27,P0007,Snacks,709.5,241.8,0.0,17.35,32.1,Rainy,1,Winter
2022-02-28,P0007,Snacks,614.9,94.6,0.0,25.55,0.0,Sunny,0,Winter
2022-03-01,P0007,Snacks,951.3,345.9,682.3,18.11,29.1,Hot,0,Spring
2022-03-02,P0007,Snacks,823.4,128.0,0.0,25.55,0.0,Cold,0,Spring
2022-03-03,P0007,Snacks,712.3,111.0,0.0,25.55,0.0,Sunny,0,Spring
2022-03-04,P0007,Snacks,604.6,107.7,0.0,25.55,0.0,Sunny,0,Spring
2022-03-05,P0007,Snacks,951.3,277.9,624.6,17.01,33.4,Sunny,1,Spring
2022-03-06,P0007,Snacks,778.5,172.9,0.0,20.97,17.9,Rainy,1,Spring
2022-03-07,P0007,Snacks,653.5,125.0,0.0,25.55,0.0,Cold,0,Spring
2022-03-08,P0007,Snacks,574.7,78.7,0.0,25.55,0.0,Rainy,0,Spring
2022-03-09,P0007,Snacks,951.3,110.0,486.6,25.55,0.0,Sunny,0,Spring
2022-03-10,P0007,Snacks,841.1,110.2,0.0,25.55,0.0,Cold,0,Spring
2022-03-11,P0007,Snacks,694.6,146.5,0.0,25.55,0.0,Hot,0,Spring
2022-03-12,P0007,Snacks,518.9,175.7,0.0,22.1,13.5,Rainy,1,Spring
2022-03-13,P0007,Snacks,951.3,218.0,650.4,21.73,14.9,Sunny,1,Spring
2022-03-14,P0007,Snacks,825.5,125.8,0.0,25.55,0.0,Sunny,0,Spring
2022-03-15,P0007,Snacks,631.8,193.7,0.0,19.86,22.3,Hot,0,Spring
2022-03-16,P0007,Snacks,536.9,94.9,0.0,25.55,0.0,Sunny,0,Spring
2022-03-17,P0007,Snacks,951.3,73.2,487.6,25.55,0.0,Sunny,0,Spring
2022-03-18,P0007,Snacks,511.2,440.1,0.0,18.39,28.0,Hot,0,Spring
2022-03-19,P0007,Snacks,951.3,231.3,671.4,20.66,19.1,Rainy,1,Spring
2022-03-20,P0007,Snacks,612.5,338.8,0.0,17.45,31.7,Sunny,1,Spring
2022-03-21,P0007,Snacks,951.3,144.1,482.9,25.55,0.0,Sunny,0,Spring
2022-03-22,P0007,Snacks,853.9,97.4,0.0,25.55,0.0,Rainy,0,Spring
2022-03-23,P0007,Snacks,571.7,282.2,0.0,18.58,27.3,Hot,0,Spring
2022-03-24,P0007,Snacks,951.3,97.0,476.6,25.55,0.0,Rainy,0,Spring
2022-03-25,P0007,Snacks,811.8,139.5,0.0,25.55,0.0,Hot,0,Spring
2022-03-26,P0007,Snacks,610.3,201.5,0.0,22.06,13.6,Cold,1,Spring
2022-03-27,P0007,Snacks,951.3,335.8,676.8,17.98,29.6,Cold,1,Spring
2022-03-28,P0007,Snacks,853.6,97.7,0.0,25.55,0.0,Cold,0,Spring
2022-03-29,P0007,Snacks,723.3,130.3,0.0,25.55,0.0,Sunny,0,Spring
2022-03-30,P0007,Snacks,629.2,94.1,0.0,25.55,0.0,Cold,0,Spring
2022-03-31,P0007,Snacks,534.6,94.6,0.0,25.55,0.0,Rainy,0,Spring
2022-04-01,P0007,Snacks,951.3,326.7,743.4,17.87,30.0,Hot,0,Spring
2022-04-02,P0007,Snacks,568.8,382.5,0.0,17.02,33.4,Rainy,1,Spring
2022-04-03,P0007,Snacks,951.3,353.1,735.7,18.63,27.1,Sunny,1,Spring
2022-04-04,P0007,Snacks,846.9,104.5,0.0,25.55,0.0,Rainy,0,Spring
2022-04-05,P0007,Snacks,679.0,167.9,0.0,22.9,10.4,Rainy,0,Spring
2022-04-06,P0007,Snacks,538.6,140.4,0.0,25.55,0.0,Hot,0,Spring
2022-04-07,P0007,Snacks,951.3,113.8,526.6,25.55,0.0,Sunny,0,Spring
2022-04-08,P0007,Snacks,661.5,289.9,0.0,16.19,36.6,Sunny,0,Spring
2022-04-09,P0007,Snacks,951.3,371.2,661.1,17.56,31.3,Hot,1,Spring
2022-04-10,P0007,Snacks,788.1,163.3,0.0,22.77,10.9,Rainy,1,Spring
2022-04-11,P0007,Snacks,670.4,117.7,0.0,25.55,0.0,Hot,0,Spring
2022-04-12,P0007,Snacks,537.3,133.1,0.0,25.55,0.0,Hot,0,Spring
2022-04-13,P0007,Snacks,951.3,99.8,513.8,25.55,0.0,Sunny,0,Spring
2022-04-14,P0007,Snacks,758.3,193.0,0.0,17.9,29.9,Rainy,0,Spring
2022-04-15,P0007,Snacks,537.9,220.4,0.0,16.48,35.5,Cold,0,Spring
2022-04-16,P0007,Snacks,951.3,328.2,741.6,19.29,24.5,Sunny,1,Spring
2022-04-17,P0007,Snacks,654.0,297.3,0.0,17.9,29.9,Rainy,1,Spring
2022-04-18,P0007,Snacks,951.3,257.8,555.1,22.03,13.8,Sunny,0,Spring
2022-04-19,P0007,Snacks,850.7,100.7,0.0,25.55,0.0,Rainy,0,Spring
2022-04-20,P0007,Snacks,760.6,90.1,0.0,25.55,0.0,Sunny,0,Spring
2022-04-21,P0007,Snacks,658.6,101.9,0.0,25.55,0.0,Rainy,0,Spring
2022-04-22,P0007,Snacks,517.6,141.0,0.0,25.55,0.0,Sunny,0,Spring
2022-04-23,P0007,Snacks,951.3,337.8,771.6,16.67,34.8,Sunny,1,Spring
2022-04-24,P0007,Snacks,662.7,288.6,0.0,21.26,16.8,Sunny,1,Spring
2022-04-25,P0007,Snacks,582.0,80.7,0.0,25.55,0.0,Rainy,0,Spring
2022-04-26,P0007,Snacks,951.3,130.2,499.5,25.55,0.0,Sunny,0,Spring
2022-04-27,P0007,Snacks,791.5,159.9,0.0,22.18,13.2,Sunny,0,Spring
2022-04-28,P0007,Snacks,689.4,102.0,0.0,25.55,0.0,Sunny,0,Spring
2022-04-29,P0007,Snacks,951.3,456.4,718.3,15.81,38.1,Sunny,0,Spring
2022-04-30,P0007,Snacks,631.9,319.4,0.0,18.45,27.8,Hot,1,Spring
2022-05-01,P0007,Snacks,951.3,176.7,496.1,22.22,13.0,Cold,1,Spring
2022-05-02,P0007,Snacks,848.9,102.5,0.0,25.55,0.0,Rainy,0,Spring
2022-05-03,P0007,Snacks,597.7,251.2,0.0,19.32,24.4,Sunny,0,Spring
2022-05-04,P0007,Snacks,495.0,102.8,0.0,25.55,0.0,Sunny,0,Spring
2022-05-05,P0007,Snacks,951.3,86.7,543.1,25.55,0.0,Cold,0,Spring
2022-05-06,P0007,Snacks,873.9,77.4,0.0,25.55,0.0,Rainy,0,Spring
2022-05-07,P0007,Snacks,558.0,316.0,0.0,22.05,13.7,Hot,1,Spring
2022-05-08,P0007,Snacks,951.3,268.2,661.6,19.67,23.0,Sunny,1,Spring
2022-05-09,P0007,Snacks,844.6,106.7,0.0,25.55,0.0,Rainy,0,Spring
2022-05-10,P0007,Snacks,760.5,84.2,0.0,25.55,0.0,Hot,0,Spring
2022-05-11,P0007,Snacks,636.7,123.8,0.0,25.55,0.0,Hot,0,Spring
2022-05-12,P0007,Snacks,530.6,106.1,0.0,25.55,0.0,Cold,0,Spring
2022-05-13,P0007,Snacks,951.3,128.5,549.3,25.55,0.0,Cold,0,Spring
2022-05-14,P0007,Snacks,702.8,248.5,0.0,17.67,30.8,Rainy,1,Spring
2022-05-15,P0007,Snacks,951.3,336.9,585.5,16.95,33.6,Sunny,1,Spring
2022-05-16,P0007,Snacks,843.0,108.3,0.0,25.55,0.0,Rainy,0,Spring
2022-05-17,P0007,Snacks,615.3,227.7,0.0,19.06,25.4,Sunny,0,Spring
2022-05-18,P0007,Snacks,951.3,184.6,520.7,19.58,23.4,Rainy,0,Spring
2022-05-19,P0007,Snacks,833.6,117.7,0.0,25.55,0.0,Sunny,0,Spring
2022-05-20,P0007,Snacks,601.8,231.8,0.0,19.49,23.7,Rainy,0,Spring
2022-05-21,P0007,Snacks,951.3,254.0,603.5,20.54,19.6,Sunny,1,Spring
2022-05-22,P0007,Snacks,712.6,238.8,0.0,18.61,27.2,Hot,1,Spring
2022-05-23,P0007,Snacks,571.3,141.2,0.0,25.55,0.0,Hot,0,Spring
2022-05-24,P0007,Snacks,479.4,91.9,0.0,25.55,0.0,Rainy,0,Spring
2022-05-25,P0007,Snacks,951.3,99.0,570.9,25.55,0.0,Sunny,0,Spring
2022-05-26,P0007,Snacks,849.8,101.5,0.0,25.55,0.0,Rainy,0,Spring
2022-05-27,P0007,Snacks,528.4,321.5,0.0,18.83,26.3,Hot,0,Spring
2022-05-28,P0007,Snacks,951.3,305.7,728.7,18.33,28.3,Cold,1,Spring
2022-05-29,P0007,Snacks,723.9,227.4,0.0,21.44,16.1,Sunny,1,Spring
2022-05-30,P0007,Snacks,582.2,141.8,0.0,25.55,0.0,Hot,0,Spring
2022-05-31,P0007,Snacks,489.0,93.2,0.0,25.55,0.0,Rainy,0,Spring
2022-06-01,P0007,Snacks,951.3,122.1,584.5,25.55,0.0,Hot,0,Summer
2022-06-02,P0007,Snacks,881.2,70.1,0.0,25.55,0.0,Rainy,0,Summer
2022-06-03,P0007,Snacks,741.0,140.3,0.0,25.55,0.0,Rainy,0,Summer
2022-06-04,P0007,Snacks,951.3,303.4,513.8,18.8,26.4,Cold,1,Summer
2022-06-05,P0007,Snacks,645.8,305.5,0.0,17.15,32.9,Rainy,1,Summer
2022-06-06,P0007,Snacks,951.3,269.9,575.4,17.16,32.8,Rainy,0,Summer
2022-06-07,P0007,Snacks,836.3,115.0,0.0,25.55,0.0,Rainy,0,Summer
2022-06-08,P0007,Snacks,723.1,113.2,0.0,25.55,0.0,Cold,0,Summer
2022-06-09,P0007,Snacks,639.6,83.5,0.0,25.55,0.0,Cold,0,Summer
2022-06-10,P0007,Snacks,508.3,131.3,0.0,25.55,0.0,Cold,0,Summer
2022-06-11,P0007,Snacks,951.3,259.5,702.6,17.07,33.2,Sunny,1,Summer
2022-06-12,P0007,Snacks,595.4,355.9,0.0,15.5,39.3,Cold,1,Summer
2022-06-13,P0007,Snacks,489.9,105.5,0.0,25.55,0.0,Cold,0,Summer
2022-06-14,P0007,Snacks,951.3,259.2,720.6,19.5,23.7,Rainy,0,Summer
2022-06-15,P0007,Snacks,788.3,163.0,0.0,25.55,0.0,Sunny,0,Summer
2022-06-16,P0007,Snacks,705.3,83.0,0.0,25.55,0.0,Rainy,0,Summer
2022-06-17,P0007,Snacks,489.8,215.6,0.0,21.82,14.6,Sunny,0,Summer
2022-06-18,P0007,Snacks,951.3,222.0,683.6,22.28,12.8,Hot,1,Summer
2022-06-19,P0007,Snacks,553.1,398.2,0.0,16.01,37.3,Sunny,1,Summer
2022-06-20,P0007,Snacks,951.3,99.5,497.7,25.55,0.0,Rainy,0,Summer
2022-06-21,P0007,Snacks,672.1,279.2,0.0,19.15,25.1,Cold,0,Summer
2022-06-22,P0007,Snacks,951.3,219.0,498.3,20.78,18.6,Hot,0,Summer
2022-06-23,P0007,Snacks,861.3,90.0,0.0,25.55,0.0,Rainy,0,Summer
2022-06-24,P0007,Snacks,708.4,152.9,0.0,25.55,0.0,Sunny,0,Summer
2022-06-25,P0007,Snacks,951.3,401.0,643.9,17.15,32.9,Sunny,1,Summer
2022-06-26,P0007,Snacks,776.1,175.2,0.0,22.33,12.6,Rainy,1,Summer
2022-06-27,P0007,Snacks,486.8,289.4,0.0,20.64,19.2,Hot,0,Summer
2022-06-28,P0007,Snacks,951.3,199.8,664.4,19.01,25.6,Rainy,0,Summer
2022-06-29,P0007,Snacks,818.4,132.9,0.0,25.55,0.0,Hot,0,Summer
2022-06-30,P0007,Snacks,720.1,98.4,0.0,25.55,0.0,Cold,0,Summer
