data/synthetic_patterned_dataset.csv
Date,Product ID,Category,Inventory Level,Units Sold,Units Ordered,Price,Discount,Weather Condition,Holiday/Promotion,Seasonality
2022-01-01,P0008,Snacks,1504.3,316.2,0.0,39.38,16.5,Rainy,1,Winter
2022-01-02,P0008,Snacks,1197.8,306.5,0.0,31.74,32.7,Rainy,1,Winter
2022-01-03,P0008,Snacks,1059.9,138.0,0.0,47.17,0.0,Rainy,0,Winter
2022-01-04,P0008,Snacks,862.4,197.4,0.0,47.17,0.0,Rainy,0,Winter
2022-01-05,P0008,Snacks,761.3,101.2,0.0,47.17,0.0,Cold,0,Winter
2022-01-06,P0008,Snacks,1425.3,194.2,858.2,47.17,0.0,Hot,0,Winter
2022-01-07,P0008,Snacks,1274.4,150.9,0.0,47.17,0.0,Sunny,0,Winter
2022-01-08,P0008,Snacks,925.7,348.7,0.0,31.13,34.0,Hot,1,Winter
2022-01-09,P0008,Snacks,1425.3,425.9,925.5,28.66,39.2,Hot,1,Winter
2022-01-10,P0008,Snacks,1272.2,153.1,0.0,47.17,0.0,Rainy,0,Winter
2022-01-11,P0008,Snacks,1051.3,220.8,0.0,47.17,0.0,Sunny,0,Winter
2022-01-12,P0008,Snacks,917.1,134.3,0.0,47.17,0.0,Sunny,0,Winter
2022-01-13,P0008,Snacks,779.0,138.0,0.0,47.17,0.0,Rainy,0,Winter
2022-01-14,P0008,Snacks,1425.3,304.3,950.5,36.33,23.0,Hot,0,Winter
2022-01-15,P0008,Snacks,1054.6,370.6,0.0,35.78,24.1,Rainy,1,Winter
2022-01-16,P0008,Snacks,1425.3,404.8,775.4,35.59,24.5,Sunny,1,Winter
2022-01-17,P0008,Snacks,1261.4,163.8,0.0,47.17,0.0,Rainy,0,Winter
2022-01-18,P0008,Snacks,1116.1,145.3,0.0,47.17,0.0,Rainy,0,Winter
2022-01-19,P0008,Snacks,943.9,172.3,0.0,47.17,0.0,Cold,0,Winter
2022-01-20,P0008,Snacks,854.2,89.7,0.0,47.17,0.0,Rainy,0,Winter
2022-01-21,P0008,Snacks,1425.3,180.5,751.6,47.17,0.0,Cold,0,Winter
2022-01-22,P0008,Snacks,1143.2,282.1,0.0,41.46,12.1,Rainy,1,Winter
2022-01-23,P0008,Snacks,1425.3,477.5,759.6,32.24,31.6,Sunny,1,Winter
2022-01-24,P0008,Snacks,1261.3,163.9,0.0,47.17,0.0,Rainy,0,Winter
2022-01-25,P0008,Snacks,1074.6,186.8,0.0,47.17,0.0,Sunny,0,Winter
2022-01-26,P0008,Snacks,940.0,134.6,0.0,47.17,0.0,Hot,0,Winter
2022-01-27,P0008,Snacks,825.3,114.6,0.0,47.17,0.0,Rainy,0,Winter
2022-01-28,P0008,Snacks,1425.3,139.7,739.6,47.17,0.0,Cold,0,Winter
2022-01-29,P0008,Snacks,1121.3,304.0,0.0,41.74,11.5,Rainy,1,Winter
2022-01-30,P0008,Snacks,812.7,308.6,0.0,40.45,14.2,Sunny,1,Winter
2022-01-31,P0008,Snacks,1425.3,349.7,962.3,37.3,20.9,Cold,0,Winter
2022-02-01,P0008,Snacks,1279.4,145.8,0.0,47.17,0.0,Hot,0,Winter
2022-02-02,P0008,Snacks,1119.6,159.8,0.0,47.17,0.0,Sunny,0,Winter
2022-02-03,P0008,Snacks,996.2,123.4,0.0,47.17,0.0,Rainy,0,Winter
2022-02-04,P0008,Snacks,868.0,128.2,0.0,47.17,0.0,Rainy,0,Winter
2022-02-05,P0008,Snacks,1425.3,470.8,1028.1,30.26,35.9,Sunny,1,Winter
2022-02-06,P0008,Snacks,1072.2,353.1,0.0,40.07,15.1,Sunny,1,Winter
2022-02-07,P0008,Snacks,920.6,151.5,0.0,47.17,0.0,Sunny,0,Winter
2022-02-08,P0008,Snacks,723.7,196.9,0.0,47.17,0.0,Cold,0,Winter
2022-02-09,P0008,Snacks,1425.3,130.4,831.9,47.17,0.0,Hot,0,Winter
2022-02-10,P0008,Snacks,1285.7,139.5,0.0,47.17,0.0,Sunny,0,Winter
2022-02-11,P0008,Snacks,1152.8,132.9,0.0,47.17,0.0,Rainy,0,Winter
2022-02-12,P0008,Snacks,792.0,360.8,0.0,34.99,25.8,Sunny,1,Winter
2022-02-13,P0008,Snacks,1425.3,374.7,1008.0,30.63,35.1,Rainy,1,Winter
2022-02-14,P0008,Snacks,1157.9,267.4,0.0,38.27,18.9,Rainy,1,Winter
2022-02-15,P0008,Snacks,761.9,396.0,0.0,34.52,26.8,Hot,0,Winter
2022-02-16,P0008,Snacks,1425.3,139.0,802.4,47.17,0.0,Sunny,0,Winter
2022-02-17,P0008,Snacks,1284.2,141.0,0.0,47.17,0.0,Rainy,0,Winter
2022-02-18,P0008,Snacks,1125.3,159.0,0.0,47.17,0.0,Rainy,0,Winter
2022-02-19,P0008,Snacks,1425.3,517.3,817.3,33.42,29.1,Hot,1,Winter
2022-02-20,P0008,Snacks,1133.9,291.4,0.0,32.23,31.7,Hot,1,Winter
2022-02-21,P0008,Snacks,956.7,177.2,0.0,47.17,0.0,Sunny,0,Winter
2022-02-22,P0008,Snacks,750.0,206.7,0.0,40.98,13.1,Rainy,0,Winter
2022-02-23,P0008,Snacks,1425.3,94.5,769.8,47.17,0.0,Sunny,0,Winter
2022-02-24,P0008,Snacks,1105.2,320.1,0.0,41.31,12.4,Cold,0,Winter
2022-02-25,P0008,Snacks,823.7,281.5,0.0,34.25,27.4,Rainy,0,Winter
2022-02-26,P0008,Snacks,1425.3,290.2,891.8,41.39,12.2,Rainy,1,Winter
2022-02-27,P0008,Snacks,1047.9,377.4,0.0,28.72,39.1,Rainy,1,Winter
2022-02-28,P0008,Snacks,813.6,234.3,0.0,47.17,0.0,Sunny,0,Winter
2022-03-01,P0008,Snacks,1425.3,192.3,804.0,47.17,0.0,Hot,0,Spring
2022-03-02,P0008,Snacks,1301.7,123.6,0.0,47.17,0.0,Cold,0,Spring
2022-03-03,P0008,Snacks,1127.6,174.1,0.0,47.17,0.0,Sunny,0,Spring
2022-03-04,P0008,Snacks,984.7,142.9,0.0,47.17,0.0,Sunny,0,Spring
2022-03-05,P0008,Snacks,1425.3,280.5,721.0,33.14,29.7,Sunny,1,Spring
2022-03-06,P0008,Snacks,1133.3,292.0,0.0,29.33,37.8,Rainy,1,Spring
2022-03-07,P0008,Snacks,776.3,357.0,0.0,34.73,26.4,Cold,0,Spring
2022-03-08,P0008,Snacks,1425.3,154.1,803.1,47.17,0.0,Rainy,0,Spring
2022-03-09,P0008,Snacks,1187.1,238.2,0.0,32.76,30.5,Sunny,0,Spring
2022-03-10,P0008,Snacks,827.2,359.9,0.0,34.35,27.2,Cold,0,Spring
2022-03-11,P0008,Snacks,1425.3,163.7,761.8,47.17,0.0,Hot,0,Spring
2022-03-12,P0008,Snacks,1138.9,286.4,0.0,32.85,30.4,Rainy,1,Spring
2022-03-13,P0008,Snacks,846.0,292.9,0.0,42.15,10.6,Sunny,1,Spring
2022-03-14,P0008,Snacks,1425.3,156.8,736.0,47.17,0.0,Sunny,0,Spring
2022-03-15,P0008,Snacks,1284.6,140.7,0.0,47.17,0.0,Hot,0,Spring
2022-03-16,P0008,Snacks,1154.9,129.7,0.0,47.17,0.0,Sunny,0,Spring
2022-03-17,P0008,Snacks,1027.3,127.6,0.0,47.17,0.0,Sunny,0,Spring
2022-03-18,P0008,Snacks,889.7,137.7,0.0,47.17,0.0,Hot,0,Spring
2022-03-19,P0008,Snacks,1425.3,250.7,786.3,37.83,19.8,Rainy,1,Spring
2022-03-20,P0008,Snacks,1155.2,270.1,0.0,39.02,17.3,Sunny,1,Spring
2022-03-21,P0008,Snacks,1015.6,139.6,0.0,47.17,0.0,Sunny,0,Spring
2022-03-22,P0008,Snacks,850.5,165.0,0.0,47.17,0.0,Rainy,0,Spring
2022-03-23,P0008,Snacks,1425.3,140.8,715.5,47.17,0.0,Hot,0,Spring
2022-03-24,P0008,Snacks,1289.1,136.1,0.0,47.17,0.0,Rainy,0,Spring
2022-03-25,P0008,Snacks,1112.3,176.8,0.0,47.17,0.0,Hot,0,Spring
2022-03-26,P0008,Snacks,1425.3,403.7,716.6,35.56,24.6,Cold,1,Spring
2022-03-27,P0008,Snacks,1190.6,234.7,0.0,39.18,16.9,Cold,1,Spring
2022-03-28,P0008,Snacks,1039.3,151.3,0.0,47.17,0.0,Cold,0,Spring
2022-03-29,P0008,Snacks,860.1,179.2,0.0,47.17,0.0,Sunny,0,Spring
2022-03-30,P0008,Snacks,1425.3,270.9,836.1,32.16,31.8,Cold,0,Spring
2022-03-31,P0008,Snacks,1125.8,299.5,0.0,29.28,37.9,Rainy,0,Spring
2022-04-01,P0008,Snacks,1016.5,109.3,0.0,47.17,0.0,Hot,0,Spring
2022-04-02,P0008,Snacks,1425.3,320.3,729.1,36.72,22.2,Rainy,1,Spring
2022-04-03,P0008,Snacks,1062.2,363.1,0.0,34.71,26.4,Sunny,1,Spring
2022-04-04,P0008,Snacks,913.0,149.2,0.0,47.17,0.0,Rainy,0,Spring
2022-04-05,P0008,Snacks,789.6,123.4,0.0,47.17,0.0,Rainy,0,Spring
2022-04-06,P0008,Snacks,1425.3,148.9,784.5,47.17,0.0,Hot,0,Spring
2022-04-07,P0008,Snacks,1274.0,151.3,0.0,47.17,0.0,Sunny,0,Spring
2022-04-08,P0008,Snacks,1128.9,145.0,0.0,47.17,0.0,Sunny,0,Spring
2022-04-09,P0008,Snacks,762.5,366.5,0.0,31.32,33.6,Hot,1,Spring
2022-04-10,P0008,Snacks,1425.3,245.7,908.5,41.66,11.7,Rainy,1,Spring
2022-04-11,P0008,Snacks,1265.4,159.9,0.0,47.17,0.0,Hot,0,Spring
2022-04-12,P0008,Snacks,835.8,429.6,0.0,31.62,33.0,Hot,0,Spring
2022-04-13,P0008,Snacks,1425.3,132.9,722.4,47.17,0.0,Sunny,0,Spring
2022-04-14,P0008,Snacks,1331.2,94.1,0.0,47.17,0.0,Rainy,0,Spring
2022-04-15,P0008,Snacks,1118.0,213.2,0.0,47.17,0.0,Cold,0,Spring
2022-04-16,P0008,Snacks,1425.3,409.0,716.3,29.87,36.7,Sunny,1,Spring
2022-04-17,P0008,Snacks,1114.7,310.6,0.0,31.48,33.3,Rainy,1,Spring
2022-04-18,P0008,Snacks,956.6,158.1,0.0,47.17,0.0,Sunny,0,Spring
2022-04-19,P0008,Snacks,818.3,138.3,0.0,47.17,0.0,Rainy,0,Spring
2022-04-20,P0008,Snacks,1425.3,129.4,736.4,47.17,0.0,Sunny,0,Spring
2022-04-21,P0008,Snacks,1287.6,137.7,0.0,47.17,0.0,Rainy,0,Spring
2022-04-22,P0008,Snacks,1118.0,169.6,0.0,47.17,0.0,Sunny,0,Spring
2022-04-23,P0008,Snacks,765.1,352.8,0.0,35.33,25.1,Sunny,1,Spring
2022-04-24,P0008,Snacks,1425.3,391.7,1051.8,35.41,24.9,Sunny,1,Spring
2022-04-25,P0008,Snacks,1255.8,169.5,0.0,47.17,0.0,Rainy,0,Spring
2022-04-26,P0008,Snacks,1076.8,178.9,0.0,47.17,0.0,Sunny,0,Spring
2022-04-27,P0008,Snacks,929.9,146.9,0.0,47.17,0.0,Sunny,0,Spring
2022-04-28,P0008,Snacks,740.0,189.9,0.0,47.17,0.0,Sunny,0,Spring
2022-04-29,P0008,Snacks,1425.3,157.4,842.7,47.17,0.0,Sunny,0,Spring
2022-04-30,P0008,Snacks,1075.2,350.1,0.0,38.34,18.7,Hot,1,Spring
2022-05-01,P0008,Snacks,740.2,335.0,0.0,40.09,15.0,Cold,1,Spring
2022-05-02,P0008,Snacks,1425.3,139.7,824.7,47.17,0.0,Rainy,0,Spring
2022-05-03,P0008,Snacks,1273.6,151.7,0.0,47.17,0.0,Sunny,0,Spring
2022-05-04,P0008,Snacks,1103.5,170.2,0.0,47.17,0.0,Sunny,0,Spring
2022-05-05,P0008,Snacks,954.4,149.0,0.0,47.17,0.0,Cold,0,Spring
2022-05-06,P0008,Snacks,807.6,146.8,0.0,47.17,0.0,Rainy,0,Spring
2022-05-07,P0008,Snacks,1425.3,446.4,1064.0,34.57,26.7,Hot,1,Spring
2022-05-08,P0008,Snacks,1173.9,251.4,0.0,32.72,30.6,Sunny,1,Spring
2022-05-09,P0008,Snacks,1032.6,141.3,0.0,47.17,0.0,Rainy,0,Spring
2022-05-10,P0008,Snacks,870.8,161.8,0.0,47.17,0.0,Hot,0,Spring
2022-05-11,P0008,Snacks,749.0,121.8,0.0,47.17,0.0,Hot,0,Spring
2022-05-12,P0008,Snacks,1425.3,141.0,817.3,47.17,0.0,Cold,0,Spring
2022-05-13,P0008,Snacks,1245.3,180.0,0.0,47.17,0.0,Cold,0,Spring
2022-05-14,P0008,Snacks,880.4,364.8,0.0,35.66,24.4,Rainy,1,Spring
2022-05-15,P0008,Snacks,1425.3,396.6,941.4,35.8,24.1,Sunny,1,Spring
2022-05-16,P0008,Snacks,1151.0,274.2,0.0,34.97,25.8,Rainy,0,Spring
2022-05-17,P0008,Snacks,909.5,241.5,0.0,47.17,0.0,Sunny,0,Spring
2022-05-18,P0008,Snacks,816.2,93.4,0.0,47.17,0.0,Rainy,0,Spring
2022-05-19,P0008,Snacks,1425.3,198.7,807.8,47.17,0.0,Sunny,0,Spring
2022-05-20,P0008,Snacks,1301.0,124.2,0.0,47.17,0.0,Rainy,0,Spring
2022-05-21,P0008,Snacks,924.9,376.1,0.0,40.84,13.4,Sunny,1,Spring
2022-05-22,P0008,Snacks,714.5,210.4,0.0,29.18,38.1,Hot,1,Spring
2022-05-23,P0008,Snacks,1425.3,168.2,879.0,47.17,0.0,Hot,0,Spring
2022-05-24,P0008,Snacks,1281.3,143.9,0.0,47.17,0.0,Rainy,0,Spring
2022-05-25,P0008,Snacks,1161.7,119.6,0.0,47.17,0.0,Sunny,0,Spring
2022-05-26,P0008,Snacks,1018.8,143.0,0.0,47.17,0.0,Rainy,0,Spring
2022-05-27,P0008,Snacks,896.1,122.7,0.0,47.17,0.0,Hot,0,Spring
2022-05-28,P0008,Snacks,1425.3,454.4,983.6,31.31,33.6,Cold,1,Spring
2022-05-29,P0008,Snacks,1084.4,340.8,0.0,39.64,16.0,Sunny,1,Spring
2022-05-30,P0008,Snacks,916.9,167.5,0.0,47.17,0.0,Hot,0,Spring
2022-05-31,P0008,Snacks,759.3,157.6,0.0,47.17,0.0,Rainy,0,Spring
2022-06-01,P0008,Snacks,1425.3,139.6,805.5,47.17,0.0,Hot,0,Summer
2022-06-02,P0008,Snacks,1242.5,182.8,0.0,40.79,13.5,Rainy,0,Summer
2022-06-03,P0008,Snacks,1074.0,168.5,0.0,47.17,0.0,Rainy,0,Summer
2022-06-04,P0008,Snacks,1425.3,371.5,722.8,39.84,15.5,Cold,1,Summer
2022-06-05,P0008,Snacks,1045.0,380.3,0.0,34.5,26.9,Rainy,1,Summer
2022-06-06,P0008,Snacks,852.0,193.0,0.0,47.17,0.0,Rainy,0,Summer
2022-06-07,P0008,Snacks,723.7,128.3,0.0,47.17,0.0,Rainy,0,Summer
2022-06-08,P0008,Snacks,1425.3,90.2,791.8,47.17,0.0,Cold,0,Summer
2022-06-09,P0008,Snacks,1214.9,210.4,0.0,47.17,0.0,Cold,0,Summer
2022-06-10,P0008,Snacks,999.8,215.1,0.0,47.17,0.0,Cold,0,Summer
2022-06-11,P0008,Snacks,1425.3,475.9,901.3,31.62,33.0,Sunny,1,Summer
2022-06-12,P0008,Snacks,1009.2,416.1,0.0,37.63,20.2,Cold,1,Summer
2022-06-13,P0008,Snacks,1425.3,507.0,923.0,34.24,27.4,Cold,0,Summer
2022-06-14,P0008,Snacks,1051.7,373.6,0.0,28.69,39.2,Rainy,0,Summer
2022-06-15,P0008,Snacks,888.9,162.8,0.0,47.17,0.0,Sunny,0,Summer
2022-06-16,P0008,Snacks,1425.3,286.8,823.2,39.47,16.3,Rainy,0,Summer
2022-06-17,P0008,Snacks,1226.8,198.5,0.0,47.17,0.0,Sunny,0,Summer
2022-06-18,P0008,Snacks,1425.3,540.7,739.2,30.66,35.0,Hot,1,Summer
2022-06-19,P0008,Snacks,920.6,504.7,0.0,30.21,36.0,Sunny,1,Summer
2022-06-20,P0008,Snacks,713.6,207.0,0.0,47.17,0.0,Rainy,0,Summer
2022-06-21,P0008,Snacks,1425.3,163.3,874.9,47.17,0.0,Cold,0,Summer
2022-06-22,P0008,Snacks,1252.0,173.3,0.0,47.17,0.0,Hot,0,Summer
2022-06-23,P0008,Snacks,897.2,354.8,0.0,38.71,17.9,Rainy,0,Summer
2022-06-24,P0008,Snacks,1425.3,224.1,752.1,47.17,0.0,Sunny,0,Summer
2022-06-25,P0008,Snacks,921.0,504.3,0.0,41.99,11.0,Sunny,1,Summer
2022-06-26,P0008,Snacks,1425.3,352.6,856.9,33.49,29.0,Rainy,1,Summer
2022-06-27,P0008,Snacks,1225.7,199.5,0.0,47.17,0.0,Hot,0,Summer
2022-06-28,P0008,Snacks,1047.4,178.3,0.0,47.17,0.0,Rainy,0,Summer
2022-06-29,P0008,Snacks,931.6,115.9,0.0,47.17,0.0,Hot,0,Summer
2022-06-30,P0008,Snacks,744.7,186.8,0.0,47.17,0.0,Cold,0,Summer
