data/synthetic_patterned_dataset.csv
Date,Product ID,Category,Inventory Level,Units Sold,Units Ordered,Price,Discount,Weather Condition,Holiday/Promotion,Seasonality
2022-01-01,P0009,Snacks,666.9,188.1,0.0,10.06,39.9,Rainy,1,Winter
2022-01-02,P0009,Snacks,522.6,144.3,0.0,13.71,18.1,Rainy,1,Winter
2022-01-03,P0009,Snacks,449.8,72.8,0.0,16.73,0.0,Rainy,0,Winter
2022-01-04,P0009,Snacks,827.6,130.0,507.8,16.73,0.0,Rainy,0,Winter
2022-01-05,P0009,Snacks,718.7,108.9,0.0,16.73,0.0,Cold,0,Winter
2022-01-06,P0009,Snacks,650.2,68.5,0.0,16.73,0.0,Hot,0,Winter
2022-01-07,P0009,Snacks,472.3,178.0,0.0,10.45,37.6,Sunny,0,Winter
2022-01-08,P0009,Snacks,827.6,164.6,519.9,12.71,24.0,Hot,1,Winter
2022-01-09,P0009,Snacks,672.5,155.1,0.0,14.49,13.4,Hot,1,Winter
2022-01-10,P0009,Snacks,605.4,67.0,0.0,16.73,0.0,Rainy,0,Winter
2022-01-11,P0009,Snacks,516.9,88.6,0.0,16.73,0.0,Sunny,0,Winter
2022-01-12,P0009,Snacks,436.7,80.1,0.0,16.73,0.0,Sunny,0,Winter
2022-01-13,P0009,Snacks,827.6,75.6,466.4,16.73,0.0,Rainy,0,Winter
2022-01-14,P0009,Snacks,741.6,86.0,0.0,16.73,0.0,Hot,0,Winter
2022-01-15,P0009,Snacks,555.1,186.4,0.0,14.26,14.8,Rainy,1,Winter
2022-01-16,P0009,Snacks,827.6,159.9,432.4,12.28,26.6,Sunny,1,Winter
2022-01-17,P0009,Snacks,737.4,90.2,0.0,16.73,0.0,Rainy,0,Winter
2022-01-18,P0009,Snacks,643.2,94.2,0.0,16.73,0.0,Rainy,0,Winter
2022-01-19,P0009,Snacks,579.7,63.5,0.0,16.73,0.0,Cold,0,Winter
2022-01-20,P0009,Snacks,489.8,89.9,0.0,16.73,0.0,Rainy,0,Winter
2022-01-21,P0009,Snacks,827.6,110.8,448.6,16.73,0.0,Cold,0,Winter
2022-01-22,P0009,Snacks,584.6,243.0,0.0,13.7,18.1,Rainy,1,Winter
2022-01-23,P0009,Snacks,468.3,116.3,0.0,14.0,16.4,Sunny,1,Winter
2022-01-24,P0009,Snacks,827.6,77.5,436.8,16.73,0.0,Rainy,0,Winter
2022-01-25,P0009,Snacks,693.6,134.0,0.0,13.66,18.4,Sunny,0,Winter
2022-01-26,P0009,Snacks,609.7,83.8,0.0,16.73,0.0,Hot,0,Winter
2022-01-27,P0009,Snacks,527.3,82.5,0.0,16.73,0.0,Rainy,0,Winter
2022-01-28,P0009,Snacks,827.6,126.5,426.9,16.73,0.0,Cold,0,Winter
2022-01-29,P0009,Snacks,622.4,205.2,0.0,10.49,37.3,Rainy,1,Winter
2022-01-30,P0009,Snacks,464.6,157.8,0.0,13.97,16.5,Sunny,1,Winter
2022-01-31,P0009,Snacks,827.6,66.4,429.4,16.73,0.0,Cold,0,Winter
2022-02-01,P0009,Snacks,711.0,116.6,0.0,16.73,0.0,Hot,0,Winter
2022-02-02,P0009,Snacks,653.4,57.6,0.0,16.73,0.0,Sunny,0,Winter
2022-02-03,P0009,Snacks,588.5,65.0,0.0,16.73,0.0,Rainy,0,Winter
2022-02-04,P0009,Snacks,476.4,112.0,0.0,16.73,0.0,Rainy,0,Winter
2022-02-05,P0009,Snacks,827.6,146.6,497.8,13.92,16.8,Sunny,1,Winter
2022-02-06,P0009,Snacks,666.2,161.4,0.0,10.85,35.2,Sunny,1,Winter
2022-02-07,P0009,Snacks,597.2,69.0,0.0,16.73,0.0,Sunny,0,Winter
2022-02-08,P0009,Snacks,492.1,105.1,0.0,16.73,0.0,Cold,0,Winter
2022-02-09,P0009,Snacks,416.9,75.2,0.0,16.73,0.0,Hot,0,Winter
2022-02-10,P0009,Snacks,827.6,56.5,467.1,16.73,0.0,Sunny,0,Winter
2022-02-11,P0009,Snacks,741.0,86.6,0.0,16.73,0.0,Rainy,0,Winter
2022-02-12,P0009,Snacks,543.6,197.4,0.0,14.24,14.9,Sunny,1,Winter
2022-02-13,P0009,Snacks,827.6,176.6,460.6,13.17,21.3,Rainy,1,Winter
2022-02-14,P0009,Snacks,723.9,103.7,0.0,12.75,23.8,Rainy,1,Winter
2022-02-15,P0009,Snacks,633.0,90.9,0.0,16.73,0.0,Hot,0,Winter
2022-02-16,P0009,Snacks,557.1,76.0,0.0,16.73,0.0,Sunny,0,Winter
2022-02-17,P0009,Snacks,480.9,76.2,0.0,16.73,0.0,Rainy,0,Winter
2022-02-18,P0009,Snacks,827.6,110.8,457.5,16.73,0.0,Rainy,0,Winter
2022-02-19,P0009,Snacks,653.4,174.2,0.0,12.55,25.0,Hot,1,Winter
2022-02-20,P0009,Snacks,459.2,194.2,0.0,12.6,24.7,Hot,1,Winter
2022-02-21,P0009,Snacks,827.6,67.2,435.6,16.73,0.0,Sunny,0,Winter
2022-02-22,P0009,Snacks,632.6,195.0,0.0,12.14,27.4,Rainy,0,Winter
2022-02-23,P0009,Snacks,567.7,64.9,0.0,16.73,0.0,Sunny,0,Winter
2022-02-24,P0009,Snacks,489.8,78.0,0.0,16.73,0.0,Cold,0,Winter
2022-02-25,P0009,Snacks,827.6,96.8,434.6,16.73,0.0,Rainy,0,Winter
2022-02-26,P0009,Snacks,638.8,188.8,0.0,12.4,25.9,Rainy,1,Winter
2022-02-27,P0009,Snacks,499.5,139.4,0.0,11.34,32.2,Rainy,1,Winter
2022-02-28,P0009,Snacks,434.4,65.1,0.0,16.73,0.0,Sunny,0,Winter
2022-03-01,P0009,Snacks,827.6,151.2,544.4,16.73,0.0,Hot,0,Spring
2022-03-02,P0009,Snacks,732.7,94.9,0.0,16.73,0.0,Cold,0,Spring
2022-03-03,P0009,Snacks,647.7,85.0,0.0,16.73,0.0,Sunny,0,Spring
2022-03-04,P0009,Snacks,533.4,114.3,0.0,16.73,0.0,Sunny,0,Spring
2022-03-05,P0009,Snacks,827.6,215.3,509.5,10.32,38.3,Sunny,1,Spring
2022-03-06,P0009,Snacks,668.7,158.9,0.0,12.95,22.6,Rainy,1,Spring
2022-03-07,P0009,Snacks,528.6,140.1,0.0,14.83,11.4,Cold,0,Spring
2022-03-08,P0009,Snacks,827.6,125.7,424.7,16.73,0.0,Rainy,0,Spring
2022-03-09,P0009,Snacks,736.1,91.5,0.0,16.73,0.0,Sunny,0,Spring
2022-03-10,P0009,Snacks,650.0,86.1,0.0,16.73,0.0,Cold,0,Spring
2022-03-11,P0009,Snacks,512.3,137.7,0.0,16.73,0.0,Hot,0,Spring
2022-03-12,P0009,Snacks,827.6,265.8,581.1,14.31,14.5,Rainy,1,Spring
2022-03-13,P0009,Snacks,677.9,149.7,0.0,10.92,34.7,Sunny,1,Spring
2022-03-14,P0009,Snacks,604.8,73.0,0.0,16.73,0.0,Sunny,0,Spring
2022-03-15,P0009,Snacks,467.4,137.5,0.0,16.73,0.0,Hot,0,Spring
2022-03-16,P0009,Snacks,827.6,104.5,464.7,16.73,0.0,Sunny,0,Spring
2022-03-17,P0009,Snacks,690.5,137.1,0.0,12.49,25.4,Sunny,0,Spring
2022-03-18,P0009,Snacks,577.9,112.6,0.0,16.73,0.0,Hot,0,Spring
2022-03-19,P0009,Snacks,827.6,222.1,471.8,13.3,20.5,Rainy,1,Spring
2022-03-20,P0009,Snacks,687.0,140.6,0.0,11.32,32.3,Sunny,1,Spring
2022-03-21,P0009,Snacks,621.5,65.4,0.0,16.73,0.0,Sunny,0,Spring
2022-03-22,P0009,Snacks,474.4,147.1,0.0,16.73,0.0,Rainy,0,Spring
2022-03-23,P0009,Snacks,827.6,127.5,480.7,14.04,16.1,Hot,0,Spring
2022-03-24,P0009,Snacks,731.2,96.4,0.0,16.73,0.0,Rainy,0,Spring
2022-03-25,P0009,Snacks,637.9,93.3,0.0,16.73,0.0,Hot,0,Spring
2022-03-26,P0009,Snacks,460.3,177.5,0.0,13.81,17.5,Cold,1,Spring
2022-03-27,P0009,Snacks,827.6,200.5,567.8,10.07,39.8,Cold,1,Spring
2022-03-28,P0009,Snacks,740.7,86.9,0.0,16.73,0.0,Cold,0,Spring
2022-03-29,P0009,Snacks,655.8,85.0,0.0,16.73,0.0,Sunny,0,Spring
2022-03-30,P0009,Snacks,563.3,92.4,0.0,16.73,0.0,Cold,0,Spring
2022-03-31,P0009,Snacks,424.6,138.7,0.0,12.31,26.4,Rainy,0,Spring
2022-04-01,P0009,Snacks,827.6,108.8,511.8,16.73,0.0,Hot,0,Spring
2022-04-02,P0009,Snacks,576.0,251.6,0.0,10.79,35.5,Rainy,1,Spring
2022-04-03,P0009,Snacks,419.8,156.2,0.0,12.83,23.3,Sunny,1,Spring
2022-04-04,P0009,Snacks,827.6,83.7,491.5,16.73,0.0,Rainy,0,Spring
2022-04-05,P0009,Snacks,688.9,138.7,0.0,16.73,0.0,Rainy,0,Spring
2022-04-06,P0009,Snacks,567.6,121.3,0.0,16.73,0.0,Hot,0,Spring
2022-04-07,P0009,Snacks,489.7,77.9,0.0,16.73,0.0,Sunny,0,Spring
2022-04-08,P0009,Snacks,827.6,96.1,433.9,16.73,0.0,Sunny,0,Spring
2022-04-09,P0009,Snacks,608.3,219.3,0.0,13.52,19.2,Hot,1,Spring
2022-04-10,P0009,Snacks,503.8,104.5,0.0,11.53,31.1,Rainy,1,Spring
2022-04-11,P0009,Snacks,416.2,87.6,0.0,16.73,0.0,Hot,0,Spring
2022-04-12,P0009,Snacks,827.6,143.7,555.1,16.73,0.0,Hot,0,Spring
2022-04-13,P0009,Snacks,757.1,70.5,0.0,16.73,0.0,Sunny,0,Spring
2022-04-14,P0009,Snacks,681.3,75.8,0.0,16.73,0.0,Rainy,0,Spring
2022-04-15,P0009,Snacks,555.6,125.7,0.0,16.73,0.0,Cold,0,Spring
2022-04-16,P0009,Snacks,827.6,210.0,482.0,13.84,17.3,Sunny,1,Spring
2022-04-17,P0009,Snacks,641.5,186.1,0.0,12.01,28.2,Rainy,1,Spring
2022-04-18,P0009,Snacks,561.2,80.3,0.0,16.73,0.0,Sunny,0,Spring
2022-04-19,P0009,Snacks,827.6,152.7,419.1,16.73,0.0,Rainy,0,Spring
2022-04-20,P0009,Snacks,749.5,78.1,0.0,16.73,0.0,Sunny,0,Spring
2022-04-21,P0009,Snacks,647.9,101.7,0.0,16.73,0.0,Rainy,0,Spring
2022-04-22,P0009,Snacks,545.6,102.2,0.0,16.73,0.0,Sunny,0,Spring
2022-04-23,P0009,Snacks,827.6,227.8,509.8,10.48,37.4,Sunny,1,Spring
2022-04-24,P0009,Snacks,696.6,131.0,0.0,11.42,31.7,Sunny,1,Spring
2022-04-25,P0009,Snacks,576.0,120.6,0.0,15.04,10.1,Rainy,0,Spring
2022-04-26,P0009,Snacks,445.8,130.2,0.0,16.73,0.0,Sunny,0,Spring
2022-04-27,P0009,Snacks,827.6,83.9,465.7,16.73,0.0,Sunny,0,Spring
2022-04-28,P0009,Snacks,746.9,80.7,0.0,16.73,0.0,Sunny,0,Spring
2022-04-29,P0009,Snacks,633.2,113.7,0.0,16.73,0.0,Sunny,0,Spring
2022-04-30,P0009,Snacks,416.1,217.0,0.0,14.32,14.4,Hot,1,Spring
2022-05-01,P0009,Snacks,827.6,179.2,590.6,11.5,31.3,Cold,1,Spring
2022-05-02,P0009,Snacks,764.8,62.8,0.0,16.73,0.0,Rainy,0,Spring
2022-05-03,P0009,Snacks,634.6,130.3,0.0,16.73,0.0,Sunny,0,Spring
2022-05-04,P0009,Snacks,547.8,86.8,0.0,16.73,0.0,Sunny,0,Spring
2022-05-05,P0009,Snacks,461.2,86.6,0.0,16.73,0.0,Cold,0,Spring
2022-05-06,P0009,Snacks,827.6,122.9,489.3,16.73,0.0,Rainy,0,Spring
2022-05-07,P0009,Snacks,582.5,245.1,0.0,14.99,10.4,Hot,1,Spring
2022-05-08,P0009,Snacks,433.1,149.4,0.0,13.56,19.0,Sunny,1,Spring
2022-05-09,P0009,Snacks,827.6,74.0,468.5,16.73,0.0,Rainy,0,Spring
2022-05-10,P0009,Snacks,714.9,112.7,0.0,16.73,0.0,Hot,0,Spring
2022-05-11,P0009,Snacks,634.9,80.0,0.0,16.73,0.0,Hot,0,Spring
2022-05-12,P0009,Snacks,538.8,96.2,0.0,16.73,0.0,Cold,0,Spring
2022-05-13,P0009,Snacks,420.6,118.2,0.0,16.73,0.0,Cold,0,Spring
2022-05-14,P0009,Snacks,827.6,204.4,611.4,14.6,12.8,Rainy,1,Spring
2022-05-15,P0009,Snacks,657.3,170.3,0.0,13.56,19.0,Sunny,1,Spring
2022-05-16,P0009,Snacks,571.8,85.5,0.0,16.73,0.0,Rainy,0,Spring
2022-05-17,P0009,Snacks,467.0,104.8,0.0,16.73,0.0,Sunny,0,Spring
2022-05-18,P0009,Snacks,827.6,101.7,462.3,16.73,0.0,Rainy,0,Spring
2022-05-19,P0009,Snacks,758.3,69.3,0.0,16.73,0.0,Sunny,0,Spring
2022-05-20,P0009,Snacks,605.9,152.5,0.0,16.73,0.0,Rainy,0,Spring
2022-05-21,P0009,Snacks,827.6,203.6,425.4,11.01,34.2,Sunny,1,Spring
2022-05-22,P0009,Snacks,654.1,173.5,0.0,14.96,10.6,Hot,1,Spring
2022-05-23,P0009,Snacks,590.3,63.8,0.0,16.73,0.0,Hot,0,Spring
2022-05-24,P0009,Snacks,473.4,116.8,0.0,16.73,0.0,Rainy,0,Spring
2022-05-25,P0009,Snacks,827.6,73.0,427.1,16.73,0.0,Sunny,0,Spring
2022-05-26,P0009,Snacks,762.6,65.0,0.0,16.73,0.0,Rainy,0,Spring
2022-05-27,P0009,Snacks,657.0,105.6,0.0,16.73,0.0,Hot,0,Spring
2022-05-28,P0009,Snacks,424.9,232.1,0.0,13.25,20.8,Cold,1,Spring
2022-05-29,P0009,Snacks,827.6,149.5,552.2,10.04,40.0,Sunny,1,Spring
2022-05-30,P0009,Snacks,736.2,91.4,0.0,16.73,0.0,Hot,0,Spring
2022-05-31,P0009,Snacks,641.1,95.0,0.0,16.73,0.0,Rainy,0,Spring
2022-06-01,P0009,Snacks,522.4,118.8,0.0,16.73,0.0,Hot,0,Summer
2022-06-02,P0009,Snacks,427.1,95.3,0.0,16.73,0.0,Rainy,0,Summer
2022-06-03,P0009,Snacks,827.6,177.0,577.5,11.77,29.7,Rainy,0,Summer
2022-06-04,P0009,Snacks,589.6,238.0,0.0,14.18,15.2,Cold,1,Summer
2022-06-05,P0009,Snacks,827.6,176.5,414.5,13.35,20.2,Rainy,1,Summer
2022-06-06,P0009,Snacks,729.2,98.4,0.0,16.73,0.0,Rainy,0,Summer
2022-06-07,P0009,Snacks,579.8,149.3,0.0,16.73,0.0,Rainy,0,Summer
2022-06-08,P0009,Snacks,478.5,101.3,0.0,16.73,0.0,Cold,0,Summer
2022-06-09,P0009,Snacks,827.6,83.7,432.8,16.73,0.0,Cold,0,Summer
2022-06-10,P0009,Snacks,669.6,158.0,0.0,16.73,0.0,Cold,0,Summer
2022-06-11,P0009,Snacks,434.4,235.2,0.0,12.22,27.0,Sunny,1,Summer
2022-06-12,P0009,Snacks,827.6,177.0,570.2,10.51,37.2,Cold,1,Summer
2022-06-13,P0009,Snacks,727.5,100.1,0.0,16.73,0.0,Cold,0,Summer
2022-06-14,P0009,Snacks,547.6,179.9,0.0,12.04,28.0,Rainy,0,Summer
2022-06-15,P0009,Snacks,443.7,103.8,0.0,16.73,0.0,Sunny,0,Summer
2022-06-16,P0009,Snacks,827.6,92.3,476.1,16.73,0.0,Rainy,0,Summer
2022-06-17,P0009,Snacks,697.9,129.7,0.0,16.73,0.0,Sunny,0,Summer
2022-06-18,P0009,Snacks,827.6,318.6,448.3,13.46,19.5,Hot,1,Summer
2022-06-19,P0009,Snacks,644.6,183.0,0.0,14.35,14.2,Sunny,1,Summer
2022-06-20,P0009,Snacks,488.3,156.3,0.0,11.27,32.7,Rainy,0,Summer
2022-06-21,P0009,Snacks,827.6,136.3,475.6,16.73,0.0,Cold,0,Summer
2022-06-22,P0009,Snacks,719.8,107.8,0.0,16.73,0.0,Hot,0,Summer
2022-06-23,P0009,Snacks,608.5,111.3,0.0,16.73,0.0,Rainy,0,Summer
2022-06-24,P0009,Snacks,827.6,201.4,420.5,13.24,20.9,Sunny,0,Summer
2022-06-25,P0009,Snacks,663.5,164.1,0.0,12.97,22.5,Sunny,1,Summer
2022-06-26,P0009,Snacks,433.6,229.8,0.0,13.76,17.8,Rainy,1,Summer
2022-06-27,P0009,Snacks,827.6,100.2,494.2,16.73,0.0,Hot,0,Summer
2022-06-28,P0009,Snacks,679.3,148.3,0.0,16.73,0.0,Rainy,0,Summer
2022-06-29,P0009,Snacks,581.4,98.0,0.0,16.73,0.0,Hot,0,Summer
2022-06-30,P0009,Snacks,509.0,72.3,0.0,16.73,0.0,Cold,0,Summer
