data/synthetic_patterned_dataset.csv
Date,Product ID,Category,Inventory Level,Units Sold,Units Ordered,Price,Discount,Weather Condition,Holiday/Promotion,Seasonality
2022-01-01,P0010,Groceries,1518.1,343.4,0.0,38.04,37.5,Rainy,1,Winter
2022-01-02,P0010,Groceries,1323.2,194.9,0.0,39.57,34.9,Rainy,1,Winter
2022-01-03,P0010,Groceries,1222.9,100.2,0.0,60.82,0.0,Rainy,0,Winter
2022-01-04,P0010,Groceries,1124.5,98.4,0.0,60.82,0.0,Rainy,0,Winter
2022-01-05,P0010,Groceries,1033.8,90.7,0.0,60.82,0.0,Cold,0,Winter
2022-01-06,P0010,Groceries,932.1,101.7,0.0,60.82,0.0,Hot,0,Winter
2022-01-07,P0010,Groceries,811.8,120.2,0.0,60.82,0.0,Sunny,0,Winter
2022-01-08,P0010,Groceries,519.3,292.5,0.0,44.02,27.6,Hot,1,Winter
2022-01-09,P0010,Groceries,828.6,171.1,480.4,51.41,15.5,Hot,1,Winter
2022-01-10,P0010,Groceries,683.1,145.5,0.0,60.82,0.0,Rainy,0,Winter
2022-01-11,P0010,Groceries,589.4,93.7,0.0,60.82,0.0,Sunny,0,Winter
2022-01-12,P0010,Groceries,521.9,67.5,0.0,60.82,0.0,Sunny,0,Winter
2022-01-13,P0010,Groceries,428.2,93.7,0.0,60.82,0.0,Rainy,0,Winter
2022-01-14,P0010,Groceries,828.6,93.8,494.2,60.82,0.0,Hot,0,Winter
2022-01-15,P0010,Groceries,631.2,197.4,0.0,54.41,10.5,Rainy,1,Winter
2022-01-16,P0010,Groceries,436.1,195.1,0.0,53.99,11.2,Sunny,1,Winter
2022-01-17,P0010,Groceries,828.6,128.9,521.4,60.82,0.0,Rainy,0,Winter
2022-01-18,P0010,Groceries,676.4,152.2,0.0,43.06,29.2,Rainy,0,Winter
2022-01-19,P0010,Groceries,596.7,79.7,0.0,60.82,0.0,Cold,0,Winter
2022-01-20,P0010,Groceries,491.8,104.9,0.0,60.82,0.0,Rainy,0,Winter
2022-01-21,P0010,Groceries,828.6,83.8,420.5,60.82,0.0,Cold,0,Winter
2022-01-22,P0010,Groceries,538.1,290.5,0.0,46.4,23.7,Rainy,1,Winter
2022-01-23,P0010,Groceries,828.6,212.7,503.2,51.93,14.6,Sunny,1,Winter
2022-01-24,P0010,Groceries,737.1,91.5,0.0,60.82,0.0,Rainy,0,Winter
2022-01-25,P0010,Groceries,653.9,83.2,0.0,60.82,0.0,Sunny,0,Winter
2022-01-26,P0010,Groceries,481.7,172.1,0.0,46.08,24.2,Hot,0,Winter
2022-01-27,P0010,Groceries,828.6,232.9,579.7,51.97,14.5,Rainy,0,Winter
2022-01-28,P0010,Groceries,663.5,165.1,0.0,50.62,16.8,Cold,0,Winter
2022-01-29,P0010,Groceries,444.6,219.0,0.0,46.12,24.2,Rainy,1,Winter
2022-01-30,P0010,Groceries,828.6,198.2,582.2,40.38,33.6,Sunny,1,Winter
2022-01-31,P0010,Groceries,730.2,98.4,0.0,60.82,0.0,Cold,0,Winter
2022-02-01,P0010,Groceries,649.0,81.2,0.0,60.82,0.0,Hot,0,Winter
2022-02-02,P0010,Groceries,494.9,154.1,0.0,53.49,12.1,Sunny,0,Winter
2022-02-03,P0010,Groceries,828.6,89.1,422.7,60.82,0.0,Rainy,0,Winter
2022-02-04,P0010,Groceries,738.4,90.2,0.0,60.82,0.0,Rainy,0,Winter
2022-02-05,P0010,Groceries,555.1,183.3,0.0,40.88,32.8,Sunny,1,Winter
2022-02-06,P0010,Groceries,828.6,173.0,446.5,51.5,15.3,Sunny,1,Winter
2022-02-07,P0010,Groceries,715.5,113.1,0.0,60.82,0.0,Sunny,0,Winter
2022-02-08,P0010,Groceries,564.3,151.2,0.0,39.37,35.3,Cold,0,Winter
2022-02-09,P0010,Groceries,473.0,91.3,0.0,60.82,0.0,Hot,0,Winter
2022-02-10,P0010,Groceries,828.6,102.5,458.0,60.82,0.0,Sunny,0,Winter
2022-02-11,P0010,Groceries,624.9,203.7,0.0,39.1,35.7,Rainy,0,Winter
2022-02-12,P0010,Groceries,828.6,271.3,475.0,48.58,20.1,Sunny,1,Winter
2022-02-13,P0010,Groceries,614.0,214.5,0.0,39.99,34.2,Rainy,1,Winter
2022-02-14,P0010,Groceries,828.6,250.8,465.4,45.33,25.5,Rainy,1,Winter
2022-02-15,P0010,Groceries,748.2,80.3,0.0,60.82,0.0,Hot,0,Winter
2022-02-16,P0010,Groceries,657.5,90.7,0.0,60.82,0.0,Sunny,0,Winter
2022-02-17,P0010,Groceries,496.0,161.6,0.0,43.69,28.2,Rainy,0,Winter
2022-02-18,P0010,Groceries,828.6,133.2,465.9,60.82,0.0,Rainy,0,Winter
2022-02-19,P0010,Groceries,591.5,237.0,0.0,47.08,22.6,Hot,1,Winter
2022-02-20,P0010,Groceries,424.2,167.3,0.0,45.03,26.0,Hot,1,Winter
2022-02-21,P0010,Groceries,828.6,117.4,521.8,60.82,0.0,Sunny,0,Winter
2022-02-22,P0010,Groceries,774.1,54.4,0.0,60.82,0.0,Rainy,0,Winter
2022-02-23,P0010,Groceries,676.8,97.3,0.0,60.82,0.0,Sunny,0,Winter
2022-02-24,P0010,Groceries,588.3,88.5,0.0,60.82,0.0,Cold,0,Winter
2022-02-25,P0010,Groceries,499.8,88.5,0.0,60.82,0.0,Rainy,0,Winter
2022-02-26,P0010,Groceries,828.6,229.4,558.2,50.73,16.6,Rainy,1,Winter
2022-02-27,P0010,Groceries,653.9,174.7,0.0,51.72,15.0,Rainy,1,Winter
2022-02-28,P0010,Groceries,552.4,101.5,0.0,60.82,0.0,Sunny,0,Winter
2022-03-01,P0010,Groceries,465.8,86.6,0.0,60.82,0.0,Hot,0,Spring
2022-03-02,P0010,Groceries,828.6,74.6,437.4,60.82,0.0,Cold,0,Spring
2022-03-03,P0010,Groceries,736.7,91.8,0.0,60.82,0.0,Sunny,0,Spring
2022-03-04,P0010,Groceries,638.0,98.7,0.0,60.82,0.0,Sunny,0,Spring
2022-03-05,P0010,Groceries,828.6,231.7,422.2,45.6,25.0,Sunny,1,Spring
2022-03-06,P0010,Groceries,609.4,219.2,0.0,42.01,30.9,Rainy,1,Spring
2022-03-07,P0010,Groceries,417.3,192.1,0.0,54.1,11.0,Cold,0,Spring
2022-03-08,P0010,Groceries,828.6,146.3,557.5,36.55,39.9,Rainy,0,Spring
2022-03-09,P0010,Groceries,749.7,78.9,0.0,60.82,0.0,Sunny,0,Spring
2022-03-10,P0010,Groceries,657.4,92.3,0.0,60.82,0.0,Cold,0,Spring
2022-03-11,P0010,Groceries,561.7,95.7,0.0,60.82,0.0,Hot,0,Spring
2022-03-12,P0010,Groceries,828.6,252.5,519.4,43.53,28.4,Rainy,1,Spring
2022-03-13,P0010,Groceries,619.1,209.4,0.0,44.83,26.3,Sunny,1,Spring
2022-03-14,P0010,Groceries,529.7,89.5,0.0,60.82,0.0,Sunny,0,Spring
2022-03-15,P0010,Groceries,458.9,70.7,0.0,60.82,0.0,Hot,0,Spring
2022-03-16,P0010,Groceries,828.6,87.8,457.4,60.82,0.0,Sunny,0,Spring
2022-03-17,P0010,Groceries,729.2,99.4,0.0,60.82,0.0,Sunny,0,Spring
2022-03-18,P0010,Groceries,623.7,105.4,0.0,60.82,0.0,Hot,0,Spring
2022-03-19,P0010,Groceries,828.6,266.3,471.2,43.25,28.9,Rainy,1,Spring
2022-03-20,P0010,Groceries,608.1,220.5,0.0,37.99,37.5,Sunny,1,Spring
2022-03-21,P0010,Groceries,492.2,115.8,0.0,60.82,0.0,Sunny,0,Spring
2022-03-22,P0010,Groceries,417.7,74.5,0.0,60.82,0.0,Rainy,0,Spring
2022-03-23,P0010,Groceries,828.6,77.2,488.1,60.82,0.0,Hot,0,Spring
2022-03-24,P0010,Groceries,713.0,115.6,0.0,60.82,0.0,Rainy,0,Spring
2022-03-25,P0010,Groceries,630.2,82.8,0.0,60.82,0.0,Hot,0,Spring
2022-03-26,P0010,Groceries,449.7,180.4,0.0,41.45,31.8,Cold,1,Spring
2022-03-27,P0010,Groceries,828.6,163.2,542.0,49.54,18.5,Cold,1,Spring
2022-03-28,P0010,Groceries,746.6,81.9,0.0,60.82,0.0,Cold,0,Spring
2022-03-29,P0010,Groceries,660.8,85.9,0.0,60.82,0.0,Sunny,0,Spring
2022-03-30,P0010,Groceries,534.5,126.3,0.0,39.72,34.7,Cold,0,Spring
2022-03-31,P0010,Groceries,430.5,104.0,0.0,60.82,0.0,Rainy,0,Spring
2022-04-01,P0010,Groceries,828.6,101.4,499.5,60.82,0.0,Hot,0,Spring
2022-04-02,P0010,Groceries,674.0,154.6,0.0,45.76,24.8,Rainy,1,Spring
2022-04-03,P0010,Groceries,489.2,184.8,0.0,37.77,37.9,Sunny,1,Spring
2022-04-04,P0010,Groceries,828.6,82.1,421.5,60.82,0.0,Rainy,0,Spring
2022-04-05,P0010,Groceries,752.8,75.8,0.0,60.82,0.0,Rainy,0,Spring
2022-04-06,P0010,Groceries,690.4,62.4,0.0,60.82,0.0,Hot,0,Spring
2022-04-07,P0010,Groceries,575.7,114.6,0.0,60.82,0.0,Sunny,0,Spring
2022-04-08,P0010,Groceries,518.7,57.0,0.0,60.82,0.0,Sunny,0,Spring
2022-04-09,P0010,Groceries,828.6,240.4,550.3,36.79,39.5,Hot,1,Spring
2022-04-10,P0010,Groceries,642.0,186.6,0.0,49.43,18.7,Rainy,1,Spring
2022-04-11,P0010,Groceries,535.2,106.8,0.0,60.82,0.0,Hot,0,Spring
2022-04-12,P0010,Groceries,471.5,63.7,0.0,60.82,0.0,Hot,0,Spring
2022-04-13,P0010,Groceries,828.6,65.3,422.4,60.82,0.0,Sunny,0,Spring
2022-04-14,P0010,Groceries,697.5,131.1,0.0,60.82,0.0,Rainy,0,Spring
2022-04-15,P0010,Groceries,560.3,137.2,0.0,54.23,10.8,Cold,0,Spring
2022-04-16,P0010,Groceries,828.6,165.4,433.6,54.46,10.5,Sunny,1,Spring
2022-04-17,P0010,Groceries,613.0,215.6,0.0,45.45,25.3,Rainy,1,Spring
2022-04-18,P0010,Groceries,522.9,90.1,0.0,60.82,0.0,Sunny,0,Spring
2022-04-19,P0010,Groceries,457.4,65.4,0.0,60.82,0.0,Rainy,0,Spring
2022-04-20,P0010,Groceries,828.6,81.6,452.7,60.82,0.0,Sunny,0,Spring
2022-04-21,P0010,Groceries,718.6,110.0,0.0,60.82,0.0,Rainy,0,Spring
2022-04-22,P0010,Groceries,626.8,91.8,0.0,60.82,0.0,Sunny,0,Spring
2022-04-23,P0010,Groceries,828.6,273.1,474.9,48.54,20.2,Sunny,1,Spring
2022-04-24,P0010,Groceries,656.9,171.7,0.0,47.28,22.3,Sunny,1,Spring
2022-04-25,P0010,Groceries,577.2,79.7,0.0,60.82,0.0,Rainy,0,Spring
2022-04-26,P0010,Groceries,506.0,71.1,0.0,60.82,0.0,Sunny,0,Spring
2022-04-27,P0010,Groceries,828.6,154.3,476.9,44.16,27.4,Sunny,0,Spring
2022-04-28,P0010,Groceries,760.5,68.1,0.0,60.82,0.0,Sunny,0,Spring
2022-04-29,P0010,Groceries,648.5,112.0,0.0,60.82,0.0,Sunny,0,Spring
2022-04-30,P0010,Groceries,418.3,230.2,0.0,53.04,12.8,Hot,1,Spring
2022-05-01,P0010,Groceries,828.6,148.6,558.8,49.08,19.3,Cold,1,Spring
2022-05-02,P0010,Groceries,639.0,189.6,0.0,43.97,27.7,Rainy,0,Spring
2022-05-03,P0010,Groceries,474.5,164.4,0.0,37.99,37.5,Sunny,0,Spring
2022-05-04,P0010,Groceries,417.0,57.5,0.0,60.82,0.0,Sunny,0,Spring
2022-05-05,P0010,Groceries,828.6,175.7,587.2,42.04,30.9,Cold,0,Spring
2022-05-06,P0010,Groceries,735.1,93.5,0.0,60.82,0.0,Rainy,0,Spring
2022-05-07,P0010,Groceries,524.3,210.8,0.0,41.66,31.5,Hot,1,Spring
2022-05-08,P0010,Groceries,828.6,176.7,480.9,46.64,23.3,Sunny,1,Spring
2022-05-09,P0010,Groceries,746.6,82.0,0.0,60.82,0.0,Rainy,0,Spring
2022-05-10,P0010,Groceries,666.0,80.6,0.0,60.82,0.0,Hot,0,Spring
2022-05-11,P0010,Groceries,603.6,62.4,0.0,60.82,0.0,Hot,0,Spring
2022-05-12,P0010,Groceries,523.2,80.4,0.0,60.82,0.0,Cold,0,Spring
2022-05-13,P0010,Groceries,442.8,80.4,0.0,60.82,0.0,Cold,0,Spring
2022-05-14,P0010,Groceries,828.6,175.9,561.7,44.12,27.5,Rainy,1,Spring
2022-05-15,P0010,Groceries,611.2,217.3,0.0,46.76,23.1,Sunny,1,Spring
2022-05-16,P0010,Groceries,491.5,119.7,0.0,60.82,0.0,Rainy,0,Spring
2022-05-17,P0010,Groceries,828.6,83.7,420.7,60.82,0.0,Sunny,0,Spring
2022-05-18,P0010,Groceries,754.1,74.5,0.0,60.82,0.0,Rainy,0,Spring
2022-05-19,P0010,Groceries,672.3,81.8,0.0,60.82,0.0,Sunny,0,Spring
2022-05-20,P0010,Groceries,574.1,98.2,0.0,60.82,0.0,Rainy,0,Spring
2022-05-21,P0010,Groceries,828.6,313.8,568.3,38.12,37.3,Sunny,1,Spring
2022-05-22,P0010,Groceries,655.6,172.9,0.0,43.44,28.6,Hot,1,Spring
2022-05-23,P0010,Groceries,468.9,186.8,0.0,46.66,23.3,Hot,0,Spring
2022-05-24,P0010,Groceries,828.6,86.6,446.3,60.82,0.0,Rainy,0,Spring
2022-05-25,P0010,Groceries,673.8,154.7,0.0,54.25,10.8,Sunny,0,Spring
2022-05-26,P0010,Groceries,562.5,111.3,0.0,60.82,0.0,Rainy,0,Spring
2022-05-27,P0010,Groceries,480.4,82.1,0.0,60.82,0.0,Hot,0,Spring
2022-05-28,P0010,Groceries,828.6,206.4,554.5,53.85,11.5,Cold,1,Spring
2022-05-29,P0010,Groceries,683.5,145.1,0.0,49.37,18.8,Sunny,1,Spring
2022-05-30,P0010,Groceries,582.1,101.4,0.0,60.82,0.0,Hot,0,Spring
2022-05-31,P0010,Groceries,494.1,87.9,0.0,60.82,0.0,Rainy,0,Spring
2022-06-01,P0010,Groceries,435.0,59.1,0.0,60.82,0.0,Hot,0,Summer
2022-06-02,P0010,Groceries,828.6,71.2,464.7,60.82,0.0,Rainy,0,Summer
2022-06-03,P0010,Groceries,729.5,99.0,0.0,60.82,0.0,Rainy,0,Summer
2022-06-04,P0010,Groceries,549.4,180.2,0.0,45.56,25.1,Cold,1,Summer
2022-06-05,P0010,Groceries,828.6,170.4,449.6,42.79,29.6,Rainy,1,Summer
2022-06-06,P0010,Groceries,747.1,81.5,0.0,60.82,0.0,Rainy,0,Summer
2022-06-07,P0010,Groceries,675.1,72.0,0.0,60.82,0.0,Rainy,0,Summer
2022-06-08,P0010,Groceries,554.5,120.7,0.0,43.35,28.7,Cold,0,Summer
2022-06-09,P0010,Groceries,497.7,56.8,0.0,60.82,0.0,Cold,0,Summer
2022-06-10,P0010,Groceries,828.6,85.3,416.2,60.82,0.0,Cold,0,Summer
2022-06-11,P0010,Groceries,613.4,215.2,0.0,42.37,30.3,Sunny,1,Summer
2022-06-12,P0010,Groceries,484.9,128.4,0.0,41.56,31.7,Cold,1,Summer
2022-06-13,P0010,Groceries,425.3,59.6,0.0,60.82,0.0,Cold,0,Summer
2022-06-14,P0010,Groceries,828.6,65.2,468.5,60.82,0.0,Rainy,0,Summer
2022-06-15,P0010,Groceries,763.9,64.7,0.0,60.82,0.0,Sunny,0,Summer
2022-06-16,P0010,Groceries,598.6,165.3,0.0,47.55,21.8,Rainy,0,Summer
2022-06-17,P0010,Groceries,498.4,100.2,0.0,60.82,0.0,Sunny,0,Summer
2022-06-18,P0010,Groceries,828.6,268.6,598.8,46.0,24.4,Hot,1,Summer
2022-06-19,P0010,Groceries,710.0,118.6,0.0,52.06,14.4,Sunny,1,Summer
2022-06-20,P0010,Groceries,647.6,62.4,0.0,60.82,0.0,Rainy,0,Summer
2022-06-21,P0010,Groceries,597.1,50.5,0.0,60.82,0.0,Cold,0,Summer
2022-06-22,P0010,Groceries,541.6,55.5,0.0,60.82,0.0,Hot,0,Summer
2022-06-23,P0010,Groceries,463.9,77.7,0.0,60.82,0.0,Rainy,0,Summer
2022-06-24,P0010,Groceries,828.6,104.3,469.0,60.82,0.0,Sunny,0,Summer
2022-06-25,P0010,Groceries,571.6,257.0,0.0,43.71,28.1,Sunny,1,Summer
2022-06-26,P0010,Groceries,441.3,130.3,0.0,47.14,22.5,Rainy,1,Summer
2022-06-27,P0010,Groceries,828.6,91.0,478.2,60.82,0.0,Hot,0,Summer
2022-06-28,P0010,Groceries,774.3,54.3,0.0,60.82,0.0,Rainy,0,Summer
2022-06-29,P0010,Groceries,711.6,62.7,0.0,60.82,0.0,Hot,0,Summer
2022-06-30,P0010,Groceries,637.8,73.8,0.0,60.82,0.0,Cold,0,Summer
