data/synthetic_patterned_dataset.csv
Date,Product ID,Category,Inventory Level,Units Sold,Units Ordered,Price,Discount,Weather Condition,Holiday/Promotion,Seasonality
2022-01-01,P0011,Household,1289.5,98.4,0.0,31.47,11.7,Rainy,1,Winter
2022-01-02,P0011,Household,1175.5,114.0,0.0,23.36,34.5,Rainy,1,Winter
2022-01-03,P0011,Household,1130.1,45.4,0.0,35.65,0.0,Rainy,0,Winter
2022-01-04,P0011,Household,1078.6,51.5,0.0,35.65,0.0,Rainy,0,Winter
2022-01-05,P0011,Household,1015.4,63.3,0.0,35.65,0.0,Cold,0,Winter
2022-01-06,P0011,Household,953.8,61.5,0.0,35.65,0.0,Hot,0,Winter
2022-01-07,P0011,Household,876.6,77.3,0.0,31.26,12.3,Sunny,0,Winter
2022-01-08,P0011,Household,672.1,204.5,0.0,24.45,31.4,Hot,1,Winter
2022-01-09,P0011,Household,544.9,127.2,0.0,26.61,25.4,Hot,1,Winter
2022-01-10,P0011,Household,475.6,69.3,0.0,35.65,0.0,Rainy,0,Winter
2022-01-11,P0011,Household,422.8,52.8,0.0,35.65,0.0,Sunny,0,Winter
2022-01-12,P0011,Household,375.0,47.8,0.0,35.65,0.0,Sunny,0,Winter
2022-01-13,P0011,Household,265.2,109.8,0.0,22.52,36.8,Rainy,0,Winter
2022-01-14,P0011,Household,521.9,62.4,319.1,35.65,0.0,Hot,0,Winter
2022-01-15,P0011,Household,405.6,116.3,0.0,28.94,18.8,Rainy,1,Winter
2022-01-16,P0011,Household,304.5,101.1,0.0,27.4,23.2,Sunny,1,Winter
2022-01-17,P0011,Household,521.9,49.7,267.0,35.65,0.0,Rainy,0,Winter
2022-01-18,P0011,Household,474.0,47.9,0.0,35.65,0.0,Rainy,0,Winter
2022-01-19,P0011,Household,429.8,44.2,0.0,35.65,0.0,Cold,0,Winter
2022-01-20,P0011,Household,388.2,41.6,0.0,35.65,0.0,Rainy,0,Winter
2022-01-21,P0011,Household,342.2,46.1,0.0,35.65,0.0,Cold,0,Winter
2022-01-22,P0011,Household,521.9,87.7,267.4,31.53,11.6,Rainy,1,Winter
2022-01-23,P0011,Household,404.9,116.9,0.0,21.85,38.7,Sunny,1,Winter
2022-01-24,P0011,Household,353.0,51.9,0.0,35.65,0.0,Rainy,0,Winter
2022-01-25,P0011,Household,325.1,27.9,0.0,35.65,0.0,Sunny,0,Winter
2022-01-26,P0011,Household,521.9,99.4,296.2,26.89,24.6,Hot,0,Winter
2022-01-27,P0011,Household,424.4,97.5,0.0,25.91,27.3,Rainy,0,Winter
2022-01-28,P0011,Household,371.7,52.7,0.0,35.65,0.0,Cold,0,Winter
2022-01-29,P0011,Household,269.8,101.8,0.0,29.06,18.5,Rainy,1,Winter
2022-01-30,P0011,Household,521.9,61.4,313.5,28.28,20.7,Sunny,1,Winter
2022-01-31,P0011,Household,471.7,50.2,0.0,35.65,0.0,Cold,0,Winter
2022-02-01,P0011,Household,421.4,50.3,0.0,35.65,0.0,Hot,0,Winter
2022-02-02,P0011,Household,378.4,43.0,0.0,35.65,0.0,Sunny,0,Winter
2022-02-03,P0011,Household,332.6,45.8,0.0,35.65,0.0,Rainy,0,Winter
2022-02-04,P0011,Household,275.4,57.2,0.0,35.65,0.0,Rainy,0,Winter
2022-02-05,P0011,Household,521.9,129.5,376.0,22.57,36.7,Sunny,1,Winter
2022-02-06,P0011,Household,414.8,107.0,0.0,24.84,30.3,Sunny,1,Winter
2022-02-07,P0011,Household,350.4,64.5,0.0,35.65,0.0,Sunny,0,Winter
2022-02-08,P0011,Household,310.6,39.8,0.0,35.65,0.0,Cold,0,Winter
2022-02-09,P0011,Household,521.9,102.1,313.4,30.07,15.7,Hot,0,Winter
2022-02-10,P0011,Household,472.5,49.4,0.0,35.65,0.0,Sunny,0,Winter
2022-02-11,P0011,Household,423.0,49.5,0.0,35.65,0.0,Rainy,0,Winter
2022-02-12,P0011,Household,300.7,122.3,0.0,26.32,26.2,Sunny,1,Winter
2022-02-13,P0011,Household,521.9,90.2,311.4,26.58,25.4,Rainy,1,Winter
2022-02-14,P0011,Household,418.9,103.0,0.0,31.6,11.4,Rainy,1,Winter
2022-02-15,P0011,Household,368.9,50.0,0.0,35.65,0.0,Hot,0,Winter
2022-02-16,P0011,Household,320.3,48.6,0.0,35.65,0.0,Sunny,0,Winter
2022-02-17,P0011,Household,264.1,56.2,0.0,35.65,0.0,Rainy,0,Winter
2022-02-18,P0011,Household,521.9,50.8,308.6,35.65,0.0,Rainy,0,Winter
2022-02-19,P0011,Household,398.7,123.2,0.0,23.69,33.6,Hot,1,Winter
2022-02-20,P0011,Household,324.8,73.9,0.0,28.91,18.9,Hot,1,Winter
2022-02-21,P0011,Household,263.9,60.9,0.0,35.65,0.0,Sunny,0,Winter
2022-02-22,P0011,Household,521.9,54.4,312.4,35.65,0.0,Rainy,0,Winter
2022-02-23,P0011,Household,490.7,31.2,0.0,35.65,0.0,Sunny,0,Winter
2022-02-24,P0011,Household,415.3,75.3,0.0,26.62,25.3,Cold,0,Winter
2022-02-25,P0011,Household,362.5,52.9,0.0,35.65,0.0,Rainy,0,Winter
2022-02-26,P0011,Household,521.9,107.2,266.6,23.25,34.8,Rainy,1,Winter
2022-02-27,P0011,Household,410.7,111.2,0.0,26.84,24.7,Rainy,1,Winter
2022-02-28,P0011,Household,346.1,64.6,0.0,35.65,0.0,Sunny,0,Winter
2022-03-01,P0011,Household,285.3,60.8,0.0,35.65,0.0,Hot,0,Spring
2022-03-02,P0011,Household,521.9,50.5,287.0,35.65,0.0,Cold,0,Spring
2022-03-03,P0011,Household,478.1,43.7,0.0,35.65,0.0,Sunny,0,Spring
2022-03-04,P0011,Household,419.8,58.4,0.0,35.65,0.0,Sunny,0,Spring
2022-03-05,P0011,Household,320.8,99.0,0.0,29.42,17.5,Sunny,1,Spring
2022-03-06,P0011,Household,521.9,164.0,365.1,26.03,27.0,Rainy,1,Spring
2022-03-07,P0011,Household,453.6,68.3,0.0,35.65,0.0,Cold,0,Spring
2022-03-08,P0011,Household,411.2,42.3,0.0,35.65,0.0,Rainy,0,Spring
2022-03-09,P0011,Household,375.7,35.5,0.0,35.65,0.0,Sunny,0,Spring
2022-03-10,P0011,Household,521.9,153.1,299.3,23.74,33.4,Cold,0,Spring
2022-03-11,P0011,Household,444.1,77.8,0.0,35.65,0.0,Hot,0,Spring
2022-03-12,P0011,Household,294.8,149.3,0.0,28.67,19.6,Rainy,1,Spring
2022-03-13,P0011,Household,521.9,100.5,327.6,25.4,28.8,Sunny,1,Spring
2022-03-14,P0011,Household,445.2,76.6,0.0,35.65,0.0,Sunny,0,Spring
2022-03-15,P0011,Household,392.5,52.7,0.0,35.65,0.0,Hot,0,Spring
2022-03-16,P0011,Household,348.0,44.5,0.0,35.65,0.0,Sunny,0,Spring
2022-03-17,P0011,Household,292.6,55.4,0.0,35.65,0.0,Sunny,0,Spring
2022-03-18,P0011,Household,521.9,139.0,368.3,22.96,35.6,Hot,0,Spring
2022-03-19,P0011,Household,383.0,138.9,0.0,30.67,14.0,Rainy,1,Spring
2022-03-20,P0011,Household,291.2,91.9,0.0,29.6,17.0,Sunny,1,Spring
2022-03-21,P0011,Household,521.9,164.1,394.8,23.95,32.8,Sunny,0,Spring
2022-03-22,P0011,Household,453.3,68.6,0.0,35.65,0.0,Rainy,0,Spring
2022-03-23,P0011,Household,395.2,58.1,0.0,35.65,0.0,Hot,0,Spring
2022-03-24,P0011,Household,338.0,57.1,0.0,35.65,0.0,Rainy,0,Spring
2022-03-25,P0011,Household,282.6,55.5,0.0,35.65,0.0,Hot,0,Spring
2022-03-26,P0011,Household,521.9,134.4,373.7,29.33,17.7,Cold,1,Spring
2022-03-27,P0011,Household,410.6,111.3,0.0,23.02,35.4,Cold,1,Spring
2022-03-28,P0011,Household,345.8,64.8,0.0,35.65,0.0,Cold,0,Spring
2022-03-29,P0011,Household,296.2,49.6,0.0,35.65,0.0,Sunny,0,Spring
2022-03-30,P0011,Household,521.9,56.3,282.0,35.65,0.0,Cold,0,Spring
2022-03-31,P0011,Household,455.2,66.7,0.0,35.65,0.0,Rainy,0,Spring
2022-04-01,P0011,Household,389.0,66.2,0.0,35.65,0.0,Hot,0,Spring
2022-04-02,P0011,Household,521.9,176.3,309.2,29.11,18.3,Rainy,1,Spring
2022-04-03,P0011,Household,407.1,114.8,0.0,25.11,29.6,Sunny,1,Spring
2022-04-04,P0011,Household,324.1,83.0,0.0,35.65,0.0,Rainy,0,Spring
2022-04-05,P0011,Household,277.4,46.7,0.0,35.65,0.0,Rainy,0,Spring
2022-04-06,P0011,Household,521.9,54.7,299.1,35.65,0.0,Hot,0,Spring
2022-04-07,P0011,Household,460.5,61.4,0.0,35.65,0.0,Sunny,0,Spring
2022-04-08,P0011,Household,348.3,112.2,0.0,25.95,27.2,Sunny,0,Spring
2022-04-09,P0011,Household,521.9,151.6,325.2,24.04,32.6,Hot,1,Spring
2022-04-10,P0011,Household,374.6,147.3,0.0,22.41,37.1,Rainy,1,Spring
2022-04-11,P0011,Household,295.6,79.0,0.0,35.65,0.0,Hot,0,Spring
2022-04-12,P0011,Household,521.9,67.8,294.1,35.65,0.0,Hot,0,Spring
2022-04-13,P0011,Household,475.6,46.3,0.0,35.65,0.0,Sunny,0,Spring
2022-04-14,P0011,Household,411.0,64.6,0.0,35.65,0.0,Rainy,0,Spring
2022-04-15,P0011,Household,356.9,54.0,0.0,35.65,0.0,Cold,0,Spring
2022-04-16,P0011,Household,521.9,162.8,327.8,28.22,20.8,Sunny,1,Spring
2022-04-17,P0011,Household,426.2,95.7,0.0,27.98,21.5,Rainy,1,Spring
2022-04-18,P0011,Household,361.5,64.7,0.0,35.65,0.0,Sunny,0,Spring
2022-04-19,P0011,Household,307.3,54.2,0.0,35.65,0.0,Rainy,0,Spring
2022-04-20,P0011,Household,521.9,54.4,269.1,35.65,0.0,Sunny,0,Spring
2022-04-21,P0011,Household,457.8,64.1,0.0,35.65,0.0,Rainy,0,Spring
2022-04-22,P0011,Household,403.0,54.8,0.0,35.65,0.0,Sunny,0,Spring
2022-04-23,P0011,Household,283.4,119.7,0.0,29.02,18.6,Sunny,1,Spring
2022-04-24,P0011,Household,521.9,93.9,332.4,25.82,27.6,Sunny,1,Spring
2022-04-25,P0011,Household,464.4,57.5,0.0,35.65,0.0,Rainy,0,Spring
2022-04-26,P0011,Household,411.4,53.0,0.0,35.65,0.0,Sunny,0,Spring
2022-04-27,P0011,Household,356.2,55.2,0.0,35.65,0.0,Sunny,0,Spring
2022-04-28,P0011,Household,316.0,40.2,0.0,35.65,0.0,Sunny,0,Spring
2022-04-29,P0011,Household,521.9,105.0,310.9,30.85,13.5,Sunny,0,Spring
2022-04-30,P0011,Household,364.8,157.1,0.0,22.59,36.6,Hot,1,Spring
2022-05-01,P0011,Household,521.9,114.9,272.0,24.6,31.0,Cold,1,Spring
2022-05-02,P0011,Household,455.5,66.4,0.0,35.65,0.0,Rainy,0,Spring
2022-05-03,P0011,Household,397.6,57.9,0.0,35.65,0.0,Sunny,0,Spring
2022-05-04,P0011,Household,349.0,48.6,0.0,35.65,0.0,Sunny,0,Spring
2022-05-05,P0011,Household,271.1,77.9,0.0,35.65,0.0,Cold,0,Spring
2022-05-06,P0011,Household,521.9,49.2,300.0,35.65,0.0,Rainy,0,Spring
2022-05-07,P0011,Household,341.7,180.2,0.0,29.58,17.0,Hot,1,Spring
2022-05-08,P0011,Household,521.9,119.3,299.5,25.1,29.6,Sunny,1,Spring
2022-05-09,P0011,Household,374.3,147.6,0.0,25.86,27.5,Rainy,0,Spring
2022-05-10,P0011,Household,304.6,69.7,0.0,35.65,0.0,Hot,0,Spring
2022-05-11,P0011,Household,521.9,56.9,274.2,35.65,0.0,Hot,0,Spring
2022-05-12,P0011,Household,453.2,68.7,0.0,35.65,0.0,Cold,0,Spring
2022-05-13,P0011,Household,385.5,67.7,0.0,35.65,0.0,Cold,0,Spring
2022-05-14,P0011,Household,263.9,121.6,0.0,30.54,14.3,Rainy,1,Spring
2022-05-15,P0011,Household,521.9,131.2,389.2,25.32,29.0,Sunny,1,Spring
2022-05-16,P0011,Household,461.8,60.1,0.0,35.65,0.0,Rainy,0,Spring
2022-05-17,P0011,Household,411.9,49.9,0.0,35.65,0.0,Sunny,0,Spring
2022-05-18,P0011,Household,353.1,58.8,0.0,35.65,0.0,Rainy,0,Spring
2022-05-19,P0011,Household,304.8,48.4,0.0,35.65,0.0,Sunny,0,Spring
2022-05-20,P0011,Household,521.9,129.7,346.8,24.54,31.2,Rainy,0,Spring
2022-05-21,P0011,Household,372.4,149.5,0.0,27.51,22.8,Sunny,1,Spring
2022-05-22,P0011,Household,521.9,139.1,288.6,29.96,16.0,Hot,1,Spring
2022-05-23,P0011,Household,433.0,88.8,0.0,35.65,0.0,Hot,0,Spring
2022-05-24,P0011,Household,377.0,56.0,0.0,35.65,0.0,Rainy,0,Spring
2022-05-25,P0011,Household,521.9,117.7,262.6,22.68,36.4,Sunny,0,Spring
2022-05-26,P0011,Household,474.5,47.4,0.0,35.65,0.0,Rainy,0,Spring
2022-05-27,P0011,Household,391.1,83.4,0.0,35.65,0.0,Hot,0,Spring
2022-05-28,P0011,Household,278.4,112.6,0.0,27.66,22.4,Cold,1,Spring
2022-05-29,P0011,Household,521.9,93.1,336.6,30.39,14.8,Sunny,1,Spring
2022-05-30,P0011,Household,460.5,61.4,0.0,35.65,0.0,Hot,0,Spring
2022-05-31,P0011,Household,414.2,46.3,0.0,35.65,0.0,Rainy,0,Spring
2022-06-01,P0011,Household,339.1,75.1,0.0,35.65,0.0,Hot,0,Summer
2022-06-02,P0011,Household,282.4,56.6,0.0,35.65,0.0,Rainy,0,Summer
2022-06-03,P0011,Household,521.9,66.4,305.8,35.65,0.0,Rainy,0,Summer
2022-06-04,P0011,Household,375.8,146.1,0.0,22.01,38.3,Cold,1,Summer
2022-06-05,P0011,Household,521.9,155.6,301.6,23.8,33.3,Rainy,1,Summer
2022-06-06,P0011,Household,430.0,91.9,0.0,35.65,0.0,Rainy,0,Summer
2022-06-07,P0011,Household,360.2,69.8,0.0,35.65,0.0,Rainy,0,Summer
2022-06-08,P0011,Household,276.3,83.8,0.0,35.65,0.0,Cold,0,Summer
2022-06-09,P0011,Household,521.9,136.5,382.0,22.1,38.0,Cold,0,Summer
2022-06-10,P0011,Household,437.2,84.6,0.0,35.65,0.0,Cold,0,Summer
2022-06-11,P0011,Household,277.2,160.1,0.0,29.68,16.7,Sunny,1,Summer
2022-06-12,P0011,Household,521.9,126.9,371.6,25.77,27.7,Cold,1,Summer
2022-06-13,P0011,Household,452.6,69.3,0.0,35.65,0.0,Cold,0,Summer
2022-06-14,P0011,Household,389.2,63.4,0.0,35.65,0.0,Rainy,0,Summer
2022-06-15,P0011,Household,307.5,81.8,0.0,35.65,0.0,Sunny,0,Summer
2022-06-16,P0011,Household,521.9,86.4,300.8,35.65,0.0,Rainy,0,Summer
2022-06-17,P0011,Household,442.9,79.0,0.0,35.65,0.0,Sunny,0,Summer
2022-06-18,P0011,Household,521.9,254.7,333.7,22.23,37.7,Hot,1,Summer
2022-06-19,P0011,Household,406.7,115.2,0.0,31.9,10.5,Sunny,1,Summer
2022-06-20,P0011,Household,320.2,86.4,0.0,35.65,0.0,Rainy,0,Summer
2022-06-21,P0011,Household,270.7,49.6,0.0,35.65,0.0,Cold,0,Summer
2022-06-22,P0011,Household,521.9,81.1,332.3,35.65,0.0,Hot,0,Summer
2022-06-23,P0011,Household,449.2,72.7,0.0,35.65,0.0,Rainy,0,Summer
2022-06-24,P0011,Household,371.8,77.3,0.0,35.65,0.0,Sunny,0,Summer
2022-06-25,P0011,Household,521.9,185.8,335.9,22.07,38.1,Sunny,1,Summer
2022-06-26,P0011,Household,405.1,116.8,0.0,25.48,28.5,Rainy,1,Summer
2022-06-27,P0011,Household,361.1,44.0,0.0,35.65,0.0,Hot,0,Summer
2022-06-28,P0011,Household,296.7,64.4,0.0,35.65,0.0,Rainy,0,Summer
2022-06-29,P0011,Household,521.9,150.7,375.9,23.11,35.2,Hot,0,Summer
2022-06-30,P0011,Household,460.1,61.7,0.0,35.65,0.0,Cold,0,Summer
