data/synthetic_patterned_dataset.csv
Date,Product ID,Category,Inventory Level,Units Sold,Units Ordered,Price,Discount,Weather Condition,Holiday/Promotion,Seasonality
2022-01-01,P0012,Groceries,966.3,59.0,0.0,67.6,15.1,Rainy,1,Winter
2022-01-02,P0012,Groceries,887.0,79.3,0.0,61.61,22.6,Rainy,1,Winter
2022-01-03,P0012,Groceries,844.7,42.3,0.0,60.16,24.4,Rainy,0,Winter
2022-01-04,P0012,Groceries,818.5,26.2,0.0,79.62,0.0,Rainy,0,Winter
2022-01-05,P0012,Groceries,788.5,30.0,0.0,79.62,0.0,Cold,0,Winter
2022-01-06,P0012,Groceries,752.4,36.1,0.0,79.62,0.0,Hot,0,Winter
2022-01-07,P0012,Groceries,725.5,26.9,0.0,79.62,0.0,Sunny,0,Winter
2022-01-08,P0012,Groceries,642.1,83.4,0.0,59.79,24.9,Hot,1,Winter
2022-01-09,P0012,Groceries,575.2,66.9,0.0,66.45,16.5,Hot,1,Winter
2022-01-10,P0012,Groceries,549.4,25.8,0.0,79.62,0.0,Rainy,0,Winter
2022-01-11,P0012,Groceries,521.3,28.1,0.0,79.62,0.0,Sunny,0,Winter
2022-01-12,P0012,Groceries,492.7,28.6,0.0,79.62,0.0,Sunny,0,Winter
2022-01-13,P0012,Groceries,456.8,35.9,0.0,79.62,0.0,Rainy,0,Winter
2022-01-14,P0012,Groceries,431.6,25.2,0.0,79.62,0.0,Hot,0,Winter
2022-01-15,P0012,Groceries,374.5,57.0,0.0,57.37,27.9,Rainy,1,Winter
2022-01-16,P0012,Groceries,292.9,81.6,0.0,60.21,24.4,Sunny,1,Winter
2022-01-17,P0012,Groceries,264.7,28.2,0.0,79.62,0.0,Rainy,0,Winter
2022-01-18,P0012,Groceries,241.0,23.7,0.0,79.62,0.0,Rainy,0,Winter
2022-01-19,P0012,Groceries,207.1,34.0,0.0,79.62,0.0,Cold,0,Winter
2022-01-20,P0012,Groceries,168.9,38.2,0.0,79.62,0.0,Rainy,0,Winter
2022-01-21,P0012,Groceries,139.9,29.0,0.0,79.62,0.0,Cold,0,Winter
2022-01-22,P0012,Groceries,278.5,53.9,192.6,61.0,23.4,Rainy,1,Winter
2022-01-23,P0012,Groceries,211.2,67.3,0.0,60.21,24.4,Sunny,1,Winter
2022-01-24,P0012,Groceries,176.7,34.6,0.0,79.62,0.0,Rainy,0,Winter
2022-01-25,P0012,Groceries,150.2,26.4,0.0,79.62,0.0,Sunny,0,Winter
2022-01-26,P0012,Groceries,278.5,30.0,158.2,79.62,0.0,Hot,0,Winter
2022-01-27,P0012,Groceries,242.7,35.8,0.0,79.62,0.0,Rainy,0,Winter
2022-01-28,P0012,Groceries,211.7,31.0,0.0,79.62,0.0,Cold,0,Winter
2022-01-29,P0012,Groceries,139.9,71.7,0.0,48.37,39.2,Rainy,1,Winter
2022-01-30,P0012,Groceries,278.5,67.3,205.9,58.64,26.3,Sunny,1,Winter
2022-01-31,P0012,Groceries,239.3,39.2,0.0,79.62,0.0,Cold,0,Winter
2022-02-01,P0012,Groceries,194.8,44.4,0.0,55.37,30.5,Hot,0,Winter
2022-02-02,P0012,Groceries,169.5,25.4,0.0,79.62,0.0,Sunny,0,Winter
2022-02-03,P0012,Groceries,145.6,23.9,0.0,79.62,0.0,Rainy,0,Winter
2022-02-04,P0012,Groceries,278.5,66.7,199.6,50.84,36.1,Rainy,0,Winter
2022-02-05,P0012,Groceries,214.4,64.1,0.0,59.43,25.4,Sunny,1,Winter
2022-02-06,P0012,Groceries,159.7,54.7,0.0,67.71,15.0,Sunny,1,Winter
2022-02-07,P0012,Groceries,278.5,35.4,154.2,79.62,0.0,Sunny,0,Winter
2022-02-08,P0012,Groceries,247.0,31.5,0.0,79.62,0.0,Cold,0,Winter
2022-02-09,P0012,Groceries,216.7,30.4,0.0,79.62,0.0,Hot,0,Winter
2022-02-10,P0012,Groceries,192.3,24.4,0.0,79.62,0.0,Sunny,0,Winter
2022-02-11,P0012,Groceries,165.7,26.6,0.0,79.62,0.0,Rainy,0,Winter
2022-02-12,P0012,Groceries,278.5,75.8,188.6,49.43,37.9,Sunny,1,Winter
2022-02-13,P0012,Groceries,205.4,73.1,0.0,62.04,22.1,Rainy,1,Winter
2022-02-14,P0012,Groceries,154.3,51.1,0.0,58.6,26.4,Rainy,1,Winter
2022-02-15,P0012,Groceries,278.5,49.0,173.2,52.46,34.1,Hot,0,Winter
2022-02-16,P0012,Groceries,253.0,25.4,0.0,79.62,0.0,Sunny,0,Winter
2022-02-17,P0012,Groceries,215.6,37.4,0.0,79.62,0.0,Rainy,0,Winter
2022-02-18,P0012,Groceries,176.6,39.0,0.0,79.62,0.0,Rainy,0,Winter
2022-02-19,P0012,Groceries,278.5,66.4,168.3,61.92,22.2,Hot,1,Winter
2022-02-20,P0012,Groceries,202.8,75.7,0.0,54.16,32.0,Hot,1,Winter
2022-02-21,P0012,Groceries,174.9,27.8,0.0,79.62,0.0,Sunny,0,Winter
2022-02-22,P0012,Groceries,278.5,49.3,152.9,66.71,16.2,Rainy,0,Winter
2022-02-23,P0012,Groceries,251.9,26.6,0.0,79.62,0.0,Sunny,0,Winter
2022-02-24,P0012,Groceries,224.1,27.8,0.0,79.62,0.0,Cold,0,Winter
2022-02-25,P0012,Groceries,191.3,32.9,0.0,79.62,0.0,Rainy,0,Winter
2022-02-26,P0012,Groceries,278.5,67.4,154.6,48.36,39.3,Rainy,1,Winter
2022-02-27,P0012,Groceries,210.6,67.9,0.0,57.88,27.3,Rainy,1,Winter
2022-02-28,P0012,Groceries,158.9,51.7,0.0,56.7,28.8,Sunny,0,Winter
2022-03-01,P0012,Groceries,278.5,29.6,149.2,79.62,0.0,Hot,0,Spring
2022-03-02,P0012,Groceries,245.6,32.9,0.0,79.62,0.0,Cold,0,Spring
2022-03-03,P0012,Groceries,211.8,33.8,0.0,79.62,0.0,Sunny,0,Spring
2022-03-04,P0012,Groceries,188.7,23.1,0.0,79.62,0.0,Sunny,0,Spring
2022-03-05,P0012,Groceries,278.5,67.4,157.2,66.52,16.5,Sunny,1,Spring
2022-03-06,P0012,Groceries,203.5,75.0,0.0,68.5,14.0,Rainy,1,Spring
2022-03-07,P0012,Groceries,170.8,32.7,0.0,79.62,0.0,Cold,0,Spring
2022-03-08,P0012,Groceries,278.5,54.9,162.5,70.99,10.8,Rainy,0,Spring
2022-03-09,P0012,Groceries,249.4,29.1,0.0,79.62,0.0,Sunny,0,Spring
2022-03-10,P0012,Groceries,207.4,42.0,0.0,79.62,0.0,Cold,0,Spring
2022-03-11,P0012,Groceries,187.4,20.0,0.0,79.62,0.0,Hot,0,Spring
2022-03-12,P0012,Groceries,153.7,33.7,0.0,64.13,19.5,Rainy,1,Spring
2022-03-13,P0012,Groceries,278.5,75.2,200.0,62.46,21.6,Sunny,1,Spring
2022-03-14,P0012,Groceries,243.2,35.3,0.0,79.62,0.0,Sunny,0,Spring
2022-03-15,P0012,Groceries,213.9,29.3,0.0,79.62,0.0,Hot,0,Spring
2022-03-16,P0012,Groceries,189.8,24.0,0.0,79.62,0.0,Sunny,0,Spring
2022-03-17,P0012,Groceries,161.4,28.4,0.0,79.62,0.0,Sunny,0,Spring
2022-03-18,P0012,Groceries,278.5,28.6,145.6,79.62,0.0,Hot,0,Spring
2022-03-19,P0012,Groceries,188.7,89.8,0.0,49.88,37.3,Rainy,1,Spring
2022-03-20,P0012,Groceries,278.5,68.9,158.7,69.72,12.4,Sunny,1,Spring
2022-03-21,P0012,Groceries,227.9,50.6,0.0,61.15,23.2,Sunny,0,Spring
2022-03-22,P0012,Groceries,209.9,18.0,0.0,79.62,0.0,Rainy,0,Spring
2022-03-23,P0012,Groceries,177.4,32.5,0.0,79.62,0.0,Hot,0,Spring
2022-03-24,P0012,Groceries,278.5,55.7,156.8,62.4,21.6,Rainy,0,Spring
2022-03-25,P0012,Groceries,218.5,60.0,0.0,51.54,35.3,Hot,0,Spring
2022-03-26,P0012,Groceries,278.5,116.1,176.1,51.21,35.7,Cold,1,Spring
2022-03-27,P0012,Groceries,190.8,87.7,0.0,65.32,18.0,Cold,1,Spring
2022-03-28,P0012,Groceries,153.2,37.6,0.0,79.62,0.0,Cold,0,Spring
2022-03-29,P0012,Groceries,278.5,25.9,151.2,79.62,0.0,Sunny,0,Spring
2022-03-30,P0012,Groceries,257.1,21.3,0.0,79.62,0.0,Cold,0,Spring
2022-03-31,P0012,Groceries,216.5,40.6,0.0,79.62,0.0,Rainy,0,Spring
2022-04-01,P0012,Groceries,188.7,27.8,0.0,79.62,0.0,Hot,0,Spring
2022-04-02,P0012,Groceries,278.5,60.6,150.3,61.69,22.5,Rainy,1,Spring
2022-04-03,P0012,Groceries,219.8,58.7,0.0,64.54,18.9,Sunny,1,Spring
2022-04-04,P0012,Groceries,184.5,35.3,0.0,79.62,0.0,Rainy,0,Spring
2022-04-05,P0012,Groceries,154.8,29.7,0.0,79.62,0.0,Rainy,0,Spring
2022-04-06,P0012,Groceries,278.5,28.8,152.5,79.62,0.0,Hot,0,Spring
2022-04-07,P0012,Groceries,252.6,25.9,0.0,79.62,0.0,Sunny,0,Spring
2022-04-08,P0012,Groceries,226.3,26.3,0.0,79.62,0.0,Sunny,0,Spring
2022-04-09,P0012,Groceries,163.2,63.1,0.0,64.49,19.0,Hot,1,Spring
2022-04-10,P0012,Groceries,278.5,78.7,194.0,66.46,16.5,Rainy,1,Spring
2022-04-11,P0012,Groceries,253.8,24.6,0.0,79.62,0.0,Hot,0,Spring
2022-04-12,P0012,Groceries,212.8,41.0,0.0,56.3,29.3,Hot,0,Spring
2022-04-13,P0012,Groceries,178.8,34.0,0.0,79.62,0.0,Sunny,0,Spring
2022-04-14,P0012,Groceries,148.4,30.4,0.0,79.62,0.0,Rainy,0,Spring
2022-04-15,P0012,Groceries,278.5,38.9,169.0,79.62,0.0,Cold,0,Spring
2022-04-16,P0012,Groceries,221.5,57.0,0.0,70.53,11.4,Sunny,1,Spring
2022-04-17,P0012,Groceries,151.1,70.4,0.0,58.87,26.1,Rainy,1,Spring
2022-04-18,P0012,Groceries,278.5,30.4,157.8,79.62,0.0,Sunny,0,Spring
2022-04-19,P0012,Groceries,254.5,23.9,0.0,79.62,0.0,Rainy,0,Spring
2022-04-20,P0012,Groceries,225.9,28.6,0.0,79.62,0.0,Sunny,0,Spring
2022-04-21,P0012,Groceries,172.8,53.1,0.0,65.24,18.1,Rainy,0,Spring
2022-04-22,P0012,Groceries,145.8,27.1,0.0,79.62,0.0,Sunny,0,Spring
2022-04-23,P0012,Groceries,278.5,61.6,194.3,55.05,30.9,Sunny,1,Spring
2022-04-24,P0012,Groceries,201.2,77.3,0.0,54.23,31.9,Sunny,1,Spring
2022-04-25,P0012,Groceries,174.7,26.5,0.0,79.62,0.0,Rainy,0,Spring
2022-04-26,P0012,Groceries,150.8,23.9,0.0,79.62,0.0,Sunny,0,Spring
2022-04-27,P0012,Groceries,278.5,19.6,147.3,79.62,0.0,Sunny,0,Spring
2022-04-28,P0012,Groceries,252.2,26.3,0.0,79.62,0.0,Sunny,0,Spring
2022-04-29,P0012,Groceries,215.3,36.9,0.0,79.62,0.0,Sunny,0,Spring
2022-04-30,P0012,Groceries,278.5,82.2,145.4,62.7,21.3,Hot,1,Spring
2022-05-01,P0012,Groceries,194.0,84.5,0.0,56.92,28.5,Cold,1,Spring
2022-05-02,P0012,Groceries,162.9,31.2,0.0,79.62,0.0,Rainy,0,Spring
2022-05-03,P0012,Groceries,278.5,33.1,148.8,79.62,0.0,Sunny,0,Spring
2022-05-04,P0012,Groceries,250.5,28.0,0.0,79.62,0.0,Sunny,0,Spring
2022-05-05,P0012,Groceries,207.9,42.6,0.0,79.62,0.0,Cold,0,Spring
2022-05-06,P0012,Groceries,170.7,37.2,0.0,79.62,0.0,Rainy,0,Spring
2022-05-07,P0012,Groceries,278.5,49.2,157.0,67.01,15.8,Hot,1,Spring
2022-05-08,P0012,Groceries,215.1,63.4,0.0,54.12,32.0,Sunny,1,Spring
2022-05-09,P0012,Groceries,156.4,58.8,0.0,58.66,26.3,Rainy,0,Spring
2022-05-10,P0012,Groceries,278.5,30.6,152.7,79.62,0.0,Hot,0,Spring
2022-05-11,P0012,Groceries,249.5,29.0,0.0,79.62,0.0,Hot,0,Spring
2022-05-12,P0012,Groceries,213.5,36.0,0.0,79.62,0.0,Cold,0,Spring
2022-05-13,P0012,Groceries,173.5,40.0,0.0,79.62,0.0,Cold,0,Spring
2022-05-14,P0012,Groceries,278.5,65.9,170.9,70.35,11.6,Rainy,1,Spring
2022-05-15,P0012,Groceries,227.1,51.4,0.0,64.64,18.8,Sunny,1,Spring
2022-05-16,P0012,Groceries,195.0,32.1,0.0,79.62,0.0,Rainy,0,Spring
2022-05-17,P0012,Groceries,167.6,27.4,0.0,79.62,0.0,Sunny,0,Spring
2022-05-18,P0012,Groceries,278.5,34.7,145.6,79.62,0.0,Rainy,0,Spring
2022-05-19,P0012,Groceries,252.8,25.7,0.0,79.62,0.0,Sunny,0,Spring
2022-05-20,P0012,Groceries,218.5,34.3,0.0,79.62,0.0,Rainy,0,Spring
2022-05-21,P0012,Groceries,167.6,50.9,0.0,68.66,13.8,Sunny,1,Spring
2022-05-22,P0012,Groceries,278.5,67.2,178.0,48.19,39.5,Hot,1,Spring
2022-05-23,P0012,Groceries,255.5,23.0,0.0,79.62,0.0,Hot,0,Spring
2022-05-24,P0012,Groceries,230.6,24.8,0.0,79.62,0.0,Rainy,0,Spring
2022-05-25,P0012,Groceries,201.8,28.8,0.0,79.62,0.0,Sunny,0,Spring
2022-05-26,P0012,Groceries,174.3,27.5,0.0,79.62,0.0,Rainy,0,Spring
2022-05-27,P0012,Groceries,141.5,32.8,0.0,79.62,0.0,Hot,0,Spring
2022-05-28,P0012,Groceries,278.5,73.1,210.0,67.77,14.9,Cold,1,Spring
2022-05-29,P0012,Groceries,203.3,75.2,0.0,52.44,34.1,Sunny,1,Spring
2022-05-30,P0012,Groceries,182.7,20.6,0.0,79.62,0.0,Hot,0,Spring
2022-05-31,P0012,Groceries,164.1,18.7,0.0,79.62,0.0,Rainy,0,Spring
2022-06-01,P0012,Groceries,278.5,35.6,150.0,79.62,0.0,Hot,0,Summer
2022-06-02,P0012,Groceries,231.5,47.0,0.0,79.62,0.0,Rainy,0,Summer
2022-06-03,P0012,Groceries,187.3,44.2,0.0,79.62,0.0,Rainy,0,Summer
2022-06-04,P0012,Groceries,278.5,99.8,191.0,63.57,20.2,Cold,1,Summer
2022-06-05,P0012,Groceries,177.3,101.2,0.0,61.49,22.8,Rainy,1,Summer
2022-06-06,P0012,Groceries,147.1,30.2,0.0,79.62,0.0,Rainy,0,Summer
2022-06-07,P0012,Groceries,278.5,33.8,165.2,79.62,0.0,Rainy,0,Summer
2022-06-08,P0012,Groceries,244.0,34.5,0.0,79.62,0.0,Cold,0,Summer
2022-06-09,P0012,Groceries,202.9,41.1,0.0,79.62,0.0,Cold,0,Summer
2022-06-10,P0012,Groceries,163.7,39.2,0.0,79.62,0.0,Cold,0,Summer
2022-06-11,P0012,Groceries,278.5,106.8,221.5,47.85,39.9,Sunny,1,Summer
2022-06-12,P0012,Groceries,278.5,139.6,139.6,50.54,36.5,Cold,1,Summer
2022-06-13,P0012,Groceries,235.4,43.1,0.0,79.62,0.0,Cold,0,Summer
2022-06-14,P0012,Groceries,197.6,37.8,0.0,79.62,0.0,Rainy,0,Summer
2022-06-15,P0012,Groceries,278.5,67.9,148.8,48.95,38.5,Sunny,0,Summer
2022-06-16,P0012,Groceries,204.4,74.0,0.0,54.84,31.1,Rainy,0,Summer
2022-06-17,P0012,Groceries,162.0,42.4,0.0,79.62,0.0,Sunny,0,Summer
2022-06-18,P0012,Groceries,278.5,93.9,210.4,49.43,37.9,Hot,1,Summer
2022-06-19,P0012,Groceries,181.5,97.0,0.0,52.72,33.8,Sunny,1,Summer
2022-06-20,P0012,Groceries,150.4,31.1,0.0,79.62,0.0,Rainy,0,Summer
2022-06-21,P0012,Groceries,278.5,48.6,176.7,79.62,0.0,Cold,0,Summer
2022-06-22,P0012,Groceries,240.4,38.1,0.0,79.62,0.0,Hot,0,Summer
2022-06-23,P0012,Groceries,203.5,36.9,0.0,79.62,0.0,Rainy,0,Summer
2022-06-24,P0012,Groceries,177.1,26.4,0.0,79.62,0.0,Sunny,0,Summer
2022-06-25,P0012,Groceries,278.5,92.7,194.0,54.88,31.1,Sunny,1,Summer
2022-06-26,P0012,Groceries,179.2,99.3,0.0,60.03,24.6,Rainy,1,Summer
2022-06-27,P0012,Groceries,154.3,24.8,0.0,79.62,0.0,Hot,0,Summer
2022-06-28,P0012,Groceries,278.5,40.5,164.7,79.62,0.0,Rainy,0,Summer
2022-06-29,P0012,Groceries,242.3,36.2,0.0,79.62,0.0,Hot,0,Summer
2022-06-30,P0012,Groceries,195.6,46.7,0.0,79.62,0.0,Cold,0,Summer
