data/synthetic_patterned_dataset.csv
Date,Product ID,Category,Inventory Level,Units Sold,Units Ordered,Price,Discount,Weather Condition,Holiday/Promotion,Seasonality
2022-01-01,P0013,Beverages,1230.4,331.9,0.0,62.14,21.6,Rainy,1,Winter
2022-01-02,P0013,Beverages,771.9,458.5,0.0,56.16,29.2,Rainy,1,Winter
2022-01-03,P0013,Beverages,1307.0,126.6,661.7,79.3,0.0,Rainy,0,Winter
2022-01-04,P0013,Beverages,1198.6,108.4,0.0,79.3,0.0,Rainy,0,Winter
2022-01-05,P0013,Beverages,845.2,353.4,0.0,51.13,35.5,Cold,0,Winter
2022-01-06,P0013,Beverages,678.2,167.0,0.0,79.3,0.0,Hot,0,Winter
2022-01-07,P0013,Beverages,1307.0,121.0,749.8,79.3,0.0,Sunny,0,Winter
2022-01-08,P0013,Beverages,985.6,321.4,0.0,68.92,13.1,Hot,1,Winter
2022-01-09,P0013,Beverages,1307.0,496.7,818.1,61.34,22.7,Hot,1,Winter
2022-01-10,P0013,Beverages,1129.0,178.0,0.0,79.3,0.0,Rainy,0,Winter
2022-01-11,P0013,Beverages,971.0,158.0,0.0,79.3,0.0,Sunny,0,Winter
2022-01-12,P0013,Beverages,840.7,130.3,0.0,79.3,0.0,Sunny,0,Winter
2022-01-13,P0013,Beverages,694.4,146.4,0.0,79.3,0.0,Rainy,0,Winter
2022-01-14,P0013,Beverages,1307.0,181.5,794.1,79.3,0.0,Hot,0,Winter
2022-01-15,P0013,Beverages,1035.8,271.2,0.0,65.48,17.4,Rainy,1,Winter
2022-01-16,P0013,Beverages,1307.0,463.2,734.4,63.55,19.9,Sunny,1,Winter
2022-01-17,P0013,Beverages,904.2,402.8,0.0,61.74,22.2,Rainy,0,Winter
2022-01-18,P0013,Beverages,700.0,204.2,0.0,79.3,0.0,Rainy,0,Winter
2022-01-19,P0013,Beverages,1307.0,389.0,996.0,55.9,29.5,Cold,0,Winter
2022-01-20,P0013,Beverages,1181.2,125.8,0.0,79.3,0.0,Rainy,0,Winter
2022-01-21,P0013,Beverages,998.1,183.1,0.0,79.3,0.0,Cold,0,Winter
2022-01-22,P0013,Beverages,1307.0,496.0,804.9,57.56,27.4,Rainy,1,Winter
2022-01-23,P0013,Beverages,911.7,395.3,0.0,56.95,28.2,Sunny,1,Winter
2022-01-24,P0013,Beverages,801.8,109.9,0.0,79.3,0.0,Rainy,0,Winter
2022-01-25,P0013,Beverages,1307.0,151.7,656.9,79.3,0.0,Sunny,0,Winter
2022-01-26,P0013,Beverages,1178.9,128.1,0.0,79.3,0.0,Hot,0,Winter
2022-01-27,P0013,Beverages,1031.4,147.4,0.0,79.3,0.0,Rainy,0,Winter
2022-01-28,P0013,Beverages,896.5,135.0,0.0,79.3,0.0,Cold,0,Winter
2022-01-29,P0013,Beverages,1307.0,354.7,765.3,61.17,22.9,Rainy,1,Winter
2022-01-30,P0013,Beverages,908.7,398.3,0.0,53.43,32.6,Sunny,1,Winter
2022-01-31,P0013,Beverages,737.3,171.4,0.0,79.3,0.0,Cold,0,Winter
2022-02-01,P0013,Beverages,1307.0,191.9,761.6,79.3,0.0,Hot,0,Winter
2022-02-02,P0013,Beverages,1160.6,146.4,0.0,79.3,0.0,Sunny,0,Winter
2022-02-03,P0013,Beverages,892.2,268.5,0.0,70.43,11.2,Rainy,0,Winter
2022-02-04,P0013,Beverages,716.4,175.8,0.0,79.3,0.0,Rainy,0,Winter
2022-02-05,P0013,Beverages,1307.0,411.9,1002.6,56.01,29.4,Sunny,1,Winter
2022-02-06,P0013,Beverages,736.3,570.8,0.0,47.59,40.0,Sunny,1,Winter
2022-02-07,P0013,Beverages,1307.0,128.8,699.6,79.3,0.0,Sunny,0,Winter
2022-02-08,P0013,Beverages,1131.4,175.7,0.0,79.3,0.0,Cold,0,Winter
2022-02-09,P0013,Beverages,1006.2,125.1,0.0,79.3,0.0,Hot,0,Winter
2022-02-10,P0013,Beverages,854.9,151.3,0.0,79.3,0.0,Sunny,0,Winter
2022-02-11,P0013,Beverages,746.4,108.5,0.0,79.3,0.0,Rainy,0,Winter
2022-02-12,P0013,Beverages,1307.0,334.5,895.1,65.9,16.9,Sunny,1,Winter
2022-02-13,P0013,Beverages,814.0,493.0,0.0,71.36,10.0,Rainy,1,Winter
2022-02-14,P0013,Beverages,1307.0,351.7,844.7,57.33,27.7,Rainy,1,Winter
2022-02-15,P0013,Beverages,1014.2,292.8,0.0,68.4,13.8,Hot,0,Winter
2022-02-16,P0013,Beverages,744.8,269.4,0.0,63.93,19.4,Sunny,0,Winter
2022-02-17,P0013,Beverages,1307.0,141.1,703.3,79.3,0.0,Rainy,0,Winter
2022-02-18,P0013,Beverages,1147.7,159.3,0.0,79.3,0.0,Rainy,0,Winter
2022-02-19,P0013,Beverages,842.8,304.9,0.0,70.7,10.8,Hot,1,Winter
2022-02-20,P0013,Beverages,1307.0,429.8,894.1,68.48,13.6,Hot,1,Winter
2022-02-21,P0013,Beverages,957.5,349.5,0.0,64.58,18.6,Sunny,0,Winter
2022-02-22,P0013,Beverages,762.6,194.9,0.0,79.3,0.0,Rainy,0,Winter
2022-02-23,P0013,Beverages,1307.0,130.1,674.6,79.3,0.0,Sunny,0,Winter
2022-02-24,P0013,Beverages,923.1,383.9,0.0,56.19,29.1,Cold,0,Winter
2022-02-25,P0013,Beverages,744.8,178.3,0.0,79.3,0.0,Rainy,0,Winter
2022-02-26,P0013,Beverages,1307.0,563.8,1126.0,50.0,36.9,Rainy,1,Winter
2022-02-27,P0013,Beverages,961.5,345.5,0.0,62.54,21.1,Rainy,1,Winter
2022-02-28,P0013,Beverages,827.1,134.4,0.0,79.3,0.0,Sunny,0,Winter
2022-03-01,P0013,Beverages,704.3,122.8,0.0,79.3,0.0,Hot,0,Spring
2022-03-02,P0013,Beverages,1307.0,152.2,754.9,79.3,0.0,Cold,0,Spring
2022-03-03,P0013,Beverages,1180.0,127.0,0.0,79.3,0.0,Sunny,0,Spring
2022-03-04,P0013,Beverages,866.9,313.2,0.0,54.88,30.8,Sunny,0,Spring
2022-03-05,P0013,Beverages,1307.0,454.8,894.9,58.06,26.8,Sunny,1,Spring
2022-03-06,P0013,Beverages,947.1,359.9,0.0,66.75,15.8,Rainy,1,Spring
2022-03-07,P0013,Beverages,1307.0,379.0,738.9,67.35,15.1,Cold,0,Spring
2022-03-08,P0013,Beverages,1131.3,175.7,0.0,79.3,0.0,Rainy,0,Spring
2022-03-09,P0013,Beverages,1012.9,118.4,0.0,79.3,0.0,Sunny,0,Spring
2022-03-10,P0013,Beverages,878.7,134.3,0.0,79.3,0.0,Cold,0,Spring
2022-03-11,P0013,Beverages,754.7,123.9,0.0,79.3,0.0,Hot,0,Spring
2022-03-12,P0013,Beverages,1307.0,418.8,971.1,49.59,37.5,Rainy,1,Spring
2022-03-13,P0013,Beverages,783.2,523.9,0.0,48.71,38.6,Sunny,1,Spring
2022-03-14,P0013,Beverages,1307.0,162.0,685.8,79.3,0.0,Sunny,0,Spring
2022-03-15,P0013,Beverages,1134.2,172.8,0.0,79.3,0.0,Hot,0,Spring
2022-03-16,P0013,Beverages,1005.2,129.0,0.0,79.3,0.0,Sunny,0,Spring
2022-03-17,P0013,Beverages,869.8,135.4,0.0,79.3,0.0,Sunny,0,Spring
2022-03-18,P0013,Beverages,719.6,150.2,0.0,79.3,0.0,Hot,0,Spring
2022-03-19,P0013,Beverages,1307.0,343.7,931.0,70.04,11.7,Rainy,1,Spring
2022-03-20,P0013,Beverages,753.2,553.8,0.0,53.79,32.2,Sunny,1,Spring
2022-03-21,P0013,Beverages,1307.0,151.6,705.4,79.3,0.0,Sunny,0,Spring
2022-03-22,P0013,Beverages,1130.4,176.6,0.0,79.3,0.0,Rainy,0,Spring
2022-03-23,P0013,Beverages,995.1,135.3,0.0,79.3,0.0,Hot,0,Spring
2022-03-24,P0013,Beverages,805.4,189.7,0.0,79.3,0.0,Rainy,0,Spring
2022-03-25,P0013,Beverages,660.9,144.5,0.0,79.3,0.0,Hot,0,Spring
2022-03-26,P0013,Beverages,1307.0,498.5,1144.7,52.22,34.2,Cold,1,Spring
2022-03-27,P0013,Beverages,989.5,317.5,0.0,69.1,12.9,Cold,1,Spring
2022-03-28,P0013,Beverages,834.4,155.1,0.0,79.3,0.0,Cold,0,Spring
2022-03-29,P0013,Beverages,690.9,143.4,0.0,79.3,0.0,Sunny,0,Spring
2022-03-30,P0013,Beverages,1307.0,123.2,739.3,79.3,0.0,Cold,0,Spring
2022-03-31,P0013,Beverages,1129.4,177.6,0.0,79.3,0.0,Rainy,0,Spring
2022-04-01,P0013,Beverages,933.8,195.6,0.0,79.3,0.0,Hot,0,Spring
2022-04-02,P0013,Beverages,1307.0,476.0,849.2,49.06,38.1,Rainy,1,Spring
2022-04-03,P0013,Beverages,899.5,407.6,0.0,67.48,14.9,Sunny,1,Spring
2022-04-04,P0013,Beverages,668.2,231.3,0.0,66.07,16.7,Rainy,0,Spring
2022-04-05,P0013,Beverages,1307.0,212.7,851.5,79.3,0.0,Rainy,0,Spring
2022-04-06,P0013,Beverages,1131.2,175.8,0.0,79.3,0.0,Hot,0,Spring
2022-04-07,P0013,Beverages,1012.8,118.5,0.0,79.3,0.0,Sunny,0,Spring
2022-04-08,P0013,Beverages,842.5,170.3,0.0,79.3,0.0,Sunny,0,Spring
2022-04-09,P0013,Beverages,1307.0,453.4,918.0,56.27,29.0,Hot,1,Spring
2022-04-10,P0013,Beverages,869.5,437.5,0.0,51.59,35.0,Rainy,1,Spring
2022-04-11,P0013,Beverages,696.6,172.9,0.0,79.3,0.0,Hot,0,Spring
2022-04-12,P0013,Beverages,1307.0,135.9,746.2,79.3,0.0,Hot,0,Spring
2022-04-13,P0013,Beverages,1165.8,141.2,0.0,79.3,0.0,Sunny,0,Spring
2022-04-14,P0013,Beverages,1044.9,120.9,0.0,79.3,0.0,Rainy,0,Spring
2022-04-15,P0013,Beverages,904.6,140.3,0.0,79.3,0.0,Cold,0,Spring
2022-04-16,P0013,Beverages,1307.0,516.9,919.3,48.63,38.7,Sunny,1,Spring
2022-04-17,P0013,Beverages,979.9,327.1,0.0,64.17,19.1,Rainy,1,Spring
2022-04-18,P0013,Beverages,810.7,169.2,0.0,79.3,0.0,Sunny,0,Spring
2022-04-19,P0013,Beverages,1307.0,185.1,681.4,79.3,0.0,Rainy,0,Spring
2022-04-20,P0013,Beverages,1188.1,118.9,0.0,79.3,0.0,Sunny,0,Spring
2022-04-21,P0013,Beverages,1053.1,135.0,0.0,79.3,0.0,Rainy,0,Spring
2022-04-22,P0013,Beverages,897.7,155.4,0.0,79.3,0.0,Sunny,0,Spring
2022-04-23,P0013,Beverages,1307.0,451.6,860.9,59.89,24.5,Sunny,1,Spring
2022-04-24,P0013,Beverages,939.6,367.4,0.0,62.83,20.8,Sunny,1,Spring
2022-04-25,P0013,Beverages,847.8,91.8,0.0,79.3,0.0,Rainy,0,Spring
2022-04-26,P0013,Beverages,703.5,144.3,0.0,79.3,0.0,Sunny,0,Spring
2022-04-27,P0013,Beverages,1307.0,112.8,716.3,79.3,0.0,Sunny,0,Spring
2022-04-28,P0013,Beverages,1167.6,139.4,0.0,79.3,0.0,Sunny,0,Spring
2022-04-29,P0013,Beverages,1003.9,163.7,0.0,79.3,0.0,Sunny,0,Spring
2022-04-30,P0013,Beverages,1307.0,394.5,697.5,63.78,19.6,Hot,1,Spring
2022-05-01,P0013,Beverages,983.4,323.7,0.0,71.15,10.3,Cold,1,Spring
2022-05-02,P0013,Beverages,822.9,160.5,0.0,79.3,0.0,Rainy,0,Spring
2022-05-03,P0013,Beverages,657.9,165.0,0.0,79.3,0.0,Sunny,0,Spring
2022-05-04,P0013,Beverages,1307.0,145.8,794.9,79.3,0.0,Sunny,0,Spring
2022-05-05,P0013,Beverages,1043.5,263.5,0.0,59.95,24.4,Cold,0,Spring
2022-05-06,P0013,Beverages,919.0,124.5,0.0,79.3,0.0,Rainy,0,Spring
2022-05-07,P0013,Beverages,1307.0,379.3,767.3,67.71,14.6,Hot,1,Spring
2022-05-08,P0013,Beverages,854.6,452.4,0.0,50.25,36.6,Sunny,1,Spring
2022-05-09,P0013,Beverages,1307.0,295.8,748.3,69.11,12.9,Rainy,0,Spring
2022-05-10,P0013,Beverages,1172.9,134.1,0.0,79.3,0.0,Hot,0,Spring
2022-05-11,P0013,Beverages,1043.5,129.4,0.0,79.3,0.0,Hot,0,Spring
2022-05-12,P0013,Beverages,892.6,150.9,0.0,79.3,0.0,Cold,0,Spring
2022-05-13,P0013,Beverages,698.3,194.2,0.0,79.3,0.0,Cold,0,Spring
2022-05-14,P0013,Beverages,1307.0,362.1,970.8,67.15,15.3,Rainy,1,Spring
2022-05-15,P0013,Beverages,1307.0,676.0,676.0,51.09,35.6,Sunny,1,Spring
2022-05-16,P0013,Beverages,1132.8,174.2,0.0,79.3,0.0,Rainy,0,Spring
2022-05-17,P0013,Beverages,1007.0,125.8,0.0,79.3,0.0,Sunny,0,Spring
2022-05-18,P0013,Beverages,859.8,147.1,0.0,79.3,0.0,Rainy,0,Spring
2022-05-19,P0013,Beverages,1307.0,305.0,752.2,61.75,22.1,Sunny,0,Spring
2022-05-20,P0013,Beverages,1136.8,170.3,0.0,79.3,0.0,Rainy,0,Spring
2022-05-21,P0013,Beverages,914.4,222.3,0.0,70.94,10.5,Sunny,1,Spring
2022-05-22,P0013,Beverages,1307.0,348.6,741.2,68.18,14.0,Hot,1,Spring
2022-05-23,P0013,Beverages,1160.0,147.1,0.0,79.3,0.0,Hot,0,Spring
2022-05-24,P0013,Beverages,993.5,166.4,0.0,79.3,0.0,Rainy,0,Spring
2022-05-25,P0013,Beverages,840.7,152.8,0.0,79.3,0.0,Sunny,0,Spring
2022-05-26,P0013,Beverages,676.9,163.8,0.0,79.3,0.0,Rainy,0,Spring
2022-05-27,P0013,Beverages,1307.0,150.2,780.3,79.3,0.0,Hot,0,Spring
2022-05-28,P0013,Beverages,850.8,456.2,0.0,52.49,33.8,Cold,1,Spring
2022-05-29,P0013,Beverages,1307.0,508.2,964.4,52.91,33.3,Sunny,1,Spring
2022-05-30,P0013,Beverages,1183.1,123.9,0.0,79.3,0.0,Hot,0,Spring
2022-05-31,P0013,Beverages,1002.9,180.2,0.0,79.3,0.0,Rainy,0,Spring
2022-06-01,P0013,Beverages,796.6,206.4,0.0,79.3,0.0,Hot,0,Summer
2022-06-02,P0013,Beverages,1307.0,317.3,827.8,59.47,25.0,Rainy,0,Summer
2022-06-03,P0013,Beverages,1116.5,190.5,0.0,79.3,0.0,Rainy,0,Summer
2022-06-04,P0013,Beverages,1307.0,583.4,773.9,62.72,20.9,Cold,1,Summer
2022-06-05,P0013,Beverages,852.9,454.1,0.0,55.23,30.4,Rainy,1,Summer
2022-06-06,P0013,Beverages,1307.0,548.5,1002.7,58.68,26.0,Rainy,0,Summer
2022-06-07,P0013,Beverages,1099.4,207.6,0.0,79.3,0.0,Rainy,0,Summer
2022-06-08,P0013,Beverages,952.3,147.0,0.0,79.3,0.0,Cold,0,Summer
2022-06-09,P0013,Beverages,826.6,125.7,0.0,79.3,0.0,Cold,0,Summer
2022-06-10,P0013,Beverages,668.7,157.9,0.0,79.3,0.0,Cold,0,Summer
2022-06-11,P0013,Beverages,1307.0,541.6,1180.0,59.16,25.4,Sunny,1,Summer
2022-06-12,P0013,Beverages,732.2,574.8,0.0,62.26,21.5,Cold,1,Summer
2022-06-13,P0013,Beverages,1307.0,222.6,797.4,79.3,0.0,Cold,0,Summer
2022-06-14,P0013,Beverages,1096.1,210.9,0.0,79.3,0.0,Rainy,0,Summer
2022-06-15,P0013,Beverages,907.0,189.1,0.0,79.3,0.0,Sunny,0,Summer
2022-06-16,P0013,Beverages,720.1,186.9,0.0,79.3,0.0,Rainy,0,Summer
2022-06-17,P0013,Beverages,1307.0,235.3,822.2,79.3,0.0,Sunny,0,Summer
2022-06-18,P0013,Beverages,807.9,499.1,0.0,61.85,22.0,Hot,1,Summer
2022-06-19,P0013,Beverages,1307.0,472.3,971.4,59.03,25.6,Sunny,1,Summer
2022-06-20,P0013,Beverages,1133.1,173.9,0.0,79.3,0.0,Rainy,0,Summer
2022-06-21,P0013,Beverages,669.7,463.4,0.0,65.45,17.5,Cold,0,Summer
2022-06-22,P0013,Beverages,1307.0,204.1,841.4,79.3,0.0,Hot,0,Summer
2022-06-23,P0013,Beverages,1083.0,224.0,0.0,79.3,0.0,Rainy,0,Summer
2022-06-24,P0013,Beverages,871.6,211.4,0.0,79.3,0.0,Sunny,0,Summer
2022-06-25,P0013,Beverages,1307.0,475.4,910.8,57.59,27.4,Sunny,1,Summer
2022-06-26,P0013,Beverages,769.6,537.4,0.0,48.4,39.0,Rainy,1,Summer
2022-06-27,P0013,Beverages,1307.0,185.1,722.5,79.3,0.0,Hot,0,Summer
2022-06-28,P0013,Beverages,1062.1,245.0,0.0,79.3,0.0,Rainy,0,Summer
2022-06-29,P0013,Beverages,865.8,196.2,0.0,79.3,0.0,Hot,0,Summer
2022-06-30,P0013,Beverages,699.1,166.7,0.0,79.3,0.0,Cold,0,Summer
