data/synthetic_patterned_dataset.csv
Date,Product ID,Category,Inventory Level,Units Sold,Units Ordered,Price,Discount,Weather Condition,Holiday/Promotion,Seasonality
2022-01-01,P0014,Personal Care,979.6,242.9,0.0,33.45,17.8,Rainy,1,Winter
2022-01-02,P0014,Personal Care,723.5,256.1,0.0,28.85,29.1,Rainy,1,Winter
2022-01-03,P0014,Personal Care,1242.0,124.9,643.3,40.69,0.0,Rainy,0,Winter
2022-01-04,P0014,Personal Care,1091.6,150.3,0.0,40.69,0.0,Rainy,0,Winter
2022-01-05,P0014,Personal Care,939.8,151.8,0.0,40.69,0.0,Cold,0,Winter
2022-01-06,P0014,Personal Care,651.3,288.5,0.0,34.13,16.1,Hot,0,Winter
2022-01-07,P0014,Personal Care,1242.0,85.4,676.1,40.69,0.0,Sunny,0,Winter
2022-01-08,P0014,Personal Care,959.1,282.9,0.0,33.3,18.2,Hot,1,Winter
2022-01-09,P0014,Personal Care,657.5,301.5,0.0,30.16,25.9,Hot,1,Winter
2022-01-10,P0014,Personal Care,1242.0,113.0,697.5,40.69,0.0,Rainy,0,Winter
2022-01-11,P0014,Personal Care,1094.0,148.0,0.0,40.69,0.0,Sunny,0,Winter
2022-01-12,P0014,Personal Care,1008.8,85.2,0.0,40.69,0.0,Sunny,0,Winter
2022-01-13,P0014,Personal Care,802.8,206.0,0.0,40.69,0.0,Rainy,0,Winter
2022-01-14,P0014,Personal Care,646.0,156.7,0.0,40.69,0.0,Hot,0,Winter
2022-01-15,P0014,Personal Care,1242.0,326.0,921.9,28.67,29.5,Rainy,1,Winter
2022-01-16,P0014,Personal Care,1060.3,181.7,0.0,31.33,23.0,Sunny,1,Winter
2022-01-17,P0014,Personal Care,902.6,157.7,0.0,40.69,0.0,Rainy,0,Winter
2022-01-18,P0014,Personal Care,665.2,237.5,0.0,32.68,19.7,Rainy,0,Winter
2022-01-19,P0014,Personal Care,1242.0,121.3,698.1,40.69,0.0,Cold,0,Winter
2022-01-20,P0014,Personal Care,1093.9,148.0,0.0,40.69,0.0,Rainy,0,Winter
2022-01-21,P0014,Personal Care,948.5,145.4,0.0,40.69,0.0,Cold,0,Winter
2022-01-22,P0014,Personal Care,627.5,321.0,0.0,31.62,22.3,Rainy,1,Winter
2022-01-23,P0014,Personal Care,1242.0,239.6,854.0,26.55,34.8,Sunny,1,Winter
2022-01-24,P0014,Personal Care,1067.6,174.3,0.0,40.69,0.0,Rainy,0,Winter
2022-01-25,P0014,Personal Care,932.7,135.0,0.0,40.69,0.0,Sunny,0,Winter
2022-01-26,P0014,Personal Care,802.5,130.2,0.0,40.69,0.0,Hot,0,Winter
2022-01-27,P0014,Personal Care,626.1,176.4,0.0,40.69,0.0,Rainy,0,Winter
2022-01-28,P0014,Personal Care,1242.0,141.7,757.7,40.69,0.0,Cold,0,Winter
2022-01-29,P0014,Personal Care,875.3,366.7,0.0,26.21,35.6,Rainy,1,Winter
2022-01-30,P0014,Personal Care,641.5,233.8,0.0,25.07,38.4,Sunny,1,Winter
2022-01-31,P0014,Personal Care,1242.0,115.1,715.6,40.69,0.0,Cold,0,Winter
2022-02-01,P0014,Personal Care,1093.6,148.4,0.0,40.69,0.0,Hot,0,Winter
2022-02-02,P0014,Personal Care,871.5,222.0,0.0,25.91,36.3,Sunny,0,Winter
2022-02-03,P0014,Personal Care,708.5,163.0,0.0,40.69,0.0,Rainy,0,Winter
2022-02-04,P0014,Personal Care,1242.0,142.7,676.2,40.69,0.0,Rainy,0,Winter
2022-02-05,P0014,Personal Care,1002.3,239.6,0.0,32.0,21.4,Sunny,1,Winter
2022-02-06,P0014,Personal Care,806.1,196.2,0.0,27.07,33.5,Sunny,1,Winter
2022-02-07,P0014,Personal Care,720.8,85.3,0.0,40.69,0.0,Sunny,0,Winter
2022-02-08,P0014,Personal Care,1242.0,146.4,667.5,40.69,0.0,Cold,0,Winter
2022-02-09,P0014,Personal Care,1069.4,172.6,0.0,40.69,0.0,Hot,0,Winter
2022-02-10,P0014,Personal Care,952.0,117.4,0.0,40.69,0.0,Sunny,0,Winter
2022-02-11,P0014,Personal Care,835.2,116.8,0.0,40.69,0.0,Rainy,0,Winter
2022-02-12,P0014,Personal Care,1242.0,230.6,637.4,27.33,32.8,Sunny,1,Winter
2022-02-13,P0014,Personal Care,1043.6,198.3,0.0,28.87,29.1,Rainy,1,Winter
2022-02-14,P0014,Personal Care,864.2,179.4,0.0,34.18,16.0,Rainy,1,Winter
2022-02-15,P0014,Personal Care,1242.0,273.1,650.9,35.99,11.6,Hot,0,Winter
2022-02-16,P0014,Personal Care,1145.9,96.0,0.0,40.69,0.0,Sunny,0,Winter
2022-02-17,P0014,Personal Care,1013.1,132.8,0.0,40.69,0.0,Rainy,0,Winter
2022-02-18,P0014,Personal Care,876.2,136.9,0.0,40.69,0.0,Rainy,0,Winter
2022-02-19,P0014,Personal Care,638.7,237.5,0.0,36.48,10.3,Hot,1,Winter
2022-02-20,P0014,Personal Care,1242.0,301.5,904.7,34.04,16.4,Hot,1,Winter
2022-02-21,P0014,Personal Care,1099.7,142.2,0.0,40.69,0.0,Sunny,0,Winter
2022-02-22,P0014,Personal Care,973.8,125.9,0.0,40.69,0.0,Rainy,0,Winter
2022-02-23,P0014,Personal Care,860.7,113.1,0.0,40.69,0.0,Sunny,0,Winter
2022-02-24,P0014,Personal Care,1242.0,331.4,712.7,29.56,27.4,Cold,0,Winter
2022-02-25,P0014,Personal Care,1105.0,136.9,0.0,40.69,0.0,Rainy,0,Winter
2022-02-26,P0014,Personal Care,742.1,362.9,0.0,30.78,24.4,Rainy,1,Winter
2022-02-27,P0014,Personal Care,1242.0,308.4,808.3,25.71,36.8,Rainy,1,Winter
2022-02-28,P0014,Personal Care,1135.0,106.9,0.0,40.69,0.0,Sunny,0,Winter
2022-03-01,P0014,Personal Care,961.8,173.2,0.0,40.69,0.0,Hot,0,Spring
2022-03-02,P0014,Personal Care,824.8,137.1,0.0,40.69,0.0,Cold,0,Spring
2022-03-03,P0014,Personal Care,647.6,177.2,0.0,36.29,10.8,Sunny,0,Spring
2022-03-04,P0014,Personal Care,1242.0,114.1,708.5,40.69,0.0,Sunny,0,Spring
2022-03-05,P0014,Personal Care,989.2,252.8,0.0,32.66,19.7,Sunny,1,Spring
2022-03-06,P0014,Personal Care,787.9,201.3,0.0,33.92,16.7,Rainy,1,Spring
2022-03-07,P0014,Personal Care,672.9,115.0,0.0,40.69,0.0,Cold,0,Spring
2022-03-08,P0014,Personal Care,1242.0,161.7,730.7,40.69,0.0,Rainy,0,Spring
2022-03-09,P0014,Personal Care,1161.4,80.5,0.0,40.69,0.0,Sunny,0,Spring
2022-03-10,P0014,Personal Care,980.4,181.1,0.0,40.69,0.0,Cold,0,Spring
2022-03-11,P0014,Personal Care,822.3,158.1,0.0,40.69,0.0,Hot,0,Spring
2022-03-12,P0014,Personal Care,1242.0,269.5,689.2,28.34,30.4,Rainy,1,Spring
2022-03-13,P0014,Personal Care,1033.5,208.5,0.0,30.83,24.2,Sunny,1,Spring
2022-03-14,P0014,Personal Care,934.7,98.8,0.0,40.69,0.0,Sunny,0,Spring
2022-03-15,P0014,Personal Care,719.0,215.8,0.0,28.09,31.0,Hot,0,Spring
2022-03-16,P0014,Personal Care,1242.0,114.1,637.1,40.69,0.0,Sunny,0,Spring
2022-03-17,P0014,Personal Care,1120.2,121.8,0.0,40.69,0.0,Sunny,0,Spring
2022-03-18,P0014,Personal Care,937.6,182.5,0.0,34.46,15.3,Hot,0,Spring
2022-03-19,P0014,Personal Care,730.3,207.3,0.0,34.58,15.0,Rainy,1,Spring
2022-03-20,P0014,Personal Care,1242.0,227.3,738.9,27.18,33.2,Sunny,1,Spring
2022-03-21,P0014,Personal Care,1147.4,94.6,0.0,40.69,0.0,Sunny,0,Spring
2022-03-22,P0014,Personal Care,989.6,157.8,0.0,40.69,0.0,Rainy,0,Spring
2022-03-23,P0014,Personal Care,867.7,121.9,0.0,40.69,0.0,Hot,0,Spring
2022-03-24,P0014,Personal Care,723.8,143.9,0.0,40.69,0.0,Rainy,0,Spring
2022-03-25,P0014,Personal Care,1242.0,126.5,644.6,40.69,0.0,Hot,0,Spring
2022-03-26,P0014,Personal Care,870.0,372.0,0.0,27.78,31.7,Cold,1,Spring
2022-03-27,P0014,Personal Care,621.1,248.9,0.0,29.94,26.4,Cold,1,Spring
2022-03-28,P0014,Personal Care,1242.0,243.9,864.8,31.96,21.5,Cold,0,Spring
2022-03-29,P0014,Personal Care,1140.1,101.9,0.0,40.69,0.0,Sunny,0,Spring
2022-03-30,P0014,Personal Care,1006.9,133.1,0.0,40.69,0.0,Cold,0,Spring
2022-03-31,P0014,Personal Care,856.0,150.9,0.0,40.69,0.0,Rainy,0,Spring
2022-04-01,P0014,Personal Care,690.5,165.5,0.0,40.69,0.0,Hot,0,Spring
2022-04-02,P0014,Personal Care,1242.0,316.3,867.8,30.72,24.5,Rainy,1,Spring
2022-04-03,P0014,Personal Care,1072.9,169.1,0.0,25.64,37.0,Sunny,1,Spring
2022-04-04,P0014,Personal Care,910.3,162.5,0.0,35.5,12.8,Rainy,0,Spring
2022-04-05,P0014,Personal Care,771.5,138.9,0.0,40.69,0.0,Rainy,0,Spring
2022-04-06,P0014,Personal Care,675.1,96.4,0.0,40.69,0.0,Hot,0,Spring
2022-04-07,P0014,Personal Care,1242.0,136.0,702.9,40.69,0.0,Sunny,0,Spring
2022-04-08,P0014,Personal Care,1159.1,82.8,0.0,40.69,0.0,Sunny,0,Spring
2022-04-09,P0014,Personal Care,756.5,402.6,0.0,25.75,36.7,Hot,1,Spring
2022-04-10,P0014,Personal Care,1242.0,141.4,626.8,28.85,29.1,Rainy,1,Spring
2022-04-11,P0014,Personal Care,1109.4,132.6,0.0,40.69,0.0,Hot,0,Spring
2022-04-12,P0014,Personal Care,842.0,267.4,0.0,35.17,13.6,Hot,0,Spring
2022-04-13,P0014,Personal Care,755.7,86.3,0.0,40.69,0.0,Sunny,0,Spring
2022-04-14,P0014,Personal Care,1242.0,138.1,624.4,40.69,0.0,Rainy,0,Spring
2022-04-15,P0014,Personal Care,1093.5,148.4,0.0,40.69,0.0,Cold,0,Spring
2022-04-16,P0014,Personal Care,879.3,214.3,0.0,30.6,24.8,Sunny,1,Spring
2022-04-17,P0014,Personal Care,1242.0,303.3,666.0,28.05,31.1,Rainy,1,Spring
2022-04-18,P0014,Personal Care,1151.6,90.3,0.0,40.69,0.0,Sunny,0,Spring
2022-04-19,P0014,Personal Care,1001.4,150.2,0.0,40.69,0.0,Rainy,0,Spring
2022-04-20,P0014,Personal Care,893.4,108.0,0.0,40.69,0.0,Sunny,0,Spring
2022-04-21,P0014,Personal Care,725.6,167.7,0.0,40.69,0.0,Rainy,0,Spring
2022-04-22,P0014,Personal Care,1242.0,219.3,735.6,27.9,31.4,Sunny,0,Spring
2022-04-23,P0014,Personal Care,995.1,246.9,0.0,27.23,33.1,Sunny,1,Spring
2022-04-24,P0014,Personal Care,778.0,217.1,0.0,32.89,19.2,Sunny,1,Spring
2022-04-25,P0014,Personal Care,653.9,124.1,0.0,40.69,0.0,Rainy,0,Spring
2022-04-26,P0014,Personal Care,1242.0,118.2,706.3,40.69,0.0,Sunny,0,Spring
2022-04-27,P0014,Personal Care,1090.5,151.4,0.0,35.96,11.6,Sunny,0,Spring
2022-04-28,P0014,Personal Care,983.9,106.6,0.0,40.69,0.0,Sunny,0,Spring
2022-04-29,P0014,Personal Care,865.1,118.8,0.0,40.69,0.0,Sunny,0,Spring
2022-04-30,P0014,Personal Care,1242.0,410.6,787.5,25.6,37.1,Hot,1,Spring
2022-05-01,P0014,Personal Care,962.7,279.3,0.0,31.08,23.6,Cold,1,Spring
2022-05-02,P0014,Personal Care,840.5,122.2,0.0,40.69,0.0,Rainy,0,Spring
2022-05-03,P0014,Personal Care,729.9,110.7,0.0,40.69,0.0,Sunny,0,Spring
2022-05-04,P0014,Personal Care,640.5,89.3,0.0,40.69,0.0,Sunny,0,Spring
2022-05-05,P0014,Personal Care,1242.0,167.1,768.5,40.69,0.0,Cold,0,Spring
2022-05-06,P0014,Personal Care,1091.3,150.7,0.0,40.69,0.0,Rainy,0,Spring
2022-05-07,P0014,Personal Care,700.1,391.2,0.0,28.15,30.8,Hot,1,Spring
2022-05-08,P0014,Personal Care,1242.0,209.5,751.4,31.35,22.9,Sunny,1,Spring
2022-05-09,P0014,Personal Care,1015.5,226.4,0.0,27.88,31.5,Rainy,0,Spring
2022-05-10,P0014,Personal Care,868.6,146.9,0.0,40.69,0.0,Hot,0,Spring
2022-05-11,P0014,Personal Care,720.3,148.3,0.0,40.69,0.0,Hot,0,Spring
2022-05-12,P0014,Personal Care,1242.0,300.1,821.8,25.32,37.8,Cold,0,Spring
2022-05-13,P0014,Personal Care,1039.8,202.2,0.0,27.75,31.8,Cold,0,Spring
2022-05-14,P0014,Personal Care,808.8,230.9,0.0,35.96,11.6,Rainy,1,Spring
2022-05-15,P0014,Personal Care,627.2,181.6,0.0,33.41,17.9,Sunny,1,Spring
2022-05-16,P0014,Personal Care,1242.0,229.8,844.5,25.48,37.4,Rainy,0,Spring
2022-05-17,P0014,Personal Care,1154.4,87.6,0.0,40.69,0.0,Sunny,0,Spring
2022-05-18,P0014,Personal Care,1040.9,113.5,0.0,40.69,0.0,Rainy,0,Spring
2022-05-19,P0014,Personal Care,838.3,202.6,0.0,28.41,30.2,Sunny,0,Spring
2022-05-20,P0014,Personal Care,727.5,110.8,0.0,40.69,0.0,Rainy,0,Spring
2022-05-21,P0014,Personal Care,1242.0,217.0,731.5,32.81,19.4,Sunny,1,Spring
2022-05-22,P0014,Personal Care,1027.3,214.7,0.0,30.23,25.7,Hot,1,Spring
2022-05-23,P0014,Personal Care,868.7,158.6,0.0,40.69,0.0,Hot,0,Spring
2022-05-24,P0014,Personal Care,712.9,155.8,0.0,40.69,0.0,Rainy,0,Spring
2022-05-25,P0014,Personal Care,1242.0,103.0,632.1,40.69,0.0,Sunny,0,Spring
2022-05-26,P0014,Personal Care,1092.6,149.4,0.0,40.69,0.0,Rainy,0,Spring
2022-05-27,P0014,Personal Care,941.0,151.6,0.0,40.69,0.0,Hot,0,Spring
2022-05-28,P0014,Personal Care,1242.0,341.9,642.8,28.11,30.9,Cold,1,Spring
2022-05-29,P0014,Personal Care,1028.2,213.8,0.0,34.85,14.4,Sunny,1,Spring
2022-05-30,P0014,Personal Care,897.8,130.4,0.0,40.69,0.0,Hot,0,Spring
2022-05-31,P0014,Personal Care,718.0,179.8,0.0,40.69,0.0,Rainy,0,Spring
2022-06-01,P0014,Personal Care,1242.0,153.9,677.9,40.69,0.0,Hot,0,Summer
2022-06-02,P0014,Personal Care,1064.1,177.9,0.0,40.69,0.0,Rainy,0,Summer
2022-06-03,P0014,Personal Care,920.6,143.5,0.0,40.69,0.0,Rainy,0,Summer
2022-06-04,P0014,Personal Care,1242.0,317.0,638.4,35.26,13.3,Cold,1,Summer
2022-06-05,P0014,Personal Care,928.0,313.9,0.0,34.57,15.0,Rainy,1,Summer
2022-06-06,P0014,Personal Care,786.5,141.5,0.0,40.69,0.0,Rainy,0,Summer
2022-06-07,P0014,Personal Care,1242.0,225.9,681.3,28.57,29.8,Rainy,0,Summer
2022-06-08,P0014,Personal Care,1142.0,99.9,0.0,40.69,0.0,Cold,0,Summer
2022-06-09,P0014,Personal Care,826.6,315.4,0.0,33.38,18.0,Cold,0,Summer
2022-06-10,P0014,Personal Care,692.7,133.9,0.0,40.69,0.0,Cold,0,Summer
2022-06-11,P0014,Personal Care,1242.0,311.8,861.1,26.36,35.2,Sunny,1,Summer
2022-06-12,P0014,Personal Care,1030.2,211.8,0.0,32.66,19.7,Cold,1,Summer
2022-06-13,P0014,Personal Care,809.1,221.1,0.0,32.81,19.4,Cold,0,Summer
2022-06-14,P0014,Personal Care,651.5,157.6,0.0,40.69,0.0,Rainy,0,Summer
2022-06-15,P0014,Personal Care,1242.0,108.3,698.8,40.69,0.0,Sunny,0,Summer
2022-06-16,P0014,Personal Care,1067.7,174.3,0.0,40.69,0.0,Rainy,0,Summer
2022-06-17,P0014,Personal Care,949.8,117.9,0.0,40.69,0.0,Sunny,0,Summer
2022-06-18,P0014,Personal Care,1242.0,362.8,654.9,35.18,13.5,Hot,1,Summer
2022-06-19,P0014,Personal Care,1008.6,233.4,0.0,32.51,20.1,Sunny,1,Summer
2022-06-20,P0014,Personal Care,872.1,136.5,0.0,40.69,0.0,Rainy,0,Summer
2022-06-21,P0014,Personal Care,656.7,215.4,0.0,40.69,0.0,Cold,0,Summer
2022-06-22,P0014,Personal Care,1242.0,144.9,730.1,40.69,0.0,Hot,0,Summer
2022-06-23,P0014,Personal Care,1035.9,206.1,0.0,40.69,0.0,Rainy,0,Summer
2022-06-24,P0014,Personal Care,911.5,124.4,0.0,40.69,0.0,Sunny,0,Summer
2022-06-25,P0014,Personal Care,644.7,266.8,0.0,24.71,39.3,Sunny,1,Summer
2022-06-26,P0014,Personal Care,1242.0,238.9,836.2,33.34,18.1,Rainy,1,Summer
2022-06-27,P0014,Personal Care,1067.8,174.1,0.0,31.06,23.7,Hot,0,Summer
2022-06-28,P0014,Personal Care,875.1,192.7,0.0,40.69,0.0,Rainy,0,Summer
2022-06-29,P0014,Personal Care,719.3,155.8,0.0,40.69,0.0,Hot,0,Summer
2022-06-30,P0014,Personal Care,1242.0,207.1,729.8,40.69,0.0,Cold,0,Summer
