data/synthetic_patterned_dataset.csv
Date,Product ID,Category,Inventory Level,Units Sold,Units Ordered,Price,Discount,Weather Condition,Holiday/Promotion,Seasonality
2022-01-01,P0015,Personal Care,1020.0,47.0,0.0,69.33,11.0,Rainy,1,Winter
2022-01-02,P0015,Personal Care,947.2,72.8,0.0,67.95,12.7,Rainy,1,Winter
2022-01-03,P0015,Personal Care,895.7,51.5,0.0,49.8,36.0,Rainy,0,Winter
2022-01-04,P0015,Personal Care,837.5,58.1,0.0,64.82,16.8,Rainy,0,Winter
2022-01-05,P0015,Personal Care,797.0,40.6,0.0,77.87,0.0,Cold,0,Winter
2022-01-06,P0015,Personal Care,754.1,42.8,0.0,77.87,0.0,Hot,0,Winter
2022-01-07,P0015,Personal Care,716.1,38.1,0.0,77.87,0.0,Sunny,0,Winter
2022-01-08,P0015,Personal Care,644.9,71.1,0.0,57.78,25.8,Hot,1,Winter
2022-01-09,P0015,Personal Care,568.5,76.5,0.0,58.45,24.9,Hot,1,Winter
2022-01-10,P0015,Personal Care,536.8,31.7,0.0,77.87,0.0,Rainy,0,Winter
2022-01-11,P0015,Personal Care,500.1,36.6,0.0,77.87,0.0,Sunny,0,Winter
2022-01-12,P0015,Personal Care,464.1,36.0,0.0,77.87,0.0,Sunny,0,Winter
2022-01-13,P0015,Personal Care,425.2,39.0,0.0,77.87,0.0,Rainy,0,Winter
2022-01-14,P0015,Personal Care,386.1,39.0,0.0,68.34,12.2,Hot,0,Winter
2022-01-15,P0015,Personal Care,324.0,62.1,0.0,56.29,27.7,Rainy,1,Winter
2022-01-16,P0015,Personal Care,248.0,76.0,0.0,66.3,14.9,Sunny,1,Winter
2022-01-17,P0015,Personal Care,438.9,41.0,231.9,54.85,29.6,Rainy,0,Winter
2022-01-18,P0015,Personal Care,405.5,33.4,0.0,77.87,0.0,Rainy,0,Winter
2022-01-19,P0015,Personal Care,363.7,41.8,0.0,77.87,0.0,Cold,0,Winter
2022-01-20,P0015,Personal Care,327.6,36.1,0.0,77.87,0.0,Rainy,0,Winter
2022-01-21,P0015,Personal Care,276.9,50.8,0.0,60.18,22.7,Cold,0,Winter
2022-01-22,P0015,Personal Care,438.9,63.3,225.4,50.88,34.7,Rainy,1,Winter
2022-01-23,P0015,Personal Care,359.0,80.0,0.0,67.24,13.7,Sunny,1,Winter
2022-01-24,P0015,Personal Care,329.3,29.7,0.0,77.87,0.0,Rainy,0,Winter
2022-01-25,P0015,Personal Care,261.8,67.5,0.0,46.99,39.6,Sunny,0,Winter
2022-01-26,P0015,Personal Care,230.6,31.2,0.0,77.87,0.0,Hot,0,Winter
2022-01-27,P0015,Personal Care,438.9,34.7,243.0,77.87,0.0,Rainy,0,Winter
2022-01-28,P0015,Personal Care,400.8,38.1,0.0,77.87,0.0,Cold,0,Winter
2022-01-29,P0015,Personal Care,358.4,42.4,0.0,55.6,28.6,Rainy,1,Winter
2022-01-30,P0015,Personal Care,253.9,104.5,0.0,52.54,32.5,Sunny,1,Winter
2022-01-31,P0015,Personal Care,438.9,39.2,224.2,77.87,0.0,Cold,0,Winter
2022-02-01,P0015,Personal Care,384.4,54.5,0.0,77.87,0.0,Hot,0,Winter
2022-02-02,P0015,Personal Care,354.3,30.1,0.0,77.87,0.0,Sunny,0,Winter
2022-02-03,P0015,Personal Care,328.0,26.3,0.0,77.87,0.0,Rainy,0,Winter
2022-02-04,P0015,Personal Care,274.2,53.8,0.0,56.15,27.9,Rainy,0,Winter
2022-02-05,P0015,Personal Care,438.9,60.5,225.3,61.07,21.6,Sunny,1,Winter
2022-02-06,P0015,Personal Care,354.3,84.6,0.0,63.06,19.0,Sunny,1,Winter
2022-02-07,P0015,Personal Care,320.1,34.3,0.0,77.87,0.0,Sunny,0,Winter
2022-02-08,P0015,Personal Care,271.3,48.7,0.0,77.87,0.0,Cold,0,Winter
2022-02-09,P0015,Personal Care,234.8,36.5,0.0,77.87,0.0,Hot,0,Winter
2022-02-10,P0015,Personal Care,438.9,36.9,241.1,77.87,0.0,Sunny,0,Winter
2022-02-11,P0015,Personal Care,404.7,34.2,0.0,77.87,0.0,Rainy,0,Winter
2022-02-12,P0015,Personal Care,337.3,67.5,0.0,47.91,38.5,Sunny,1,Winter
2022-02-13,P0015,Personal Care,269.9,67.3,0.0,69.32,11.0,Rainy,1,Winter
2022-02-14,P0015,Personal Care,223.5,46.4,0.0,69.85,10.3,Rainy,1,Winter
2022-02-15,P0015,Personal Care,438.9,52.8,268.2,65.1,16.4,Hot,0,Winter
2022-02-16,P0015,Personal Care,409.0,30.0,0.0,77.87,0.0,Sunny,0,Winter
2022-02-17,P0015,Personal Care,376.1,32.9,0.0,77.87,0.0,Rainy,0,Winter
2022-02-18,P0015,Personal Care,343.6,32.5,0.0,77.87,0.0,Rainy,0,Winter
2022-02-19,P0015,Personal Care,275.9,67.7,0.0,48.5,37.7,Hot,1,Winter
2022-02-20,P0015,Personal Care,438.9,63.4,226.4,66.18,15.0,Hot,1,Winter
2022-02-21,P0015,Personal Care,409.5,29.4,0.0,77.87,0.0,Sunny,0,Winter
2022-02-22,P0015,Personal Care,369.2,40.3,0.0,77.87,0.0,Rainy,0,Winter
2022-02-23,P0015,Personal Care,328.4,40.8,0.0,77.87,0.0,Sunny,0,Winter
2022-02-24,P0015,Personal Care,290.0,38.4,0.0,77.87,0.0,Cold,0,Winter
2022-02-25,P0015,Personal Care,239.4,50.6,0.0,52.78,32.2,Rainy,0,Winter
2022-02-26,P0015,Personal Care,438.9,56.3,255.8,62.99,19.1,Rainy,1,Winter
2022-02-27,P0015,Personal Care,380.5,58.5,0.0,53.04,31.9,Rainy,1,Winter
2022-02-28,P0015,Personal Care,348.9,31.5,0.0,77.87,0.0,Sunny,0,Winter
2022-03-01,P0015,Personal Care,306.6,42.3,0.0,77.87,0.0,Hot,0,Spring
2022-03-02,P0015,Personal Care,260.5,46.1,0.0,77.87,0.0,Cold,0,Spring
2022-03-03,P0015,Personal Care,230.7,29.9,0.0,77.87,0.0,Sunny,0,Spring
2022-03-04,P0015,Personal Care,438.9,32.7,241.0,77.87,0.0,Sunny,0,Spring
2022-03-05,P0015,Personal Care,379.0,60.0,0.0,65.15,16.3,Sunny,1,Spring
2022-03-06,P0015,Personal Care,319.5,59.5,0.0,64.02,17.8,Rainy,1,Spring
2022-03-07,P0015,Personal Care,290.2,29.3,0.0,77.87,0.0,Cold,0,Spring
2022-03-08,P0015,Personal Care,235.9,54.3,0.0,77.87,0.0,Rainy,0,Spring
2022-03-09,P0015,Personal Care,438.9,45.3,248.3,62.54,19.7,Sunny,0,Spring
2022-03-10,P0015,Personal Care,407.9,31.1,0.0,77.87,0.0,Cold,0,Spring
2022-03-11,P0015,Personal Care,373.9,34.0,0.0,77.87,0.0,Hot,0,Spring
2022-03-12,P0015,Personal Care,313.7,60.2,0.0,47.01,39.6,Rainy,1,Spring
2022-03-13,P0015,Personal Care,229.7,84.0,0.0,69.48,10.8,Sunny,1,Spring
2022-03-14,P0015,Personal Care,438.9,39.4,248.7,77.87,0.0,Sunny,0,Spring
2022-03-15,P0015,Personal Care,395.5,43.5,0.0,77.87,0.0,Hot,0,Spring
2022-03-16,P0015,Personal Care,360.7,34.8,0.0,77.87,0.0,Sunny,0,Spring
2022-03-17,P0015,Personal Care,312.6,48.0,0.0,65.82,15.5,Sunny,0,Spring
2022-03-18,P0015,Personal Care,261.4,51.2,0.0,59.68,23.4,Hot,0,Spring
2022-03-19,P0015,Personal Care,438.9,53.2,230.8,69.3,11.0,Rainy,1,Spring
2022-03-20,P0015,Personal Care,372.3,66.6,0.0,69.34,11.0,Sunny,1,Spring
2022-03-21,P0015,Personal Care,339.3,33.0,0.0,77.87,0.0,Sunny,0,Spring
2022-03-22,P0015,Personal Care,289.6,49.8,0.0,77.87,0.0,Rainy,0,Spring
2022-03-23,P0015,Personal Care,255.7,33.9,0.0,77.87,0.0,Hot,0,Spring
2022-03-24,P0015,Personal Care,222.1,33.6,0.0,77.87,0.0,Rainy,0,Spring
2022-03-25,P0015,Personal Care,438.9,36.3,253.2,77.87,0.0,Hot,0,Spring
2022-03-26,P0015,Personal Care,346.7,92.2,0.0,49.93,35.9,Cold,1,Spring
2022-03-27,P0015,Personal Care,273.2,73.5,0.0,68.59,11.9,Cold,1,Spring
2022-03-28,P0015,Personal Care,234.0,39.2,0.0,77.87,0.0,Cold,0,Spring
2022-03-29,P0015,Personal Care,438.9,47.9,252.8,77.87,0.0,Sunny,0,Spring
2022-03-30,P0015,Personal Care,384.5,54.4,0.0,77.87,0.0,Cold,0,Spring
2022-03-31,P0015,Personal Care,324.5,60.0,0.0,68.34,12.2,Rainy,0,Spring
2022-04-01,P0015,Personal Care,286.6,38.0,0.0,77.87,0.0,Hot,0,Spring
2022-04-02,P0015,Personal Care,237.3,49.2,0.0,64.15,17.6,Rainy,1,Spring
2022-04-03,P0015,Personal Care,438.9,79.8,281.4,59.83,23.2,Sunny,1,Spring
2022-04-04,P0015,Personal Care,406.2,32.7,0.0,77.87,0.0,Rainy,0,Spring
2022-04-05,P0015,Personal Care,361.8,44.4,0.0,77.87,0.0,Rainy,0,Spring
2022-04-06,P0015,Personal Care,320.9,40.9,0.0,77.87,0.0,Hot,0,Spring
2022-04-07,P0015,Personal Care,280.8,40.1,0.0,77.87,0.0,Sunny,0,Spring
2022-04-08,P0015,Personal Care,249.8,31.1,0.0,77.87,0.0,Sunny,0,Spring
2022-04-09,P0015,Personal Care,438.9,70.3,259.4,53.38,31.4,Hot,1,Spring
2022-04-10,P0015,Personal Care,375.1,63.9,0.0,59.42,23.7,Rainy,1,Spring
2022-04-11,P0015,Personal Care,322.4,52.6,0.0,68.2,12.4,Hot,0,Spring
2022-04-12,P0015,Personal Care,270.7,51.8,0.0,77.87,0.0,Hot,0,Spring
2022-04-13,P0015,Personal Care,229.5,41.2,0.0,77.87,0.0,Sunny,0,Spring
2022-04-14,P0015,Personal Care,438.9,43.7,253.2,77.87,0.0,Rainy,0,Spring
2022-04-15,P0015,Personal Care,399.6,39.3,0.0,77.87,0.0,Cold,0,Spring
2022-04-16,P0015,Personal Care,334.7,64.9,0.0,58.37,25.0,Sunny,1,Spring
2022-04-17,P0015,Personal Care,274.3,60.4,0.0,69.67,10.5,Rainy,1,Spring
2022-04-18,P0015,Personal Care,246.5,27.7,0.0,77.87,0.0,Sunny,0,Spring
2022-04-19,P0015,Personal Care,438.9,48.6,241.0,77.87,0.0,Rainy,0,Spring
2022-04-20,P0015,Personal Care,406.6,32.4,0.0,77.87,0.0,Sunny,0,Spring
2022-04-21,P0015,Personal Care,356.3,50.2,0.0,53.59,31.2,Rainy,0,Spring
2022-04-22,P0015,Personal Care,322.8,33.6,0.0,77.87,0.0,Sunny,0,Spring
2022-04-23,P0015,Personal Care,255.7,67.1,0.0,59.65,23.4,Sunny,1,Spring
2022-04-24,P0015,Personal Care,438.9,109.4,292.7,48.29,38.0,Sunny,1,Spring
2022-04-25,P0015,Personal Care,393.2,45.8,0.0,69.79,10.4,Rainy,0,Spring
2022-04-26,P0015,Personal Care,331.4,61.8,0.0,77.87,0.0,Sunny,0,Spring
2022-04-27,P0015,Personal Care,292.3,39.1,0.0,77.87,0.0,Sunny,0,Spring
2022-04-28,P0015,Personal Care,264.3,28.0,0.0,77.87,0.0,Sunny,0,Spring
2022-04-29,P0015,Personal Care,237.6,26.6,0.0,77.87,0.0,Sunny,0,Spring
2022-04-30,P0015,Personal Care,438.9,79.1,280.4,60.4,22.4,Hot,1,Spring
2022-05-01,P0015,Personal Care,336.7,102.2,0.0,48.66,37.5,Cold,1,Spring
2022-05-02,P0015,Personal Care,310.5,26.2,0.0,77.87,0.0,Rainy,0,Spring
2022-05-03,P0015,Personal Care,269.8,40.7,0.0,77.87,0.0,Sunny,0,Spring
2022-05-04,P0015,Personal Care,232.9,36.9,0.0,77.87,0.0,Sunny,0,Spring
2022-05-05,P0015,Personal Care,438.9,34.1,240.2,77.87,0.0,Cold,0,Spring
2022-05-06,P0015,Personal Care,406.5,32.5,0.0,77.87,0.0,Rainy,0,Spring
2022-05-07,P0015,Personal Care,361.8,44.7,0.0,63.12,18.9,Hot,1,Spring
2022-05-08,P0015,Personal Care,257.5,104.3,0.0,50.39,35.3,Sunny,1,Spring
2022-05-09,P0015,Personal Care,224.1,33.4,0.0,77.87,0.0,Rainy,0,Spring
2022-05-10,P0015,Personal Care,438.9,46.3,261.1,77.87,0.0,Hot,0,Spring
2022-05-11,P0015,Personal Care,399.4,39.5,0.0,77.87,0.0,Hot,0,Spring
2022-05-12,P0015,Personal Care,353.2,46.3,0.0,77.87,0.0,Cold,0,Spring
2022-05-13,P0015,Personal Care,304.6,48.5,0.0,77.87,0.0,Cold,0,Spring
2022-05-14,P0015,Personal Care,226.2,78.4,0.0,53.55,31.2,Rainy,1,Spring
2022-05-15,P0015,Personal Care,438.9,71.0,283.7,55.98,28.1,Sunny,1,Spring
2022-05-16,P0015,Personal Care,384.1,54.8,0.0,55.0,29.4,Rainy,0,Spring
2022-05-17,P0015,Personal Care,332.9,51.2,0.0,77.87,0.0,Sunny,0,Spring
2022-05-18,P0015,Personal Care,291.6,41.4,0.0,77.87,0.0,Rainy,0,Spring
2022-05-19,P0015,Personal Care,253.1,38.5,0.0,77.87,0.0,Sunny,0,Spring
2022-05-20,P0015,Personal Care,220.9,32.2,0.0,77.87,0.0,Rainy,0,Spring
2022-05-21,P0015,Personal Care,438.9,63.0,281.1,56.18,27.8,Sunny,1,Spring
2022-05-22,P0015,Personal Care,354.6,84.3,0.0,62.26,20.0,Hot,1,Spring
2022-05-23,P0015,Personal Care,302.4,52.2,0.0,60.95,21.7,Hot,0,Spring
2022-05-24,P0015,Personal Care,251.3,51.1,0.0,58.88,24.4,Rainy,0,Spring
2022-05-25,P0015,Personal Care,438.9,51.5,239.2,77.87,0.0,Sunny,0,Spring
2022-05-26,P0015,Personal Care,414.8,24.1,0.0,77.87,0.0,Rainy,0,Spring
2022-05-27,P0015,Personal Care,376.5,38.3,0.0,77.87,0.0,Hot,0,Spring
2022-05-28,P0015,Personal Care,300.8,75.7,0.0,60.93,21.8,Cold,1,Spring
2022-05-29,P0015,Personal Care,233.0,67.7,0.0,56.03,28.0,Sunny,1,Spring
2022-05-30,P0015,Personal Care,438.9,42.1,248.0,77.87,0.0,Hot,0,Spring
2022-05-31,P0015,Personal Care,390.1,48.8,0.0,77.87,0.0,Rainy,0,Spring
2022-06-01,P0015,Personal Care,334.3,55.8,0.0,77.87,0.0,Hot,0,Summer
2022-06-02,P0015,Personal Care,298.9,35.4,0.0,77.87,0.0,Rainy,0,Summer
2022-06-03,P0015,Personal Care,263.5,35.4,0.0,77.87,0.0,Rainy,0,Summer
2022-06-04,P0015,Personal Care,438.9,81.1,256.5,60.08,22.8,Cold,1,Summer
2022-06-05,P0015,Personal Care,356.5,82.4,0.0,55.0,29.4,Rainy,1,Summer
2022-06-06,P0015,Personal Care,313.8,42.7,0.0,69.11,11.2,Rainy,0,Summer
2022-06-07,P0015,Personal Care,258.9,54.9,0.0,77.87,0.0,Rainy,0,Summer
2022-06-08,P0015,Personal Care,438.9,56.4,236.4,77.87,0.0,Cold,0,Summer
2022-06-09,P0015,Personal Care,379.4,59.5,0.0,77.87,0.0,Cold,0,Summer
2022-06-10,P0015,Personal Care,308.6,70.8,0.0,77.87,0.0,Cold,0,Summer
2022-06-11,P0015,Personal Care,438.9,98.6,228.9,55.85,28.3,Sunny,1,Summer
2022-06-12,P0015,Personal Care,353.8,85.2,0.0,60.58,22.2,Cold,1,Summer
2022-06-13,P0015,Personal Care,295.4,58.3,0.0,67.84,12.9,Cold,0,Summer
2022-06-14,P0015,Personal Care,247.1,48.3,0.0,77.87,0.0,Rainy,0,Summer
2022-06-15,P0015,Personal Care,438.9,53.6,245.4,69.16,11.2,Sunny,0,Summer
2022-06-16,P0015,Personal Care,397.6,41.4,0.0,77.87,0.0,Rainy,0,Summer
2022-06-17,P0015,Personal Care,352.8,44.8,0.0,77.87,0.0,Sunny,0,Summer
2022-06-18,P0015,Personal Care,301.1,51.7,0.0,60.46,22.4,Hot,1,Summer
2022-06-19,P0015,Personal Care,438.9,94.0,231.8,56.64,27.3,Sunny,1,Summer
2022-06-20,P0015,Personal Care,374.2,64.7,0.0,60.0,22.9,Rainy,0,Summer
2022-06-21,P0015,Personal Care,294.7,79.5,0.0,66.45,14.7,Cold,0,Summer
2022-06-22,P0015,Personal Care,258.4,36.2,0.0,77.87,0.0,Hot,0,Summer
2022-06-23,P0015,Personal Care,438.9,45.0,225.5,77.87,0.0,Rainy,0,Summer
2022-06-24,P0015,Personal Care,391.2,47.7,0.0,77.87,0.0,Sunny,0,Summer
2022-06-25,P0015,Personal Care,297.3,94.0,0.0,48.21,38.1,Sunny,1,Summer
2022-06-26,P0015,Personal Care,238.4,58.9,0.0,55.9,28.2,Rainy,1,Summer
2022-06-27,P0015,Personal Care,438.9,36.8,237.4,77.87,0.0,Hot,0,Summer
2022-06-28,P0015,Personal Care,382.0,56.9,0.0,77.87,0.0,Rainy,0,Summer
2022-06-29,P0015,Personal Care,339.7,42.3,0.0,77.87,0.0,Hot,0,Summer
2022-06-30,P0015,Personal Care,282.2,57.6,0.0,53.41,31.4,Cold,0,Summer
