data/synthetic_patterned_dataset.csv
Date,Product ID,Category,Inventory Level,Units Sold,Units Ordered,Price,Discount,Weather Condition,Holiday/Promotion,Seasonality
2022-01-01,P0016,Household,1422.0,135.6,0.0,32.23,18.1,Rainy,1,Winter
2022-01-02,P0016,Household,1125.7,296.3,0.0,24.68,37.3,Rainy,1,Winter
2022-01-03,P0016,Household,1062.2,63.5,0.0,39.37,0.0,Rainy,0,Winter
2022-01-04,P0016,Household,1006.1,56.1,0.0,39.37,0.0,Rainy,0,Winter
2022-01-05,P0016,Household,932.7,73.4,0.0,39.37,0.0,Cold,0,Winter
2022-01-06,P0016,Household,761.3,171.4,0.0,29.1,26.1,Hot,0,Winter
2022-01-07,P0016,Household,663.8,97.5,0.0,39.37,0.0,Sunny,0,Winter
2022-01-08,P0016,Household,1301.1,132.7,769.9,33.12,15.9,Hot,1,Winter
2022-01-09,P0016,Household,1083.9,217.2,0.0,26.93,31.6,Hot,1,Winter
2022-01-10,P0016,Household,847.5,236.5,0.0,24.12,38.7,Rainy,0,Winter
2022-01-11,P0016,Household,775.8,71.7,0.0,39.37,0.0,Sunny,0,Winter
2022-01-12,P0016,Household,1301.1,260.3,785.7,24.13,38.7,Sunny,0,Winter
2022-01-13,P0016,Household,1226.0,75.1,0.0,39.37,0.0,Rainy,0,Winter
2022-01-14,P0016,Household,1103.8,122.2,0.0,39.37,0.0,Hot,0,Winter
2022-01-15,P0016,Household,910.1,193.8,0.0,29.95,23.9,Rainy,1,Winter
2022-01-16,P0016,Household,766.0,144.1,0.0,34.47,12.4,Sunny,1,Winter
2022-01-17,P0016,Household,711.7,54.3,0.0,39.37,0.0,Rainy,0,Winter
2022-01-18,P0016,Household,1301.1,91.7,681.1,39.37,0.0,Rainy,0,Winter
2022-01-19,P0016,Household,1198.1,103.0,0.0,39.37,0.0,Cold,0,Winter
2022-01-20,P0016,Household,1121.4,76.7,0.0,39.37,0.0,Rainy,0,Winter
2022-01-21,P0016,Household,1040.5,80.9,0.0,39.37,0.0,Cold,0,Winter
2022-01-22,P0016,Household,863.6,176.9,0.0,34.02,13.6,Rainy,1,Winter
2022-01-23,P0016,Household,762.5,101.1,0.0,34.49,12.4,Sunny,1,Winter
2022-01-24,P0016,Household,702.0,60.5,0.0,39.37,0.0,Rainy,0,Winter
2022-01-25,P0016,Household,1301.1,249.1,848.2,26.62,32.4,Sunny,0,Winter
2022-01-26,P0016,Household,1209.9,91.2,0.0,39.37,0.0,Hot,0,Winter
2022-01-27,P0016,Household,1137.7,72.2,0.0,39.37,0.0,Rainy,0,Winter
2022-01-28,P0016,Household,1031.6,106.1,0.0,39.37,0.0,Cold,0,Winter
2022-01-29,P0016,Household,777.1,254.5,0.0,26.32,33.2,Rainy,1,Winter
2022-01-30,P0016,Household,1301.1,300.1,824.1,31.38,20.3,Sunny,1,Winter
2022-01-31,P0016,Household,1191.3,109.8,0.0,35.09,10.9,Cold,0,Winter
2022-02-01,P0016,Household,1101.6,89.7,0.0,39.37,0.0,Hot,0,Winter
2022-02-02,P0016,Household,1012.2,89.4,0.0,39.37,0.0,Sunny,0,Winter
2022-02-03,P0016,Household,966.8,45.5,0.0,39.37,0.0,Rainy,0,Winter
2022-02-04,P0016,Household,882.0,84.7,0.0,39.37,0.0,Rainy,0,Winter
2022-02-05,P0016,Household,1301.1,371.4,790.4,25.43,35.4,Sunny,1,Winter
2022-02-06,P0016,Household,1049.2,251.9,0.0,26.8,31.9,Sunny,1,Winter
2022-02-07,P0016,Household,967.6,81.6,0.0,39.37,0.0,Sunny,0,Winter
2022-02-08,P0016,Household,798.3,169.2,0.0,28.55,27.5,Cold,0,Winter
2022-02-09,P0016,Household,699.7,98.7,0.0,39.37,0.0,Hot,0,Winter
2022-02-10,P0016,Household,1301.1,205.5,806.9,30.77,21.8,Sunny,0,Winter
2022-02-11,P0016,Household,1233.1,68.0,0.0,39.37,0.0,Rainy,0,Winter
2022-02-12,P0016,Household,919.4,313.7,0.0,26.45,32.8,Sunny,1,Winter
2022-02-13,P0016,Household,738.1,181.3,0.0,28.09,28.7,Rainy,1,Winter
2022-02-14,P0016,Household,1301.1,121.7,684.7,33.18,15.7,Rainy,1,Winter
2022-02-15,P0016,Household,1063.7,237.4,0.0,26.4,32.9,Hot,0,Winter
2022-02-16,P0016,Household,960.5,103.3,0.0,39.37,0.0,Sunny,0,Winter
2022-02-17,P0016,Household,894.1,66.3,0.0,39.37,0.0,Rainy,0,Winter
2022-02-18,P0016,Household,829.9,64.3,0.0,39.37,0.0,Rainy,0,Winter
2022-02-19,P0016,Household,1301.1,242.7,713.9,24.3,38.3,Hot,1,Winter
2022-02-20,P0016,Household,1088.6,212.5,0.0,26.58,32.5,Hot,1,Winter
2022-02-21,P0016,Household,995.1,93.6,0.0,39.37,0.0,Sunny,0,Winter
2022-02-22,P0016,Household,918.6,76.5,0.0,39.37,0.0,Rainy,0,Winter
2022-02-23,P0016,Household,794.6,124.0,0.0,39.37,0.0,Sunny,0,Winter
2022-02-24,P0016,Household,704.0,90.6,0.0,39.37,0.0,Cold,0,Winter
2022-02-25,P0016,Household,1301.1,72.9,670.0,39.37,0.0,Rainy,0,Winter
2022-02-26,P0016,Household,1048.1,253.0,0.0,23.81,39.5,Rainy,1,Winter
2022-02-27,P0016,Household,874.8,173.3,0.0,35.14,10.8,Rainy,1,Winter
2022-02-28,P0016,Household,779.8,94.9,0.0,39.37,0.0,Sunny,0,Winter
2022-03-01,P0016,Household,651.1,128.7,0.0,39.37,0.0,Hot,0,Spring
2022-03-02,P0016,Household,1301.1,225.0,874.9,27.38,30.5,Cold,0,Spring
2022-03-03,P0016,Household,1159.0,142.1,0.0,39.37,0.0,Sunny,0,Spring
2022-03-04,P0016,Household,1011.7,147.3,0.0,39.37,0.0,Sunny,0,Spring
2022-03-05,P0016,Household,686.7,325.0,0.0,33.87,14.0,Sunny,1,Spring
2022-03-06,P0016,Household,1301.1,280.8,895.2,31.51,20.0,Rainy,1,Spring
2022-03-07,P0016,Household,1226.3,74.8,0.0,39.37,0.0,Cold,0,Spring
2022-03-08,P0016,Household,1088.8,137.5,0.0,39.37,0.0,Rainy,0,Spring
2022-03-09,P0016,Household,711.0,377.7,0.0,25.81,34.5,Sunny,0,Spring
2022-03-10,P0016,Household,1301.1,115.5,705.6,39.37,0.0,Cold,0,Spring
2022-03-11,P0016,Household,1099.4,201.7,0.0,34.09,13.4,Hot,0,Spring
2022-03-12,P0016,Household,851.1,248.3,0.0,25.97,34.1,Rainy,1,Spring
2022-03-13,P0016,Household,1301.1,433.1,883.2,33.05,16.1,Sunny,1,Spring
2022-03-14,P0016,Household,1153.5,147.6,0.0,39.37,0.0,Sunny,0,Spring
2022-03-15,P0016,Household,984.3,169.2,0.0,39.37,0.0,Hot,0,Spring
2022-03-16,P0016,Household,824.3,159.9,0.0,39.37,0.0,Sunny,0,Spring
2022-03-17,P0016,Household,676.7,147.6,0.0,39.37,0.0,Sunny,0,Spring
2022-03-18,P0016,Household,1301.1,123.1,747.4,39.37,0.0,Hot,0,Spring
2022-03-19,P0016,Household,1073.1,228.0,0.0,30.75,21.9,Rainy,1,Spring
2022-03-20,P0016,Household,748.0,325.1,0.0,31.65,19.6,Sunny,1,Spring
2022-03-21,P0016,Household,1301.1,137.6,690.7,39.37,0.0,Sunny,0,Spring
2022-03-22,P0016,Household,1176.3,124.8,0.0,39.37,0.0,Rainy,0,Spring
2022-03-23,P0016,Household,1023.2,153.2,0.0,39.37,0.0,Hot,0,Spring
2022-03-24,P0016,Household,921.7,101.5,0.0,39.37,0.0,Rainy,0,Spring
2022-03-25,P0016,Household,684.7,236.9,0.0,31.23,20.7,Hot,0,Spring
2022-03-26,P0016,Household,1301.1,228.8,845.2,34.85,11.5,Cold,1,Spring
2022-03-27,P0016,Household,1086.2,214.9,0.0,34.23,13.1,Cold,1,Spring
2022-03-28,P0016,Household,986.9,99.3,0.0,39.37,0.0,Cold,0,Spring
2022-03-29,P0016,Household,804.2,182.7,0.0,39.37,0.0,Sunny,0,Spring
2022-03-30,P0016,Household,1301.1,233.5,730.4,30.04,23.7,Cold,0,Spring
2022-03-31,P0016,Household,1199.5,101.6,0.0,39.37,0.0,Rainy,0,Spring
2022-04-01,P0016,Household,1066.7,132.7,0.0,39.37,0.0,Hot,0,Spring
2022-04-02,P0016,Household,708.4,358.3,0.0,26.9,31.7,Rainy,1,Spring
2022-04-03,P0016,Household,1301.1,288.4,881.0,32.3,18.0,Sunny,1,Spring
2022-04-04,P0016,Household,1183.3,117.8,0.0,39.37,0.0,Rainy,0,Spring
2022-04-05,P0016,Household,1061.3,122.0,0.0,39.37,0.0,Rainy,0,Spring
2022-04-06,P0016,Household,935.9,125.4,0.0,39.37,0.0,Hot,0,Spring
2022-04-07,P0016,Household,836.3,99.6,0.0,39.37,0.0,Sunny,0,Spring
2022-04-08,P0016,Household,705.5,130.8,0.0,39.37,0.0,Sunny,0,Spring
2022-04-09,P0016,Household,1301.1,330.4,926.1,28.03,28.8,Hot,1,Spring
2022-04-10,P0016,Household,1086.2,214.9,0.0,34.83,11.5,Rainy,1,Spring
2022-04-11,P0016,Household,951.1,135.2,0.0,39.37,0.0,Hot,0,Spring
2022-04-12,P0016,Household,805.0,146.0,0.0,39.37,0.0,Hot,0,Spring
2022-04-13,P0016,Household,1301.1,161.6,657.7,39.37,0.0,Sunny,0,Spring
2022-04-14,P0016,Household,1186.9,114.2,0.0,39.37,0.0,Rainy,0,Spring
2022-04-15,P0016,Household,1021.6,165.3,0.0,39.37,0.0,Cold,0,Spring
2022-04-16,P0016,Household,683.2,338.4,0.0,31.25,20.6,Sunny,1,Spring
2022-04-17,P0016,Household,1301.1,286.3,904.2,29.48,25.1,Rainy,1,Spring
2022-04-18,P0016,Household,1181.4,119.7,0.0,39.37,0.0,Sunny,0,Spring
2022-04-19,P0016,Household,1036.2,145.2,0.0,39.37,0.0,Rainy,0,Spring
2022-04-20,P0016,Household,833.6,202.7,0.0,39.37,0.0,Sunny,0,Spring
2022-04-21,P0016,Household,750.0,83.6,0.0,39.37,0.0,Rainy,0,Spring
2022-04-22,P0016,Household,1301.1,164.6,715.7,39.37,0.0,Sunny,0,Spring
2022-04-23,P0016,Household,926.6,374.5,0.0,29.29,25.6,Sunny,1,Spring
2022-04-24,P0016,Household,1301.1,351.1,725.6,27.8,29.4,Sunny,1,Spring
2022-04-25,P0016,Household,1211.6,89.5,0.0,39.37,0.0,Rainy,0,Spring
2022-04-26,P0016,Household,1015.1,196.5,0.0,39.37,0.0,Sunny,0,Spring
2022-04-27,P0016,Household,1301.1,384.8,670.7,29.11,26.1,Sunny,0,Spring
2022-04-28,P0016,Household,1134.3,166.8,0.0,39.37,0.0,Sunny,0,Spring
2022-04-29,P0016,Household,999.9,134.5,0.0,39.37,0.0,Sunny,0,Spring
2022-04-30,P0016,Household,664.9,335.0,0.0,31.98,18.8,Hot,1,Spring
2022-05-01,P0016,Household,1301.1,315.0,951.2,29.46,25.2,Cold,1,Spring
2022-05-02,P0016,Household,1185.9,115.2,0.0,39.37,0.0,Rainy,0,Spring
2022-05-03,P0016,Household,1027.9,158.0,0.0,39.37,0.0,Sunny,0,Spring
2022-05-04,P0016,Household,858.8,169.1,0.0,39.37,0.0,Sunny,0,Spring
2022-05-05,P0016,Household,719.2,139.6,0.0,39.37,0.0,Cold,0,Spring
2022-05-06,P0016,Household,1301.1,114.2,696.1,39.37,0.0,Rainy,0,Spring
2022-05-07,P0016,Household,1053.1,248.0,0.0,33.5,14.9,Hot,1,Spring
2022-05-08,P0016,Household,764.3,288.8,0.0,35.02,11.1,Sunny,1,Spring
2022-05-09,P0016,Household,659.3,105.0,0.0,39.37,0.0,Rainy,0,Spring
2022-05-10,P0016,Household,1301.1,113.7,755.4,39.37,0.0,Hot,0,Spring
2022-05-11,P0016,Household,1148.8,152.3,0.0,39.37,0.0,Hot,0,Spring
2022-05-12,P0016,Household,935.1,213.7,0.0,26.82,31.9,Cold,0,Spring
2022-05-13,P0016,Household,818.2,116.9,0.0,39.37,0.0,Cold,0,Spring
2022-05-14,P0016,Household,1301.1,349.7,832.6,24.1,38.8,Rainy,1,Spring
2022-05-15,P0016,Household,856.5,444.6,0.0,25.98,34.0,Sunny,1,Spring
2022-05-16,P0016,Household,762.4,94.1,0.0,39.37,0.0,Rainy,0,Spring
2022-05-17,P0016,Household,1301.1,175.7,714.4,39.37,0.0,Sunny,0,Spring
2022-05-18,P0016,Household,1154.9,146.2,0.0,39.37,0.0,Rainy,0,Spring
2022-05-19,P0016,Household,1067.9,87.0,0.0,39.37,0.0,Sunny,0,Spring
2022-05-20,P0016,Household,967.8,100.1,0.0,39.37,0.0,Rainy,0,Spring
2022-05-21,P0016,Household,1301.1,323.1,656.4,32.34,17.9,Sunny,1,Spring
2022-05-22,P0016,Household,1061.2,239.9,0.0,32.71,16.9,Hot,1,Spring
2022-05-23,P0016,Household,935.1,126.0,0.0,39.37,0.0,Hot,0,Spring
2022-05-24,P0016,Household,680.0,255.1,0.0,28.51,27.6,Rainy,0,Spring
2022-05-25,P0016,Household,1301.1,102.4,723.4,39.37,0.0,Sunny,0,Spring
2022-05-26,P0016,Household,1190.7,110.4,0.0,39.37,0.0,Rainy,0,Spring
2022-05-27,P0016,Household,1033.6,157.1,0.0,39.37,0.0,Hot,0,Spring
2022-05-28,P0016,Household,745.7,287.9,0.0,30.83,21.7,Cold,1,Spring
2022-05-29,P0016,Household,1301.1,261.2,816.6,29.56,24.9,Sunny,1,Spring
2022-05-30,P0016,Household,1203.6,97.5,0.0,39.37,0.0,Hot,0,Spring
2022-05-31,P0016,Household,1067.6,136.0,0.0,39.37,0.0,Rainy,0,Spring
2022-06-01,P0016,Household,942.3,125.3,0.0,39.37,0.0,Hot,0,Summer
2022-06-02,P0016,Household,841.4,100.9,0.0,39.37,0.0,Rainy,0,Summer
2022-06-03,P0016,Household,717.6,123.8,0.0,39.37,0.0,Rainy,0,Summer
2022-06-04,P0016,Household,1301.1,332.8,916.3,28.3,28.1,Cold,1,Summer
2022-06-05,P0016,Household,918.3,382.8,0.0,26.46,32.8,Rainy,1,Summer
2022-06-06,P0016,Household,827.1,91.2,0.0,39.37,0.0,Rainy,0,Summer
2022-06-07,P0016,Household,1301.1,394.0,868.0,24.41,38.0,Rainy,0,Summer
2022-06-08,P0016,Household,1159.5,141.6,0.0,39.37,0.0,Cold,0,Summer
2022-06-09,P0016,Household,1016.5,143.0,0.0,39.37,0.0,Cold,0,Summer
2022-06-10,P0016,Household,883.3,133.2,0.0,39.37,0.0,Cold,0,Summer
2022-06-11,P0016,Household,1301.1,439.1,856.9,23.99,39.1,Sunny,1,Summer
2022-06-12,P0016,Household,1021.5,279.6,0.0,31.94,18.9,Cold,1,Summer
2022-06-13,P0016,Household,912.8,108.7,0.0,39.37,0.0,Cold,0,Summer
2022-06-14,P0016,Household,752.7,160.1,0.0,39.37,0.0,Rainy,0,Summer
2022-06-15,P0016,Household,1301.1,163.1,711.5,39.37,0.0,Sunny,0,Summer
2022-06-16,P0016,Household,1222.3,78.8,0.0,39.37,0.0,Rainy,0,Summer
2022-06-17,P0016,Household,962.0,260.3,0.0,32.55,17.3,Sunny,0,Summer
2022-06-18,P0016,Household,1301.1,396.9,736.0,29.35,25.5,Hot,1,Summer
2022-06-19,P0016,Household,942.5,358.6,0.0,25.49,35.3,Sunny,1,Summer
2022-06-20,P0016,Household,742.1,200.4,0.0,35.42,10.0,Rainy,0,Summer
2022-06-21,P0016,Household,1301.1,404.0,963.0,23.67,39.9,Cold,0,Summer
2022-06-22,P0016,Household,1178.8,122.3,0.0,39.37,0.0,Hot,0,Summer
2022-06-23,P0016,Household,1100.2,78.6,0.0,39.37,0.0,Rainy,0,Summer
2022-06-24,P0016,Household,844.7,255.4,0.0,28.59,27.4,Sunny,0,Summer
2022-06-25,P0016,Household,1301.1,336.1,792.4,29.3,25.6,Sunny,1,Summer
2022-06-26,P0016,Household,1041.4,259.7,0.0,29.74,24.5,Rainy,1,Summer
2022-06-27,P0016,Household,901.6,139.8,0.0,39.37,0.0,Hot,0,Summer
2022-06-28,P0016,Household,762.2,139.4,0.0,39.37,0.0,Rainy,0,Summer
2022-06-29,P0016,Household,1301.1,127.3,666.2,39.37,0.0,Hot,0,Summer
2022-06-30,P0016,Household,1198.3,102.8,0.0,39.37,0.0,Cold,0,Summer
