data/synthetic_patterned_dataset.csv
Date,Product ID,Category,Inventory Level,Units Sold,Units Ordered,Price,Discount,Weather Condition,Holiday/Promotion,Seasonality
2022-01-01,P0017,Beverages,1326.5,246.4,699.9,39.66,12.3,Rainy,1,Winter
2022-01-02,P0017,Beverages,1030.2,296.3,0.0,33.59,25.7,Rainy,1,Winter
2022-01-03,P0017,Beverages,910.7,119.5,0.0,45.22,0.0,Rainy,0,Winter
2022-01-04,P0017,Beverages,687.9,222.8,0.0,29.77,34.2,Rainy,0,Winter
2022-01-05,P0017,Beverages,1326.5,169.1,807.8,45.22,0.0,Cold,0,Winter
2022-01-06,P0017,Beverages,1129.8,196.8,0.0,45.22,0.0,Hot,0,Winter
2022-01-07,P0017,Beverages,1024.4,105.4,0.0,45.22,0.0,Sunny,0,Winter
2022-01-08,P0017,Beverages,684.8,339.6,0.0,32.63,27.9,Hot,1,Winter
2022-01-09,P0017,Beverages,1326.5,229.9,871.6,38.8,14.2,Hot,1,Winter
2022-01-10,P0017,Beverages,1183.2,143.3,0.0,45.22,0.0,Rainy,0,Winter
2022-01-11,P0017,Beverages,944.9,238.3,0.0,38.18,15.6,Sunny,0,Winter
2022-01-12,P0017,Beverages,804.6,140.4,0.0,45.22,0.0,Sunny,0,Winter
2022-01-13,P0017,Beverages,680.2,124.4,0.0,45.22,0.0,Rainy,0,Winter
2022-01-14,P0017,Beverages,1326.5,108.0,754.4,45.22,0.0,Hot,0,Winter
2022-01-15,P0017,Beverages,1013.1,313.4,0.0,35.33,21.9,Rainy,1,Winter
2022-01-16,P0017,Beverages,792.9,220.2,0.0,37.71,16.6,Sunny,1,Winter
2022-01-17,P0017,Beverages,1326.5,169.1,702.8,32.72,27.7,Rainy,0,Winter
2022-01-18,P0017,Beverages,1232.7,93.9,0.0,45.22,0.0,Rainy,0,Winter
2022-01-19,P0017,Beverages,1050.0,182.7,0.0,45.22,0.0,Cold,0,Winter
2022-01-20,P0017,Beverages,911.2,138.8,0.0,45.22,0.0,Rainy,0,Winter
2022-01-21,P0017,Beverages,793.2,117.9,0.0,45.22,0.0,Cold,0,Winter
2022-01-22,P0017,Beverages,1326.5,281.1,814.4,40.43,10.6,Rainy,1,Winter
2022-01-23,P0017,Beverages,1028.4,298.1,0.0,39.04,13.7,Sunny,1,Winter
2022-01-24,P0017,Beverages,926.2,102.2,0.0,45.22,0.0,Rainy,0,Winter
2022-01-25,P0017,Beverages,802.7,123.5,0.0,45.22,0.0,Sunny,0,Winter
2022-01-26,P0017,Beverages,676.3,126.3,0.0,45.22,0.0,Hot,0,Winter
2022-01-27,P0017,Beverages,1326.5,148.9,799.2,45.22,0.0,Rainy,0,Winter
2022-01-28,P0017,Beverages,1072.3,254.2,0.0,30.72,32.1,Cold,0,Winter
2022-01-29,P0017,Beverages,800.9,271.4,0.0,37.49,17.1,Rainy,1,Winter
2022-01-30,P0017,Beverages,1326.5,262.1,787.7,35.4,21.7,Sunny,1,Winter
2022-01-31,P0017,Beverages,1176.7,149.9,0.0,45.22,0.0,Cold,0,Winter
2022-02-01,P0017,Beverages,1048.6,128.1,0.0,45.22,0.0,Hot,0,Winter
2022-02-02,P0017,Beverages,894.1,154.5,0.0,45.22,0.0,Sunny,0,Winter
2022-02-03,P0017,Beverages,786.3,107.9,0.0,45.22,0.0,Rainy,0,Winter
2022-02-04,P0017,Beverages,686.4,99.9,0.0,45.22,0.0,Rainy,0,Winter
2022-02-05,P0017,Beverages,1326.5,400.4,1040.5,29.28,35.3,Sunny,1,Winter
2022-02-06,P0017,Beverages,990.5,336.1,0.0,29.13,35.6,Sunny,1,Winter
2022-02-07,P0017,Beverages,809.7,180.7,0.0,45.22,0.0,Sunny,0,Winter
2022-02-08,P0017,Beverages,692.0,117.7,0.0,45.22,0.0,Cold,0,Winter
2022-02-09,P0017,Beverages,1326.5,143.6,778.2,45.22,0.0,Hot,0,Winter
2022-02-10,P0017,Beverages,1167.6,159.0,0.0,45.22,0.0,Sunny,0,Winter
2022-02-11,P0017,Beverages,1049.5,118.1,0.0,45.22,0.0,Rainy,0,Winter
2022-02-12,P0017,Beverages,1326.5,386.3,663.3,38.25,15.4,Sunny,1,Winter
2022-02-13,P0017,Beverages,1144.0,182.6,0.0,35.46,21.6,Rainy,1,Winter
2022-02-14,P0017,Beverages,951.4,192.5,0.0,30.77,32.0,Rainy,1,Winter
2022-02-15,P0017,Beverages,798.5,153.0,0.0,45.22,0.0,Hot,0,Winter
2022-02-16,P0017,Beverages,1326.5,150.0,678.1,45.22,0.0,Sunny,0,Winter
2022-02-17,P0017,Beverages,1190.5,136.0,0.0,45.22,0.0,Rainy,0,Winter
2022-02-18,P0017,Beverages,1072.5,118.0,0.0,45.22,0.0,Rainy,0,Winter
2022-02-19,P0017,Beverages,771.8,300.7,0.0,30.92,31.6,Hot,1,Winter
2022-02-20,P0017,Beverages,1326.5,384.1,938.8,27.32,39.6,Hot,1,Winter
2022-02-21,P0017,Beverages,1218.4,108.1,0.0,45.22,0.0,Sunny,0,Winter
2022-02-22,P0017,Beverages,1097.8,120.6,0.0,45.22,0.0,Rainy,0,Winter
2022-02-23,P0017,Beverages,1000.7,97.1,0.0,45.22,0.0,Sunny,0,Winter
2022-02-24,P0017,Beverages,833.6,167.1,0.0,45.22,0.0,Cold,0,Winter
2022-02-25,P0017,Beverages,1326.5,194.7,687.6,37.57,16.9,Rainy,0,Winter
2022-02-26,P0017,Beverages,1081.1,245.5,0.0,31.0,31.5,Rainy,1,Winter
2022-02-27,P0017,Beverages,724.4,356.7,0.0,33.64,25.6,Rainy,1,Winter
2022-02-28,P0017,Beverages,1326.5,153.2,755.3,45.22,0.0,Sunny,0,Winter
2022-03-01,P0017,Beverages,1179.2,147.3,0.0,45.22,0.0,Hot,0,Spring
2022-03-02,P0017,Beverages,989.1,190.2,0.0,45.22,0.0,Cold,0,Spring
2022-03-03,P0017,Beverages,823.5,165.5,0.0,45.22,0.0,Sunny,0,Spring
2022-03-04,P0017,Beverages,685.3,138.2,0.0,45.22,0.0,Sunny,0,Spring
2022-03-05,P0017,Beverages,1326.5,435.3,1076.5,32.3,28.6,Sunny,1,Spring
2022-03-06,P0017,Beverages,970.7,355.9,0.0,28.89,36.1,Rainy,1,Spring
2022-03-07,P0017,Beverages,722.7,248.0,0.0,45.22,0.0,Cold,0,Spring
2022-03-08,P0017,Beverages,1326.5,119.7,723.5,45.22,0.0,Rainy,0,Spring
2022-03-09,P0017,Beverages,1147.9,178.7,0.0,45.22,0.0,Sunny,0,Spring
2022-03-10,P0017,Beverages,920.2,227.7,0.0,45.22,0.0,Cold,0,Spring
2022-03-11,P0017,Beverages,786.7,133.5,0.0,45.22,0.0,Hot,0,Spring
2022-03-12,P0017,Beverages,1326.5,328.6,868.5,34.96,22.7,Rainy,1,Spring
2022-03-13,P0017,Beverages,1139.9,186.6,0.0,39.16,13.4,Sunny,1,Spring
2022-03-14,P0017,Beverages,896.6,243.3,0.0,38.06,15.8,Sunny,0,Spring
2022-03-15,P0017,Beverages,759.8,136.8,0.0,45.22,0.0,Hot,0,Spring
2022-03-16,P0017,Beverages,1326.5,169.4,736.1,45.22,0.0,Sunny,0,Spring
2022-03-17,P0017,Beverages,1180.1,146.4,0.0,45.22,0.0,Sunny,0,Spring
2022-03-18,P0017,Beverages,1051.9,128.3,0.0,45.22,0.0,Hot,0,Spring
2022-03-19,P0017,Beverages,741.7,310.2,0.0,34.58,23.5,Rainy,1,Spring
2022-03-20,P0017,Beverages,1326.5,334.6,919.4,36.91,18.4,Sunny,1,Spring
2022-03-21,P0017,Beverages,1122.4,204.2,0.0,45.22,0.0,Sunny,0,Spring
2022-03-22,P0017,Beverages,984.8,137.5,0.0,45.22,0.0,Rainy,0,Spring
2022-03-23,P0017,Beverages,859.7,125.2,0.0,45.22,0.0,Hot,0,Spring
2022-03-24,P0017,Beverages,708.6,151.1,0.0,45.22,0.0,Rainy,0,Spring
2022-03-25,P0017,Beverages,1326.5,152.4,770.3,45.22,0.0,Hot,0,Spring
2022-03-26,P0017,Beverages,870.3,456.2,0.0,39.84,11.9,Cold,1,Spring
2022-03-27,P0017,Beverages,1326.5,448.0,904.2,28.4,37.2,Cold,1,Spring
2022-03-28,P0017,Beverages,1166.0,160.5,0.0,45.22,0.0,Cold,0,Spring
2022-03-29,P0017,Beverages,886.5,279.5,0.0,36.1,20.2,Sunny,0,Spring
2022-03-30,P0017,Beverages,709.4,177.1,0.0,45.22,0.0,Cold,0,Spring
2022-03-31,P0017,Beverages,1326.5,178.9,796.0,45.22,0.0,Rainy,0,Spring
2022-04-01,P0017,Beverages,1198.3,128.3,0.0,45.22,0.0,Hot,0,Spring
2022-04-02,P0017,Beverages,899.3,299.0,0.0,33.79,25.3,Rainy,1,Spring
2022-04-03,P0017,Beverages,1326.5,316.9,744.1,37.28,17.6,Sunny,1,Spring
2022-04-04,P0017,Beverages,1173.6,153.0,0.0,45.22,0.0,Rainy,0,Spring
2022-04-05,P0017,Beverages,1014.8,158.8,0.0,45.22,0.0,Rainy,0,Spring
2022-04-06,P0017,Beverages,855.3,159.5,0.0,45.22,0.0,Hot,0,Spring
2022-04-07,P0017,Beverages,687.9,167.4,0.0,45.22,0.0,Sunny,0,Spring
2022-04-08,P0017,Beverages,1326.5,115.1,753.8,45.22,0.0,Sunny,0,Spring
2022-04-09,P0017,Beverages,997.7,328.8,0.0,31.96,29.3,Hot,1,Spring
2022-04-10,P0017,Beverages,695.4,302.3,0.0,29.12,35.6,Rainy,1,Spring
2022-04-11,P0017,Beverages,1326.5,138.5,769.7,45.22,0.0,Hot,0,Spring
2022-04-12,P0017,Beverages,1198.5,128.1,0.0,45.22,0.0,Hot,0,Spring
2022-04-13,P0017,Beverages,991.9,206.6,0.0,45.22,0.0,Sunny,0,Spring
2022-04-14,P0017,Beverages,730.9,261.0,0.0,38.97,13.8,Rainy,0,Spring
2022-04-15,P0017,Beverages,1326.5,253.0,848.6,30.8,31.9,Cold,0,Spring
2022-04-16,P0017,Beverages,1042.8,283.8,0.0,35.4,21.7,Sunny,1,Spring
2022-04-17,P0017,Beverages,708.9,333.8,0.0,35.77,20.9,Rainy,1,Spring
2022-04-18,P0017,Beverages,1326.5,205.0,822.6,45.22,0.0,Sunny,0,Spring
2022-04-19,P0017,Beverages,1207.2,119.4,0.0,45.22,0.0,Rainy,0,Spring
2022-04-20,P0017,Beverages,1058.3,148.9,0.0,45.22,0.0,Sunny,0,Spring
2022-04-21,P0017,Beverages,930.3,127.9,0.0,45.22,0.0,Rainy,0,Spring
2022-04-22,P0017,Beverages,814.8,115.5,0.0,45.22,0.0,Sunny,0,Spring
2022-04-23,P0017,Beverages,1326.5,301.4,813.1,37.19,17.8,Sunny,1,Spring
2022-04-24,P0017,Beverages,1008.3,318.2,0.0,40.13,11.2,Sunny,1,Spring
2022-04-25,P0017,Beverages,851.8,156.5,0.0,45.22,0.0,Rainy,0,Spring
2022-04-26,P0017,Beverages,727.5,124.3,0.0,45.22,0.0,Sunny,0,Spring
2022-04-27,P0017,Beverages,1326.5,176.9,776.0,45.22,0.0,Sunny,0,Spring
2022-04-28,P0017,Beverages,1169.2,157.4,0.0,45.22,0.0,Sunny,0,Spring
2022-04-29,P0017,Beverages,1055.4,113.7,0.0,45.22,0.0,Sunny,0,Spring
2022-04-30,P0017,Beverages,768.1,287.4,0.0,35.56,21.4,Hot,1,Spring
2022-05-01,P0017,Beverages,1326.5,451.0,1009.4,28.04,38.0,Cold,1,Spring
2022-05-02,P0017,Beverages,1201.4,125.1,0.0,45.22,0.0,Rainy,0,Spring
2022-05-03,P0017,Beverages,1074.8,126.6,0.0,45.22,0.0,Sunny,0,Spring
2022-05-04,P0017,Beverages,905.7,169.1,0.0,45.22,0.0,Sunny,0,Spring
2022-05-05,P0017,Beverages,719.3,186.4,0.0,45.22,0.0,Cold,0,Spring
2022-05-06,P0017,Beverages,1326.5,103.6,710.8,45.22,0.0,Rainy,0,Spring
2022-05-07,P0017,Beverages,946.0,380.6,0.0,37.29,17.5,Hot,1,Spring
2022-05-08,P0017,Beverages,1326.5,434.0,814.6,30.18,33.3,Sunny,1,Spring
2022-05-09,P0017,Beverages,1207.6,118.9,0.0,45.22,0.0,Rainy,0,Spring
2022-05-10,P0017,Beverages,950.6,257.0,0.0,38.04,15.9,Hot,0,Spring
2022-05-11,P0017,Beverages,774.4,176.3,0.0,45.22,0.0,Hot,0,Spring
2022-05-12,P0017,Beverages,1326.5,174.7,726.8,45.22,0.0,Cold,0,Spring
2022-05-13,P0017,Beverages,1139.9,186.7,0.0,45.22,0.0,Cold,0,Spring
2022-05-14,P0017,Beverages,831.9,308.0,0.0,36.06,20.2,Rainy,1,Spring
2022-05-15,P0017,Beverages,1326.5,291.3,786.0,31.6,30.1,Sunny,1,Spring
2022-05-16,P0017,Beverages,1006.3,320.3,0.0,32.95,27.1,Rainy,0,Spring
2022-05-17,P0017,Beverages,718.3,287.9,0.0,36.5,19.3,Sunny,0,Spring
2022-05-18,P0017,Beverages,1326.5,145.0,753.2,45.22,0.0,Rainy,0,Spring
2022-05-19,P0017,Beverages,1170.8,155.8,0.0,45.22,0.0,Sunny,0,Spring
2022-05-20,P0017,Beverages,1034.3,136.5,0.0,45.22,0.0,Rainy,0,Spring
2022-05-21,P0017,Beverages,1326.5,450.0,742.2,40.26,11.0,Sunny,1,Spring
2022-05-22,P0017,Beverages,897.6,428.9,0.0,30.42,32.7,Hot,1,Spring
2022-05-23,P0017,Beverages,755.3,142.4,0.0,45.22,0.0,Hot,0,Spring
2022-05-24,P0017,Beverages,1326.5,137.3,708.5,45.22,0.0,Rainy,0,Spring
2022-05-25,P0017,Beverages,1145.1,181.5,0.0,45.22,0.0,Sunny,0,Spring
2022-05-26,P0017,Beverages,999.9,145.1,0.0,45.22,0.0,Rainy,0,Spring
2022-05-27,P0017,Beverages,854.6,145.3,0.0,45.22,0.0,Hot,0,Spring
2022-05-28,P0017,Beverages,1326.5,404.7,876.7,32.87,27.3,Cold,1,Spring
2022-05-29,P0017,Beverages,974.5,352.1,0.0,29.53,34.7,Sunny,1,Spring
2022-05-30,P0017,Beverages,846.3,128.2,0.0,45.22,0.0,Hot,0,Spring
2022-05-31,P0017,Beverages,683.7,162.7,0.0,45.22,0.0,Rainy,0,Spring
2022-06-01,P0017,Beverages,1326.5,142.1,785.0,45.22,0.0,Hot,0,Summer
2022-06-02,P0017,Beverages,1200.7,125.9,0.0,45.22,0.0,Rainy,0,Summer
2022-06-03,P0017,Beverages,1080.0,120.7,0.0,45.22,0.0,Rainy,0,Summer
2022-06-04,P0017,Beverages,699.8,380.1,0.0,39.2,13.3,Cold,1,Summer
2022-06-05,P0017,Beverages,1326.5,213.8,840.5,34.52,23.7,Rainy,1,Summer
2022-06-06,P0017,Beverages,1037.4,289.1,0.0,33.64,25.6,Rainy,0,Summer
2022-06-07,P0017,Beverages,900.9,136.6,0.0,45.22,0.0,Rainy,0,Summer
2022-06-08,P0017,Beverages,680.4,220.4,0.0,45.22,0.0,Cold,0,Summer
2022-06-09,P0017,Beverages,1326.5,186.0,832.2,45.22,0.0,Cold,0,Summer
2022-06-10,P0017,Beverages,1184.8,141.8,0.0,45.22,0.0,Cold,0,Summer
2022-06-11,P0017,Beverages,749.5,435.2,0.0,32.92,27.2,Sunny,1,Summer
2022-06-12,P0017,Beverages,1326.5,311.1,888.1,33.74,25.4,Cold,1,Summer
2022-06-13,P0017,Beverages,956.6,370.0,0.0,31.18,31.1,Cold,0,Summer
2022-06-14,P0017,Beverages,818.4,138.2,0.0,45.22,0.0,Rainy,0,Summer
2022-06-15,P0017,Beverages,1326.5,231.5,739.7,36.56,19.1,Sunny,0,Summer
2022-06-16,P0017,Beverages,1174.2,152.3,0.0,45.22,0.0,Rainy,0,Summer
2022-06-17,P0017,Beverages,1042.9,131.4,0.0,45.22,0.0,Sunny,0,Summer
2022-06-18,P0017,Beverages,796.3,246.6,0.0,31.89,29.5,Hot,1,Summer
2022-06-19,P0017,Beverages,1326.5,423.3,953.5,29.32,35.2,Sunny,1,Summer
2022-06-20,P0017,Beverages,1092.4,234.1,0.0,30.35,32.9,Rainy,0,Summer
2022-06-21,P0017,Beverages,897.0,195.4,0.0,45.22,0.0,Cold,0,Summer
2022-06-22,P0017,Beverages,771.2,125.8,0.0,45.22,0.0,Hot,0,Summer
2022-06-23,P0017,Beverages,1326.5,143.3,698.6,45.22,0.0,Rainy,0,Summer
2022-06-24,P0017,Beverages,1181.2,145.3,0.0,45.22,0.0,Sunny,0,Summer
2022-06-25,P0017,Beverages,833.9,347.4,0.0,40.54,10.3,Sunny,1,Summer
2022-06-26,P0017,Beverages,1326.5,330.4,823.1,33.35,26.2,Rainy,1,Summer
2022-06-27,P0017,Beverages,1103.6,222.9,0.0,31.55,30.2,Hot,0,Summer
2022-06-28,P0017,Beverages,1004.8,98.8,0.0,45.22,0.0,Rainy,0,Summer
2022-06-29,P0017,Beverages,827.5,177.3,0.0,45.22,0.0,Hot,0,Summer
2022-06-30,P0017,Beverages,1326.5,215.7,714.7,45.22,0.0,Cold,0,Summer
