data/synthetic_patterned_dataset.csv
Date,Product ID,Category,Inventory Level,Units Sold,Units Ordered,Price,Discount,Weather Condition,Holiday/Promotion,Seasonality
2022-01-01,P0018,Beverages,888.0,107.4,0.0,33.26,37.6,Rainy,1,Winter
2022-01-02,P0018,Beverages,797.2,90.8,0.0,34.49,35.3,Rainy,1,Winter
2022-01-03,P0018,Beverages,773.4,23.8,0.0,53.28,0.0,Rainy,0,Winter
2022-01-04,P0018,Beverages,741.6,31.8,0.0,53.28,0.0,Rainy,0,Winter
2022-01-05,P0018,Beverages,707.3,34.3,0.0,53.28,0.0,Cold,0,Winter
2022-01-06,P0018,Beverages,683.6,23.7,0.0,53.28,0.0,Hot,0,Winter
2022-01-07,P0018,Beverages,657.1,26.5,0.0,53.28,0.0,Sunny,0,Winter
2022-01-08,P0018,Beverages,601.9,55.2,0.0,39.05,26.7,Hot,1,Winter
2022-01-09,P0018,Beverages,550.6,51.3,0.0,43.94,17.5,Hot,1,Winter
2022-01-10,P0018,Beverages,524.5,26.0,0.0,53.28,0.0,Rainy,0,Winter
2022-01-11,P0018,Beverages,480.0,44.6,0.0,47.8,10.3,Sunny,0,Winter
2022-01-12,P0018,Beverages,443.1,36.9,0.0,53.28,0.0,Sunny,0,Winter
2022-01-13,P0018,Beverages,417.8,25.3,0.0,53.28,0.0,Rainy,0,Winter
2022-01-14,P0018,Beverages,392.2,25.6,0.0,53.28,0.0,Hot,0,Winter
2022-01-15,P0018,Beverages,284.1,108.1,0.0,33.44,37.2,Rainy,1,Winter
2022-01-16,P0018,Beverages,231.1,53.0,0.0,45.17,15.2,Sunny,1,Winter
2022-01-17,P0018,Beverages,202.0,29.1,0.0,53.28,0.0,Rainy,0,Winter
2022-01-18,P0018,Beverages,148.5,53.5,0.0,45.66,14.3,Rainy,0,Winter
2022-01-19,P0018,Beverages,270.1,24.3,145.9,53.28,0.0,Cold,0,Winter
2022-01-20,P0018,Beverages,242.8,27.4,0.0,53.28,0.0,Rainy,0,Winter
2022-01-21,P0018,Beverages,216.9,25.9,0.0,53.28,0.0,Cold,0,Winter
2022-01-22,P0018,Beverages,270.1,96.4,149.7,37.22,30.1,Rainy,1,Winter
2022-01-23,P0018,Beverages,210.4,59.7,0.0,43.51,18.3,Sunny,1,Winter
2022-01-24,P0018,Beverages,184.8,25.6,0.0,53.28,0.0,Rainy,0,Winter
2022-01-25,P0018,Beverages,270.1,56.7,142.0,39.82,25.3,Sunny,0,Winter
2022-01-26,P0018,Beverages,153.5,116.7,0.0,32.09,39.8,Hot,0,Winter
2022-01-27,P0018,Beverages,270.1,32.1,148.8,53.28,0.0,Rainy,0,Winter
2022-01-28,P0018,Beverages,218.9,51.2,0.0,35.14,34.0,Cold,0,Winter
2022-01-29,P0018,Beverages,270.1,120.3,171.6,33.85,36.5,Rainy,1,Winter
2022-01-30,P0018,Beverages,197.6,72.5,0.0,41.6,21.9,Sunny,1,Winter
2022-01-31,P0018,Beverages,180.3,17.3,0.0,53.28,0.0,Cold,0,Winter
2022-02-01,P0018,Beverages,151.2,29.1,0.0,53.28,0.0,Hot,0,Winter
2022-02-02,P0018,Beverages,270.1,31.8,150.8,53.28,0.0,Sunny,0,Winter
2022-02-03,P0018,Beverages,252.3,17.8,0.0,53.28,0.0,Rainy,0,Winter
2022-02-04,P0018,Beverages,217.9,34.4,0.0,53.28,0.0,Rainy,0,Winter
2022-02-05,P0018,Beverages,270.1,83.0,135.2,45.28,15.0,Sunny,1,Winter
2022-02-06,P0018,Beverages,200.5,69.6,0.0,38.47,27.8,Sunny,1,Winter
2022-02-07,P0018,Beverages,177.5,23.0,0.0,53.28,0.0,Sunny,0,Winter
2022-02-08,P0018,Beverages,270.1,51.0,143.6,44.52,16.4,Cold,0,Winter
2022-02-09,P0018,Beverages,237.3,32.9,0.0,53.28,0.0,Hot,0,Winter
2022-02-10,P0018,Beverages,212.8,24.5,0.0,53.28,0.0,Sunny,0,Winter
2022-02-11,P0018,Beverages,176.3,36.4,0.0,53.28,0.0,Rainy,0,Winter
2022-02-12,P0018,Beverages,270.1,55.4,149.2,40.26,24.4,Sunny,1,Winter
2022-02-13,P0018,Beverages,164.1,106.0,0.0,33.53,37.1,Rainy,1,Winter
2022-02-14,P0018,Beverages,270.1,68.9,174.9,38.21,28.3,Rainy,1,Winter
2022-02-15,P0018,Beverages,252.4,17.8,0.0,53.28,0.0,Hot,0,Winter
2022-02-16,P0018,Beverages,221.9,30.4,0.0,53.28,0.0,Sunny,0,Winter
2022-02-17,P0018,Beverages,196.3,25.6,0.0,53.28,0.0,Rainy,0,Winter
2022-02-18,P0018,Beverages,173.0,23.3,0.0,53.28,0.0,Rainy,0,Winter
2022-02-19,P0018,Beverages,270.1,73.2,170.3,47.82,10.2,Hot,1,Winter
2022-02-20,P0018,Beverages,204.0,66.1,0.0,37.1,30.4,Hot,1,Winter
2022-02-21,P0018,Beverages,182.8,21.2,0.0,53.28,0.0,Sunny,0,Winter
2022-02-22,P0018,Beverages,153.1,29.7,0.0,53.28,0.0,Rainy,0,Winter
2022-02-23,P0018,Beverages,270.1,30.1,147.1,53.28,0.0,Sunny,0,Winter
2022-02-24,P0018,Beverages,234.6,35.6,0.0,53.28,0.0,Cold,0,Winter
2022-02-25,P0018,Beverages,203.4,31.2,0.0,53.28,0.0,Rainy,0,Winter
2022-02-26,P0018,Beverages,144.0,59.4,0.0,42.4,20.4,Rainy,1,Winter
2022-02-27,P0018,Beverages,270.1,81.4,207.6,37.98,28.7,Rainy,1,Winter
2022-02-28,P0018,Beverages,243.6,26.5,0.0,53.28,0.0,Sunny,0,Winter
2022-03-01,P0018,Beverages,214.4,29.2,0.0,53.28,0.0,Hot,0,Spring
2022-03-02,P0018,Beverages,183.3,31.1,0.0,53.28,0.0,Cold,0,Spring
2022-03-03,P0018,Beverages,152.8,30.5,0.0,53.28,0.0,Sunny,0,Spring
2022-03-04,P0018,Beverages,270.1,30.6,147.9,53.28,0.0,Sunny,0,Spring
2022-03-05,P0018,Beverages,201.5,68.6,0.0,44.9,15.7,Sunny,1,Spring
2022-03-06,P0018,Beverages,270.1,97.1,165.7,36.86,30.8,Rainy,1,Spring
2022-03-07,P0018,Beverages,219.9,50.3,0.0,41.08,22.9,Cold,0,Spring
2022-03-08,P0018,Beverages,183.0,36.9,0.0,53.28,0.0,Rainy,0,Spring
2022-03-09,P0018,Beverages,147.1,35.9,0.0,53.28,0.0,Sunny,0,Spring
2022-03-10,P0018,Beverages,270.1,34.9,158.0,53.28,0.0,Cold,0,Spring
2022-03-11,P0018,Beverages,236.4,33.8,0.0,53.28,0.0,Hot,0,Spring
2022-03-12,P0018,Beverages,270.1,126.5,160.2,33.98,36.2,Rainy,1,Spring
2022-03-13,P0018,Beverages,181.0,89.1,0.0,38.53,27.7,Sunny,1,Spring
2022-03-14,P0018,Beverages,154.2,26.8,0.0,53.28,0.0,Sunny,0,Spring
2022-03-15,P0018,Beverages,270.1,24.4,140.4,53.28,0.0,Hot,0,Spring
2022-03-16,P0018,Beverages,231.5,38.6,0.0,53.28,0.0,Sunny,0,Spring
2022-03-17,P0018,Beverages,203.4,28.1,0.0,53.28,0.0,Sunny,0,Spring
2022-03-18,P0018,Beverages,171.2,32.2,0.0,53.28,0.0,Hot,0,Spring
2022-03-19,P0018,Beverages,270.1,99.5,198.4,41.39,22.3,Rainy,1,Spring
2022-03-20,P0018,Beverages,182.5,87.7,0.0,34.16,35.9,Sunny,1,Spring
2022-03-21,P0018,Beverages,163.1,19.3,0.0,53.28,0.0,Sunny,0,Spring
2022-03-22,P0018,Beverages,270.1,39.7,146.7,53.28,0.0,Rainy,0,Spring
2022-03-23,P0018,Beverages,228.7,41.4,0.0,53.28,0.0,Hot,0,Spring
2022-03-24,P0018,Beverages,159.6,69.2,0.0,39.46,25.9,Rainy,0,Spring
2022-03-25,P0018,Beverages,270.1,26.8,137.3,53.28,0.0,Hot,0,Spring
2022-03-26,P0018,Beverages,212.4,57.7,0.0,45.08,15.4,Cold,1,Spring
2022-03-27,P0018,Beverages,270.1,96.7,154.4,36.84,30.8,Cold,1,Spring
2022-03-28,P0018,Beverages,245.4,24.7,0.0,53.28,0.0,Cold,0,Spring
2022-03-29,P0018,Beverages,224.0,21.4,0.0,53.28,0.0,Sunny,0,Spring
2022-03-30,P0018,Beverages,192.9,31.1,0.0,53.28,0.0,Cold,0,Spring
2022-03-31,P0018,Beverages,163.1,29.8,0.0,53.28,0.0,Rainy,0,Spring
2022-04-01,P0018,Beverages,136.6,26.5,0.0,53.28,0.0,Hot,0,Spring
2022-04-02,P0018,Beverages,270.1,94.3,227.8,43.1,19.1,Rainy,1,Spring
2022-04-03,P0018,Beverages,194.8,75.3,0.0,43.71,18.0,Sunny,1,Spring
2022-04-04,P0018,Beverages,165.4,29.4,0.0,53.28,0.0,Rainy,0,Spring
2022-04-05,P0018,Beverages,270.1,37.1,141.8,53.28,0.0,Rainy,0,Spring
2022-04-06,P0018,Beverages,234.5,35.7,0.0,53.28,0.0,Hot,0,Spring
2022-04-07,P0018,Beverages,208.8,25.7,0.0,53.28,0.0,Sunny,0,Spring
2022-04-08,P0018,Beverages,176.0,32.8,0.0,53.28,0.0,Sunny,0,Spring
2022-04-09,P0018,Beverages,270.1,53.8,148.0,45.19,15.2,Hot,1,Spring
2022-04-10,P0018,Beverages,190.7,79.5,0.0,34.28,35.7,Rainy,1,Spring
2022-04-11,P0018,Beverages,163.9,26.8,0.0,53.28,0.0,Hot,0,Spring
2022-04-12,P0018,Beverages,270.1,32.4,138.7,53.28,0.0,Hot,0,Spring
2022-04-13,P0018,Beverages,228.9,41.2,0.0,53.28,0.0,Sunny,0,Spring
2022-04-14,P0018,Beverages,192.0,37.0,0.0,53.28,0.0,Rainy,0,Spring
2022-04-15,P0018,Beverages,164.8,27.1,0.0,53.28,0.0,Cold,0,Spring
2022-04-16,P0018,Beverages,270.1,98.7,204.0,36.29,31.9,Sunny,1,Spring
2022-04-17,P0018,Beverages,188.9,81.3,0.0,40.22,24.5,Rainy,1,Spring
2022-04-18,P0018,Beverages,162.5,26.3,0.0,53.28,0.0,Sunny,0,Spring
2022-04-19,P0018,Beverages,270.1,31.1,138.8,53.28,0.0,Rainy,0,Spring
2022-04-20,P0018,Beverages,238.1,32.0,0.0,53.28,0.0,Sunny,0,Spring
2022-04-21,P0018,Beverages,206.8,31.4,0.0,53.28,0.0,Rainy,0,Spring
2022-04-22,P0018,Beverages,175.2,31.6,0.0,53.28,0.0,Sunny,0,Spring
2022-04-23,P0018,Beverages,270.1,92.3,187.2,38.27,28.2,Sunny,1,Spring
2022-04-24,P0018,Beverages,185.0,85.1,0.0,39.59,25.7,Sunny,1,Spring
2022-04-25,P0018,Beverages,158.0,27.0,0.0,53.28,0.0,Rainy,0,Spring
2022-04-26,P0018,Beverages,270.1,24.0,136.2,53.28,0.0,Sunny,0,Spring
2022-04-27,P0018,Beverages,233.4,36.8,0.0,53.28,0.0,Sunny,0,Spring
2022-04-28,P0018,Beverages,200.6,32.8,0.0,53.28,0.0,Sunny,0,Spring
2022-04-29,P0018,Beverages,165.7,34.8,0.0,53.28,0.0,Sunny,0,Spring
2022-04-30,P0018,Beverages,270.1,79.0,183.4,39.82,25.3,Hot,1,Spring
2022-05-01,P0018,Beverages,195.3,74.9,0.0,35.24,33.9,Cold,1,Spring
2022-05-02,P0018,Beverages,172.9,22.4,0.0,53.28,0.0,Rainy,0,Spring
2022-05-03,P0018,Beverages,148.6,24.3,0.0,53.28,0.0,Sunny,0,Spring
2022-05-04,P0018,Beverages,270.1,30.0,151.5,53.28,0.0,Sunny,0,Spring
2022-05-05,P0018,Beverages,235.7,34.4,0.0,53.28,0.0,Cold,0,Spring
2022-05-06,P0018,Beverages,206.0,29.7,0.0,53.28,0.0,Rainy,0,Spring
2022-05-07,P0018,Beverages,270.1,110.8,174.9,35.52,33.3,Hot,1,Spring
2022-05-08,P0018,Beverages,193.1,77.0,0.0,35.61,33.2,Sunny,1,Spring
2022-05-09,P0018,Beverages,164.9,28.2,0.0,53.28,0.0,Rainy,0,Spring
2022-05-10,P0018,Beverages,270.1,30.7,136.0,53.28,0.0,Hot,0,Spring
2022-05-11,P0018,Beverages,238.9,31.2,0.0,53.28,0.0,Hot,0,Spring
2022-05-12,P0018,Beverages,163.0,75.8,0.0,41.46,22.2,Cold,0,Spring
2022-05-13,P0018,Beverages,270.1,28.2,135.3,53.28,0.0,Cold,0,Spring
2022-05-14,P0018,Beverages,156.3,113.9,0.0,36.33,31.8,Rainy,1,Spring
2022-05-15,P0018,Beverages,270.1,49.4,163.2,43.99,17.4,Sunny,1,Spring
2022-05-16,P0018,Beverages,247.8,22.3,0.0,53.28,0.0,Rainy,0,Spring
2022-05-17,P0018,Beverages,183.0,64.9,0.0,35.07,34.2,Sunny,0,Spring
2022-05-18,P0018,Beverages,144.0,39.0,0.0,53.28,0.0,Rainy,0,Spring
2022-05-19,P0018,Beverages,270.1,33.6,159.7,53.28,0.0,Sunny,0,Spring
2022-05-20,P0018,Beverages,241.6,28.5,0.0,53.28,0.0,Rainy,0,Spring
2022-05-21,P0018,Beverages,151.9,89.7,0.0,40.35,24.3,Sunny,1,Spring
2022-05-22,P0018,Beverages,270.1,88.5,206.8,37.02,30.5,Hot,1,Spring
2022-05-23,P0018,Beverages,248.6,21.5,0.0,53.28,0.0,Hot,0,Spring
2022-05-24,P0018,Beverages,211.7,36.9,0.0,53.28,0.0,Rainy,0,Spring
2022-05-25,P0018,Beverages,172.3,39.4,0.0,53.28,0.0,Sunny,0,Spring
2022-05-26,P0018,Beverages,136.1,36.2,0.0,53.28,0.0,Rainy,0,Spring
2022-05-27,P0018,Beverages,270.1,59.9,193.9,43.01,19.3,Hot,0,Spring
2022-05-28,P0018,Beverages,174.9,95.2,0.0,32.67,38.7,Cold,1,Spring
2022-05-29,P0018,Beverages,270.1,69.5,164.7,46.68,12.4,Sunny,1,Spring
2022-05-30,P0018,Beverages,245.6,24.5,0.0,53.28,0.0,Hot,0,Spring
2022-05-31,P0018,Beverages,214.3,31.3,0.0,53.28,0.0,Rainy,0,Spring
2022-06-01,P0018,Beverages,181.8,32.5,0.0,53.28,0.0,Hot,0,Summer
2022-06-02,P0018,Beverages,154.4,27.4,0.0,53.28,0.0,Rainy,0,Summer
2022-06-03,P0018,Beverages,270.1,29.1,144.9,53.28,0.0,Rainy,0,Summer
2022-06-04,P0018,Beverages,193.2,76.9,0.0,39.92,25.1,Cold,1,Summer
2022-06-05,P0018,Beverages,270.1,103.7,180.6,34.59,35.1,Rainy,1,Summer
2022-06-06,P0018,Beverages,252.5,17.7,0.0,53.28,0.0,Rainy,0,Summer
2022-06-07,P0018,Beverages,220.5,32.0,0.0,53.28,0.0,Rainy,0,Summer
2022-06-08,P0018,Beverages,186.4,34.1,0.0,53.28,0.0,Cold,0,Summer
2022-06-09,P0018,Beverages,160.4,26.0,0.0,53.28,0.0,Cold,0,Summer
2022-06-10,P0018,Beverages,270.1,73.4,183.2,35.2,33.9,Cold,0,Summer
2022-06-11,P0018,Beverages,213.5,56.6,0.0,47.66,10.5,Sunny,1,Summer
2022-06-12,P0018,Beverages,152.3,61.2,0.0,44.94,15.7,Cold,1,Summer
2022-06-13,P0018,Beverages,270.1,21.2,139.0,53.28,0.0,Cold,0,Summer
2022-06-14,P0018,Beverages,245.3,24.8,0.0,53.28,0.0,Rainy,0,Summer
2022-06-15,P0018,Beverages,209.8,35.5,0.0,53.28,0.0,Sunny,0,Summer
2022-06-16,P0018,Beverages,173.8,36.1,0.0,53.28,0.0,Rainy,0,Summer
2022-06-17,P0018,Beverages,142.6,31.1,0.0,53.28,0.0,Sunny,0,Summer
2022-06-18,P0018,Beverages,270.1,57.7,185.2,39.75,25.4,Hot,1,Summer
2022-06-19,P0018,Beverages,205.1,65.1,0.0,38.01,28.7,Sunny,1,Summer
2022-06-20,P0018,Beverages,180.2,24.9,0.0,53.28,0.0,Rainy,0,Summer
2022-06-21,P0018,Beverages,155.2,25.0,0.0,53.28,0.0,Cold,0,Summer
2022-06-22,P0018,Beverages,270.1,30.5,145.4,53.28,0.0,Hot,0,Summer
2022-06-23,P0018,Beverages,237.1,33.0,0.0,53.28,0.0,Rainy,0,Summer
2022-06-24,P0018,Beverages,210.8,26.3,0.0,53.28,0.0,Sunny,0,Summer
2022-06-25,P0018,Beverages,160.3,50.5,0.0,46.09,13.5,Sunny,1,Summer
2022-06-26,P0018,Beverages,270.1,91.4,201.2,39.06,26.7,Rainy,1,Summer
2022-06-27,P0018,Beverages,254.5,15.6,0.0,53.28,0.0,Hot,0,Summer
2022-06-28,P0018,Beverages,225.3,29.2,0.0,53.28,0.0,Rainy,0,Summer
2022-06-29,P0018,Beverages,191.2,34.1,0.0,53.28,0.0,Hot,0,Summer
2022-06-30,P0018,Beverages,164.1,27.1,0.0,53.28,0.0,Cold,0,Summer
