data/synthetic_patterned_dataset.csv
Date,Product ID,Category,Inventory Level,Units Sold,Units Ordered,Price,Discount,Weather Condition,Holiday/Promotion,Seasonality
2022-01-01,P0019,Groceries,1597.5,405.2,851.0,21.57,36.3,Rainy,1,Winter
2022-01-02,P0019,Groceries,1070.0,527.6,0.0,29.8,12.0,Rainy,1,Winter
2022-01-03,P0019,Groceries,842.6,227.4,0.0,33.86,0.0,Rainy,0,Winter
2022-01-04,P0019,Groceries,1597.5,513.9,1268.9,20.57,39.3,Rainy,0,Winter
2022-01-05,P0019,Groceries,1437.0,160.5,0.0,33.86,0.0,Cold,0,Winter
2022-01-06,P0019,Groceries,1312.4,124.6,0.0,33.86,0.0,Hot,0,Winter
2022-01-07,P0019,Groceries,1161.0,151.4,0.0,33.86,0.0,Sunny,0,Winter
2022-01-08,P0019,Groceries,1597.5,420.6,857.2,22.29,34.2,Hot,1,Winter
2022-01-09,P0019,Groceries,1043.5,554.0,0.0,25.45,24.8,Hot,1,Winter
2022-01-10,P0019,Groceries,1597.5,284.4,838.5,33.86,0.0,Rainy,0,Winter
2022-01-11,P0019,Groceries,1283.1,314.5,0.0,29.57,12.7,Sunny,0,Winter
2022-01-12,P0019,Groceries,1122.1,161.0,0.0,33.86,0.0,Sunny,0,Winter
2022-01-13,P0019,Groceries,873.6,248.5,0.0,33.86,0.0,Rainy,0,Winter
2022-01-14,P0019,Groceries,1597.5,133.6,857.6,33.86,0.0,Hot,0,Winter
2022-01-15,P0019,Groceries,1135.1,462.4,0.0,22.86,32.5,Rainy,1,Winter
2022-01-16,P0019,Groceries,1597.5,514.8,977.3,26.25,22.5,Sunny,1,Winter
2022-01-17,P0019,Groceries,1366.5,231.0,0.0,33.86,0.0,Rainy,0,Winter
2022-01-18,P0019,Groceries,1192.9,173.6,0.0,33.86,0.0,Rainy,0,Winter
2022-01-19,P0019,Groceries,994.2,198.7,0.0,33.86,0.0,Cold,0,Winter
2022-01-20,P0019,Groceries,1597.5,240.4,843.8,33.86,0.0,Rainy,0,Winter
2022-01-21,P0019,Groceries,1399.6,198.0,0.0,33.86,0.0,Cold,0,Winter
2022-01-22,P0019,Groceries,920.3,479.3,0.0,27.86,17.7,Rainy,1,Winter
2022-01-23,P0019,Groceries,1597.5,463.2,1140.4,30.47,10.0,Sunny,1,Winter
2022-01-24,P0019,Groceries,1346.4,251.1,0.0,33.86,0.0,Rainy,0,Winter
2022-01-25,P0019,Groceries,1165.5,180.9,0.0,33.86,0.0,Sunny,0,Winter
2022-01-26,P0019,Groceries,1009.3,156.1,0.0,33.86,0.0,Hot,0,Winter
2022-01-27,P0019,Groceries,1597.5,261.6,849.8,33.86,0.0,Rainy,0,Winter
2022-01-28,P0019,Groceries,1439.7,157.8,0.0,33.86,0.0,Cold,0,Winter
2022-01-29,P0019,Groceries,907.0,532.8,0.0,22.06,34.8,Rainy,1,Winter
2022-01-30,P0019,Groceries,1597.5,450.0,1140.6,25.99,23.2,Sunny,1,Winter
2022-01-31,P0019,Groceries,1326.3,271.3,0.0,33.86,0.0,Cold,0,Winter
2022-02-01,P0019,Groceries,1093.0,233.3,0.0,28.75,15.1,Hot,0,Winter
2022-02-02,P0019,Groceries,927.1,165.9,0.0,33.86,0.0,Sunny,0,Winter
2022-02-03,P0019,Groceries,1597.5,247.8,918.2,33.86,0.0,Rainy,0,Winter
2022-02-04,P0019,Groceries,1420.9,176.7,0.0,33.86,0.0,Rainy,0,Winter
2022-02-05,P0019,Groceries,1017.1,403.7,0.0,28.15,16.9,Sunny,1,Winter
2022-02-06,P0019,Groceries,1597.5,442.9,1023.3,26.88,20.6,Sunny,1,Winter
2022-02-07,P0019,Groceries,1347.2,250.3,0.0,33.86,0.0,Sunny,0,Winter
2022-02-08,P0019,Groceries,1160.5,186.7,0.0,33.86,0.0,Cold,0,Winter
2022-02-09,P0019,Groceries,1007.4,153.1,0.0,33.86,0.0,Hot,0,Winter
2022-02-10,P0019,Groceries,1597.5,573.9,1164.1,23.54,30.5,Sunny,0,Winter
2022-02-11,P0019,Groceries,1394.5,203.0,0.0,33.86,0.0,Rainy,0,Winter
2022-02-12,P0019,Groceries,1117.7,276.8,0.0,23.62,30.2,Sunny,1,Winter
2022-02-13,P0019,Groceries,1597.5,524.6,1004.4,20.57,39.2,Rainy,1,Winter
2022-02-14,P0019,Groceries,1181.8,415.8,0.0,22.16,34.5,Rainy,1,Winter
2022-02-15,P0019,Groceries,1075.9,105.9,0.0,33.86,0.0,Hot,0,Winter
2022-02-16,P0019,Groceries,943.7,132.2,0.0,33.86,0.0,Sunny,0,Winter
2022-02-17,P0019,Groceries,1597.5,273.0,926.9,33.86,0.0,Rainy,0,Winter
2022-02-18,P0019,Groceries,1251.2,346.3,0.0,21.21,37.3,Rainy,0,Winter
2022-02-19,P0019,Groceries,951.7,299.5,0.0,25.97,23.3,Hot,1,Winter
2022-02-20,P0019,Groceries,1597.5,445.0,1090.9,22.82,32.6,Hot,1,Winter
2022-02-21,P0019,Groceries,1374.3,223.2,0.0,33.86,0.0,Sunny,0,Winter
2022-02-22,P0019,Groceries,1201.2,173.1,0.0,33.86,0.0,Rainy,0,Winter
2022-02-23,P0019,Groceries,1044.3,156.9,0.0,33.86,0.0,Sunny,0,Winter
2022-02-24,P0019,Groceries,1597.5,249.2,802.4,33.86,0.0,Cold,0,Winter
2022-02-25,P0019,Groceries,1425.8,171.8,0.0,33.86,0.0,Rainy,0,Winter
2022-02-26,P0019,Groceries,1000.2,425.5,0.0,20.4,39.8,Rainy,1,Winter
2022-02-27,P0019,Groceries,1597.5,414.5,1011.8,29.93,11.6,Rainy,1,Winter
2022-02-28,P0019,Groceries,1258.8,338.8,0.0,24.7,27.1,Sunny,0,Winter
2022-03-01,P0019,Groceries,1118.5,140.3,0.0,33.86,0.0,Hot,0,Spring
2022-03-02,P0019,Groceries,997.7,120.8,0.0,33.86,0.0,Cold,0,Spring
2022-03-03,P0019,Groceries,839.4,158.3,0.0,33.86,0.0,Sunny,0,Spring
2022-03-04,P0019,Groceries,1597.5,101.9,860.1,33.86,0.0,Sunny,0,Spring
2022-03-05,P0019,Groceries,1276.8,320.7,0.0,26.09,22.9,Sunny,1,Spring
2022-03-06,P0019,Groceries,846.5,430.3,0.0,28.27,16.5,Rainy,1,Spring
2022-03-07,P0019,Groceries,1597.5,248.2,999.2,33.86,0.0,Cold,0,Spring
2022-03-08,P0019,Groceries,1401.9,195.7,0.0,33.86,0.0,Rainy,0,Spring
2022-03-09,P0019,Groceries,1277.4,124.5,0.0,33.86,0.0,Sunny,0,Spring
2022-03-10,P0019,Groceries,1073.4,204.0,0.0,33.86,0.0,Cold,0,Spring
2022-03-11,P0019,Groceries,846.9,226.5,0.0,24.23,28.4,Hot,0,Spring
2022-03-12,P0019,Groceries,1597.5,288.6,1039.2,28.17,16.8,Rainy,1,Spring
2022-03-13,P0019,Groceries,1111.4,486.2,0.0,25.88,23.5,Sunny,1,Spring
2022-03-14,P0019,Groceries,941.4,169.9,0.0,33.86,0.0,Sunny,0,Spring
2022-03-15,P0019,Groceries,1597.5,154.8,810.9,33.86,0.0,Hot,0,Spring
2022-03-16,P0019,Groceries,1496.1,101.5,0.0,33.86,0.0,Sunny,0,Spring
2022-03-17,P0019,Groceries,1339.5,156.5,0.0,33.86,0.0,Sunny,0,Spring
2022-03-18,P0019,Groceries,1206.6,132.9,0.0,33.86,0.0,Hot,0,Spring
2022-03-19,P0019,Groceries,1597.5,480.9,871.8,21.38,36.9,Rainy,1,Spring
2022-03-20,P0019,Groceries,1176.6,421.0,0.0,25.04,26.0,Sunny,1,Spring
2022-03-21,P0019,Groceries,948.7,227.9,0.0,33.86,0.0,Sunny,0,Spring
2022-03-22,P0019,Groceries,1597.5,178.6,827.5,33.86,0.0,Rainy,0,Spring
2022-03-23,P0019,Groceries,1470.3,127.2,0.0,33.86,0.0,Hot,0,Spring
2022-03-24,P0019,Groceries,1216.0,254.4,0.0,33.86,0.0,Rainy,0,Spring
2022-03-25,P0019,Groceries,1080.6,135.4,0.0,33.86,0.0,Hot,0,Spring
2022-03-26,P0019,Groceries,1597.5,550.5,1067.4,25.82,23.7,Cold,1,Spring
2022-03-27,P0019,Groceries,1105.3,492.2,0.0,26.47,21.8,Cold,1,Spring
2022-03-28,P0019,Groceries,897.8,207.5,0.0,33.86,0.0,Cold,0,Spring
2022-03-29,P0019,Groceries,1597.5,165.2,864.9,33.86,0.0,Sunny,0,Spring
2022-03-30,P0019,Groceries,1433.8,163.8,0.0,33.86,0.0,Cold,0,Spring
2022-03-31,P0019,Groceries,1196.1,237.7,0.0,33.86,0.0,Rainy,0,Spring
2022-04-01,P0019,Groceries,1058.7,137.4,0.0,33.86,0.0,Hot,0,Spring
2022-04-02,P0019,Groceries,1597.5,384.4,923.2,26.83,20.8,Rainy,1,Spring
2022-04-03,P0019,Groceries,1131.7,465.8,0.0,20.32,40.0,Sunny,1,Spring
2022-04-04,P0019,Groceries,879.0,252.7,0.0,33.86,0.0,Rainy,0,Spring
2022-04-05,P0019,Groceries,1597.5,206.0,924.6,33.86,0.0,Rainy,0,Spring
2022-04-06,P0019,Groceries,1333.7,263.9,0.0,26.08,23.0,Hot,0,Spring
2022-04-07,P0019,Groceries,1136.6,197.1,0.0,33.86,0.0,Sunny,0,Spring
2022-04-08,P0019,Groceries,860.2,276.4,0.0,21.35,36.9,Sunny,0,Spring
2022-04-09,P0019,Groceries,1597.5,439.8,1177.1,21.51,36.5,Hot,1,Spring
2022-04-10,P0019,Groceries,1130.9,466.6,0.0,24.06,28.9,Rainy,1,Spring
2022-04-11,P0019,Groceries,940.2,190.7,0.0,33.86,0.0,Hot,0,Spring
2022-04-12,P0019,Groceries,1597.5,318.4,975.7,20.69,38.9,Hot,0,Spring
2022-04-13,P0019,Groceries,1460.0,137.6,0.0,33.86,0.0,Sunny,0,Spring
2022-04-14,P0019,Groceries,1124.5,335.4,0.0,23.07,31.9,Rainy,0,Spring
2022-04-15,P0019,Groceries,968.5,156.0,0.0,33.86,0.0,Cold,0,Spring
2022-04-16,P0019,Groceries,1597.5,350.4,979.4,26.25,22.5,Sunny,1,Spring
2022-04-17,P0019,Groceries,1191.5,406.0,0.0,27.26,19.5,Rainy,1,Spring
2022-04-18,P0019,Groceries,998.0,193.6,0.0,33.86,0.0,Sunny,0,Spring
2022-04-19,P0019,Groceries,842.2,155.8,0.0,33.86,0.0,Rainy,0,Spring
2022-04-20,P0019,Groceries,1597.5,293.5,1048.9,23.15,31.6,Sunny,0,Spring
2022-04-21,P0019,Groceries,1376.6,221.0,0.0,33.86,0.0,Rainy,0,Spring
2022-04-22,P0019,Groceries,1241.7,134.8,0.0,33.86,0.0,Sunny,0,Spring
2022-04-23,P0019,Groceries,1597.5,510.1,865.9,23.64,30.2,Sunny,1,Spring
2022-04-24,P0019,Groceries,1142.7,454.8,0.0,30.03,11.3,Sunny,1,Spring
2022-04-25,P0019,Groceries,926.1,216.6,0.0,33.86,0.0,Rainy,0,Spring
2022-04-26,P0019,Groceries,1597.5,161.3,832.7,33.86,0.0,Sunny,0,Spring
2022-04-27,P0019,Groceries,1449.3,148.2,0.0,33.86,0.0,Sunny,0,Spring
2022-04-28,P0019,Groceries,1289.8,159.5,0.0,33.86,0.0,Sunny,0,Spring
2022-04-29,P0019,Groceries,1170.6,119.2,0.0,33.86,0.0,Sunny,0,Spring
2022-04-30,P0019,Groceries,833.6,337.0,0.0,26.89,20.6,Hot,1,Spring
2022-05-01,P0019,Groceries,1597.5,487.2,1251.1,25.92,23.4,Cold,1,Spring
2022-05-02,P0019,Groceries,1367.6,230.0,0.0,33.86,0.0,Rainy,0,Spring
2022-05-03,P0019,Groceries,1257.0,110.6,0.0,33.86,0.0,Sunny,0,Spring
2022-05-04,P0019,Groceries,1125.5,131.5,0.0,33.86,0.0,Sunny,0,Spring
2022-05-05,P0019,Groceries,855.4,270.1,0.0,33.86,0.0,Cold,0,Spring
2022-05-06,P0019,Groceries,1597.5,132.9,875.1,33.86,0.0,Rainy,0,Spring
2022-05-07,P0019,Groceries,1312.1,285.4,0.0,24.58,27.4,Hot,1,Spring
2022-05-08,P0019,Groceries,821.9,490.2,0.0,22.75,32.8,Sunny,1,Spring
2022-05-09,P0019,Groceries,1597.5,216.9,992.6,33.86,0.0,Rainy,0,Spring
2022-05-10,P0019,Groceries,1456.3,141.3,0.0,33.86,0.0,Hot,0,Spring
2022-05-11,P0019,Groceries,1374.8,81.5,0.0,33.86,0.0,Hot,0,Spring
2022-05-12,P0019,Groceries,927.1,447.7,0.0,24.61,27.3,Cold,0,Spring
2022-05-13,P0019,Groceries,1597.5,172.0,842.5,33.86,0.0,Cold,0,Spring
2022-05-14,P0019,Groceries,1244.6,353.0,0.0,28.82,14.9,Rainy,1,Spring
2022-05-15,P0019,Groceries,805.9,438.7,0.0,21.89,35.3,Sunny,1,Spring
2022-05-16,P0019,Groceries,1597.5,153.7,945.4,33.86,0.0,Rainy,0,Spring
2022-05-17,P0019,Groceries,1450.6,146.9,0.0,33.86,0.0,Sunny,0,Spring
2022-05-18,P0019,Groceries,1185.6,265.0,0.0,27.84,17.8,Rainy,0,Spring
2022-05-19,P0019,Groceries,1015.8,169.8,0.0,33.86,0.0,Sunny,0,Spring
2022-05-20,P0019,Groceries,852.0,163.8,0.0,33.86,0.0,Rainy,0,Spring
2022-05-21,P0019,Groceries,1597.5,410.2,1155.7,29.11,14.0,Sunny,1,Spring
2022-05-22,P0019,Groceries,1154.3,443.2,0.0,21.02,37.9,Hot,1,Spring
2022-05-23,P0019,Groceries,945.6,208.7,0.0,33.86,0.0,Hot,0,Spring
2022-05-24,P0019,Groceries,1597.5,171.9,823.8,33.86,0.0,Rainy,0,Spring
2022-05-25,P0019,Groceries,1467.4,130.1,0.0,33.86,0.0,Sunny,0,Spring
2022-05-26,P0019,Groceries,1269.0,198.5,0.0,33.86,0.0,Rainy,0,Spring
2022-05-27,P0019,Groceries,1118.0,151.0,0.0,33.86,0.0,Hot,0,Spring
2022-05-28,P0019,Groceries,1597.5,448.4,927.9,23.75,29.9,Cold,1,Spring
2022-05-29,P0019,Groceries,1265.7,331.8,0.0,28.9,14.6,Sunny,1,Spring
2022-05-30,P0019,Groceries,1088.8,176.9,0.0,33.86,0.0,Hot,0,Spring
2022-05-31,P0019,Groceries,881.5,207.3,0.0,33.86,0.0,Rainy,0,Spring
2022-06-01,P0019,Groceries,1597.5,133.1,849.1,33.86,0.0,Hot,0,Summer
2022-06-02,P0019,Groceries,1307.3,290.3,0.0,33.86,0.0,Rainy,0,Summer
2022-06-03,P0019,Groceries,1129.3,178.0,0.0,33.86,0.0,Rainy,0,Summer
2022-06-04,P0019,Groceries,1597.5,576.3,1044.6,30.41,10.2,Cold,1,Summer
2022-06-05,P0019,Groceries,827.4,770.1,0.0,25.26,25.4,Rainy,1,Summer
2022-06-06,P0019,Groceries,1597.5,181.5,951.6,33.86,0.0,Rainy,0,Summer
2022-06-07,P0019,Groceries,1367.5,230.1,0.0,33.86,0.0,Rainy,0,Summer
2022-06-08,P0019,Groceries,1144.1,223.4,0.0,33.86,0.0,Cold,0,Summer
2022-06-09,P0019,Groceries,879.8,264.3,0.0,33.86,0.0,Cold,0,Summer
2022-06-10,P0019,Groceries,1597.5,150.2,867.9,33.86,0.0,Cold,0,Summer
2022-06-11,P0019,Groceries,1230.5,367.0,0.0,29.57,12.7,Sunny,1,Summer
2022-06-12,P0019,Groceries,1597.5,613.8,980.8,24.92,26.4,Cold,1,Summer
2022-06-13,P0019,Groceries,1321.7,275.8,0.0,33.86,0.0,Cold,0,Summer
2022-06-14,P0019,Groceries,1130.4,191.3,0.0,33.86,0.0,Rainy,0,Summer
2022-06-15,P0019,Groceries,995.5,134.9,0.0,33.86,0.0,Sunny,0,Summer
2022-06-16,P0019,Groceries,1597.5,296.0,898.1,33.86,0.0,Rainy,0,Summer
2022-06-17,P0019,Groceries,1460.7,136.9,0.0,33.86,0.0,Sunny,0,Summer
2022-06-18,P0019,Groceries,963.6,497.0,0.0,25.63,24.3,Hot,1,Summer
2022-06-19,P0019,Groceries,1597.5,438.4,1072.4,22.67,33.0,Sunny,1,Summer
2022-06-20,P0019,Groceries,1378.5,219.0,0.0,33.86,0.0,Rainy,0,Summer
2022-06-21,P0019,Groceries,1100.5,278.0,0.0,33.86,0.0,Cold,0,Summer
2022-06-22,P0019,Groceries,934.2,166.3,0.0,33.86,0.0,Hot,0,Summer
2022-06-23,P0019,Groceries,1597.5,212.5,875.8,33.86,0.0,Rainy,0,Summer
2022-06-24,P0019,Groceries,1386.2,211.4,0.0,33.86,0.0,Sunny,0,Summer
2022-06-25,P0019,Groceries,921.9,464.3,0.0,30.21,10.8,Sunny,1,Summer
2022-06-26,P0019,Groceries,1597.5,433.4,1109.1,30.22,10.7,Rainy,1,Summer
2022-06-27,P0019,Groceries,1466.2,131.3,0.0,33.86,0.0,Hot,0,Summer
2022-06-28,P0019,Groceries,1289.1,177.1,0.0,33.86,0.0,Rainy,0,Summer
2022-06-29,P0019,Groceries,929.6,359.6,0.0,20.78,38.6,Hot,0,Summer
2022-06-30,P0019,Groceries,1597.5,323.0,990.9,33.86,0.0,Cold,0,Summer
