data/synthetic_patterned_dataset.csv
Date,Product ID,Category,Inventory Level,Units Sold,Units Ordered,Price,Discount,Weather Condition,Holiday/Promotion,Seasonality
2022-01-01,P0020,Household,757.8,122.8,0.0,34.78,33.3,Rainy,1,Winter
2022-01-02,P0020,Household,671.1,86.7,0.0,43.68,16.3,Rainy,1,Winter
2022-01-03,P0020,Household,595.6,75.5,0.0,44.87,14.0,Rainy,0,Winter
2022-01-04,P0020,Household,543.9,51.7,0.0,52.17,0.0,Rainy,0,Winter
2022-01-05,P0020,Household,504.2,39.7,0.0,52.17,0.0,Cold,0,Winter
2022-01-06,P0020,Household,448.2,56.0,0.0,52.17,0.0,Hot,0,Winter
2022-01-07,P0020,Household,388.0,60.2,0.0,52.17,0.0,Sunny,0,Winter
2022-01-08,P0020,Household,239.8,148.2,0.0,31.89,38.9,Hot,1,Winter
2022-01-09,P0020,Household,365.1,133.9,259.1,34.89,33.1,Hot,1,Winter
2022-01-10,P0020,Household,263.4,101.7,0.0,36.47,30.1,Rainy,0,Winter
2022-01-11,P0020,Household,216.4,46.9,0.0,52.17,0.0,Sunny,0,Winter
2022-01-12,P0020,Household,365.1,76.9,225.5,52.17,0.0,Sunny,0,Winter
2022-01-13,P0020,Household,318.0,47.0,0.0,52.17,0.0,Rainy,0,Winter
2022-01-14,P0020,Household,212.4,105.6,0.0,44.47,14.8,Hot,0,Winter
2022-01-15,P0020,Household,365.1,99.4,252.1,43.66,16.3,Rainy,1,Winter
2022-01-16,P0020,Household,237.8,127.3,0.0,34.94,33.0,Sunny,1,Winter
2022-01-17,P0020,Household,365.1,56.6,183.8,52.17,0.0,Rainy,0,Winter
2022-01-18,P0020,Household,308.8,56.3,0.0,52.17,0.0,Rainy,0,Winter
2022-01-19,P0020,Household,278.9,29.9,0.0,52.17,0.0,Cold,0,Winter
2022-01-20,P0020,Household,365.1,119.6,205.7,33.5,35.8,Rainy,0,Winter
2022-01-21,P0020,Household,330.4,34.7,0.0,52.17,0.0,Cold,0,Winter
2022-01-22,P0020,Household,216.5,113.9,0.0,39.02,25.2,Rainy,1,Winter
2022-01-23,P0020,Household,365.1,93.3,241.9,40.91,21.6,Sunny,1,Winter
2022-01-24,P0020,Household,307.9,57.1,0.0,52.17,0.0,Rainy,0,Winter
2022-01-25,P0020,Household,256.9,51.1,0.0,52.17,0.0,Sunny,0,Winter
2022-01-26,P0020,Household,194.8,62.1,0.0,52.17,0.0,Hot,0,Winter
2022-01-27,P0020,Household,365.1,34.7,205.0,52.17,0.0,Rainy,0,Winter
2022-01-28,P0020,Household,316.1,48.9,0.0,52.17,0.0,Cold,0,Winter
2022-01-29,P0020,Household,365.1,153.6,202.5,31.62,39.4,Rainy,1,Winter
2022-01-30,P0020,Household,276.7,88.4,0.0,41.37,20.7,Sunny,1,Winter
2022-01-31,P0020,Household,209.1,67.6,0.0,35.07,32.8,Cold,0,Winter
2022-02-01,P0020,Household,365.1,47.0,203.0,52.17,0.0,Hot,0,Winter
2022-02-02,P0020,Household,314.7,50.4,0.0,52.17,0.0,Sunny,0,Winter
2022-02-03,P0020,Household,260.5,54.2,0.0,52.17,0.0,Rainy,0,Winter
2022-02-04,P0020,Household,198.1,62.3,0.0,52.17,0.0,Rainy,0,Winter
2022-02-05,P0020,Household,365.1,99.4,266.4,45.4,13.0,Sunny,1,Winter
2022-02-06,P0020,Household,263.9,101.2,0.0,38.36,26.5,Sunny,1,Winter
2022-02-07,P0020,Household,222.0,41.9,0.0,52.17,0.0,Sunny,0,Winter
2022-02-08,P0020,Household,365.1,43.8,186.9,52.17,0.0,Cold,0,Winter
2022-02-09,P0020,Household,301.1,64.0,0.0,52.17,0.0,Hot,0,Winter
2022-02-10,P0020,Household,237.6,63.5,0.0,46.28,11.3,Sunny,0,Winter
2022-02-11,P0020,Household,365.1,56.3,183.8,52.17,0.0,Rainy,0,Winter
2022-02-12,P0020,Household,262.8,102.2,0.0,45.25,13.3,Sunny,1,Winter
2022-02-13,P0020,Household,365.1,102.0,204.2,44.63,14.4,Rainy,1,Winter
2022-02-14,P0020,Household,297.2,67.9,0.0,41.68,20.1,Rainy,1,Winter
2022-02-15,P0020,Household,236.1,61.1,0.0,52.17,0.0,Hot,0,Winter
2022-02-16,P0020,Household,365.1,54.2,183.2,52.17,0.0,Sunny,0,Winter
2022-02-17,P0020,Household,328.7,36.3,0.0,52.17,0.0,Rainy,0,Winter
2022-02-18,P0020,Household,250.5,78.3,0.0,45.75,12.3,Rainy,0,Winter
2022-02-19,P0020,Household,365.1,114.3,228.9,45.75,12.3,Hot,1,Winter
2022-02-20,P0020,Household,264.0,101.0,0.0,37.95,27.3,Hot,1,Winter
2022-02-21,P0020,Household,215.6,48.4,0.0,52.17,0.0,Sunny,0,Winter
2022-02-22,P0020,Household,365.1,39.0,188.4,52.17,0.0,Rainy,0,Winter
2022-02-23,P0020,Household,299.5,65.5,0.0,52.17,0.0,Sunny,0,Winter
2022-02-24,P0020,Household,252.8,46.8,0.0,52.17,0.0,Cold,0,Winter
2022-02-25,P0020,Household,365.1,75.9,188.2,52.17,0.0,Rainy,0,Winter
2022-02-26,P0020,Household,260.2,104.8,0.0,44.98,13.8,Rainy,1,Winter
2022-02-27,P0020,Household,365.1,94.8,199.6,38.28,26.6,Rainy,1,Winter
2022-02-28,P0020,Household,312.5,52.6,0.0,52.17,0.0,Sunny,0,Winter
2022-03-01,P0020,Household,256.1,56.4,0.0,52.17,0.0,Hot,0,Spring
2022-03-02,P0020,Household,199.9,56.2,0.0,43.54,16.5,Cold,0,Spring
2022-03-03,P0020,Household,365.1,52.8,217.9,52.17,0.0,Sunny,0,Spring
2022-03-04,P0020,Household,308.5,56.5,0.0,52.17,0.0,Sunny,0,Spring
2022-03-05,P0020,Household,197.2,111.4,0.0,33.07,36.6,Sunny,1,Spring
2022-03-06,P0020,Household,365.1,89.8,257.7,38.39,26.4,Rainy,1,Spring
2022-03-07,P0020,Household,313.0,52.1,0.0,52.17,0.0,Cold,0,Spring
2022-03-08,P0020,Household,276.9,36.0,0.0,52.17,0.0,Rainy,0,Spring
2022-03-09,P0020,Household,223.3,53.6,0.0,45.69,12.4,Sunny,0,Spring
2022-03-10,P0020,Household,365.1,63.3,205.1,42.33,18.9,Cold,0,Spring
2022-03-11,P0020,Household,280.9,84.2,0.0,52.17,0.0,Hot,0,Spring
2022-03-12,P0020,Household,365.1,106.6,190.8,46.58,10.7,Rainy,1,Spring
2022-03-13,P0020,Household,263.9,101.2,0.0,44.35,15.0,Sunny,1,Spring
2022-03-14,P0020,Household,215.1,48.8,0.0,52.17,0.0,Sunny,0,Spring
2022-03-15,P0020,Household,365.1,56.9,206.9,52.17,0.0,Hot,0,Spring
2022-03-16,P0020,Household,295.9,69.2,0.0,52.17,0.0,Sunny,0,Spring
2022-03-17,P0020,Household,186.9,109.0,0.0,38.76,25.7,Sunny,0,Spring
2022-03-18,P0020,Household,365.1,115.1,293.2,36.83,29.4,Hot,0,Spring
2022-03-19,P0020,Household,250.2,114.9,0.0,42.62,18.3,Rainy,1,Spring
2022-03-20,P0020,Household,365.1,101.3,216.2,45.05,13.7,Sunny,1,Spring
2022-03-21,P0020,Household,318.0,47.1,0.0,52.17,0.0,Sunny,0,Spring
2022-03-22,P0020,Household,263.6,54.4,0.0,52.17,0.0,Rainy,0,Spring
2022-03-23,P0020,Household,199.2,64.4,0.0,52.17,0.0,Hot,0,Spring
2022-03-24,P0020,Household,365.1,55.9,221.8,52.17,0.0,Rainy,0,Spring
2022-03-25,P0020,Household,319.3,45.8,0.0,52.17,0.0,Hot,0,Spring
2022-03-26,P0020,Household,238.1,81.1,0.0,39.8,23.7,Cold,1,Spring
2022-03-27,P0020,Household,365.1,98.9,225.9,35.28,32.4,Cold,1,Spring
2022-03-28,P0020,Household,343.4,21.6,0.0,52.17,0.0,Cold,0,Spring
2022-03-29,P0020,Household,294.6,48.8,0.0,52.17,0.0,Sunny,0,Spring
2022-03-30,P0020,Household,365.1,114.1,184.6,31.91,38.8,Cold,0,Spring
2022-03-31,P0020,Household,298.4,66.6,0.0,52.17,0.0,Rainy,0,Spring
2022-04-01,P0020,Household,244.5,54.0,0.0,52.17,0.0,Hot,0,Spring
2022-04-02,P0020,Household,365.1,89.7,210.3,35.27,32.4,Rainy,1,Spring
2022-04-03,P0020,Household,267.4,97.7,0.0,39.31,24.7,Sunny,1,Spring
2022-04-04,P0020,Household,215.3,52.1,0.0,52.17,0.0,Rainy,0,Spring
2022-04-05,P0020,Household,365.1,59.1,208.9,52.17,0.0,Rainy,0,Spring
2022-04-06,P0020,Household,305.2,59.8,0.0,52.17,0.0,Hot,0,Spring
2022-04-07,P0020,Household,211.1,94.1,0.0,43.25,17.1,Sunny,0,Spring
2022-04-08,P0020,Household,365.1,96.5,250.5,37.88,27.4,Sunny,0,Spring
2022-04-09,P0020,Household,237.4,127.7,0.0,46.65,10.6,Hot,1,Spring
2022-04-10,P0020,Household,365.1,153.5,281.2,31.89,38.9,Rainy,1,Spring
2022-04-11,P0020,Household,319.3,45.8,0.0,52.17,0.0,Hot,0,Spring
2022-04-12,P0020,Household,216.6,102.7,0.0,39.95,23.4,Hot,0,Spring
2022-04-13,P0020,Household,365.1,54.0,202.4,52.17,0.0,Sunny,0,Spring
2022-04-14,P0020,Household,278.3,86.8,0.0,40.95,21.5,Rainy,0,Spring
2022-04-15,P0020,Household,247.7,30.6,0.0,52.17,0.0,Cold,0,Spring
2022-04-16,P0020,Household,365.1,87.8,205.2,45.52,12.7,Sunny,1,Spring
2022-04-17,P0020,Household,276.0,89.0,0.0,42.03,19.4,Rainy,1,Spring
2022-04-18,P0020,Household,365.1,128.4,217.4,32.62,37.5,Sunny,0,Spring
2022-04-19,P0020,Household,307.1,58.0,0.0,52.17,0.0,Rainy,0,Spring
2022-04-20,P0020,Household,259.6,47.5,0.0,52.17,0.0,Sunny,0,Spring
2022-04-21,P0020,Household,206.9,52.7,0.0,52.17,0.0,Rainy,0,Spring
2022-04-22,P0020,Household,365.1,37.9,196.1,52.17,0.0,Sunny,0,Spring
2022-04-23,P0020,Household,255.0,110.1,0.0,40.34,22.7,Sunny,1,Spring
2022-04-24,P0020,Household,365.1,82.4,192.5,46.68,10.5,Sunny,1,Spring
2022-04-25,P0020,Household,319.1,46.0,0.0,52.17,0.0,Rainy,0,Spring
2022-04-26,P0020,Household,271.7,47.3,0.0,52.17,0.0,Sunny,0,Spring
2022-04-27,P0020,Household,208.2,63.6,0.0,52.17,0.0,Sunny,0,Spring
2022-04-28,P0020,Household,365.1,42.9,199.8,52.17,0.0,Sunny,0,Spring
2022-04-29,P0020,Household,310.4,54.7,0.0,52.17,0.0,Sunny,0,Spring
2022-04-30,P0020,Household,234.9,75.5,0.0,46.32,11.2,Hot,1,Spring
2022-05-01,P0020,Household,365.1,83.7,213.9,42.68,18.2,Cold,1,Spring
2022-05-02,P0020,Household,315.3,49.8,0.0,52.17,0.0,Rainy,0,Spring
2022-05-03,P0020,Household,262.9,52.3,0.0,52.17,0.0,Sunny,0,Spring
2022-05-04,P0020,Household,222.3,40.7,0.0,52.17,0.0,Sunny,0,Spring
2022-05-05,P0020,Household,365.1,51.9,194.7,46.19,11.5,Cold,0,Spring
2022-05-06,P0020,Household,307.6,57.4,0.0,52.17,0.0,Rainy,0,Spring
2022-05-07,P0020,Household,186.8,120.8,0.0,46.57,10.7,Hot,1,Spring
2022-05-08,P0020,Household,365.1,110.5,288.7,32.98,36.8,Sunny,1,Spring
2022-05-09,P0020,Household,296.8,68.2,0.0,52.17,0.0,Rainy,0,Spring
2022-05-10,P0020,Household,223.5,73.3,0.0,52.17,0.0,Hot,0,Spring
2022-05-11,P0020,Household,365.1,63.9,205.5,52.17,0.0,Hot,0,Spring
2022-05-12,P0020,Household,328.2,36.8,0.0,52.17,0.0,Cold,0,Spring
2022-05-13,P0020,Household,286.6,41.6,0.0,52.17,0.0,Cold,0,Spring
2022-05-14,P0020,Household,365.1,138.5,216.9,31.46,39.7,Rainy,1,Spring
2022-05-15,P0020,Household,286.9,78.2,0.0,39.42,24.4,Sunny,1,Spring
2022-05-16,P0020,Household,226.6,60.3,0.0,52.17,0.0,Rainy,0,Spring
2022-05-17,P0020,Household,365.1,64.2,202.7,52.17,0.0,Sunny,0,Spring
2022-05-18,P0020,Household,301.4,63.6,0.0,52.17,0.0,Rainy,0,Spring
2022-05-19,P0020,Household,259.4,42.0,0.0,52.17,0.0,Sunny,0,Spring
2022-05-20,P0020,Household,365.1,79.3,185.0,41.77,19.9,Rainy,0,Spring
2022-05-21,P0020,Household,285.5,79.6,0.0,40.63,22.1,Sunny,1,Spring
2022-05-22,P0020,Household,185.9,99.6,0.0,40.14,23.1,Hot,1,Spring
2022-05-23,P0020,Household,365.1,89.6,268.8,41.95,19.6,Hot,0,Spring
2022-05-24,P0020,Household,277.0,88.1,0.0,44.26,15.2,Rainy,0,Spring
2022-05-25,P0020,Household,365.1,110.5,198.6,39.5,24.3,Sunny,0,Spring
2022-05-26,P0020,Household,330.8,34.3,0.0,52.17,0.0,Rainy,0,Spring
2022-05-27,P0020,Household,256.5,74.3,0.0,52.17,0.0,Hot,0,Spring
2022-05-28,P0020,Household,365.1,89.2,197.8,37.64,27.8,Cold,1,Spring
2022-05-29,P0020,Household,278.9,86.2,0.0,38.01,27.1,Sunny,1,Spring
2022-05-30,P0020,Household,214.9,64.0,0.0,52.17,0.0,Hot,0,Spring
2022-05-31,P0020,Household,365.1,61.0,211.2,52.17,0.0,Rainy,0,Spring
2022-06-01,P0020,Household,283.7,81.4,0.0,42.87,17.8,Hot,0,Summer
2022-06-02,P0020,Household,210.3,73.4,0.0,46.38,11.1,Rainy,0,Summer
2022-06-03,P0020,Household,365.1,36.5,191.2,52.17,0.0,Rainy,0,Summer
2022-06-04,P0020,Household,305.3,59.7,0.0,45.26,13.2,Cold,1,Summer
2022-06-05,P0020,Household,231.8,73.5,0.0,38.21,26.8,Rainy,1,Summer
2022-06-06,P0020,Household,203.5,28.3,0.0,52.17,0.0,Rainy,0,Summer
2022-06-07,P0020,Household,365.1,49.1,210.7,52.17,0.0,Rainy,0,Summer
2022-06-08,P0020,Household,328.8,36.3,0.0,52.17,0.0,Cold,0,Summer
2022-06-09,P0020,Household,291.9,36.9,0.0,52.17,0.0,Cold,0,Summer
2022-06-10,P0020,Household,228.8,63.1,0.0,40.47,22.4,Cold,0,Summer
2022-06-11,P0020,Household,365.1,60.5,196.8,44.14,15.4,Sunny,1,Summer
2022-06-12,P0020,Household,296.2,68.9,0.0,34.39,34.1,Cold,1,Summer
2022-06-13,P0020,Household,252.3,43.9,0.0,43.62,16.4,Cold,0,Summer
2022-06-14,P0020,Household,206.2,46.1,0.0,52.17,0.0,Rainy,0,Summer
2022-06-15,P0020,Household,365.1,38.9,197.7,52.17,0.0,Sunny,0,Summer
2022-06-16,P0020,Household,326.1,39.0,0.0,52.17,0.0,Rainy,0,Summer
2022-06-17,P0020,Household,278.1,48.0,0.0,52.17,0.0,Sunny,0,Summer
2022-06-18,P0020,Household,365.1,96.0,183.0,32.64,37.4,Hot,1,Summer
2022-06-19,P0020,Household,307.8,57.3,0.0,33.93,35.0,Sunny,1,Summer
2022-06-20,P0020,Household,271.9,35.9,0.0,52.17,0.0,Rainy,0,Summer
2022-06-21,P0020,Household,239.8,32.2,0.0,52.17,0.0,Cold,0,Summer
2022-06-22,P0020,Household,183.9,55.9,0.0,52.17,0.0,Hot,0,Summer
2022-06-23,P0020,Household,365.1,83.7,265.0,33.85,35.1,Rainy,0,Summer
2022-06-24,P0020,Household,324.9,40.1,0.0,52.17,0.0,Sunny,0,Summer
2022-06-25,P0020,Household,233.1,91.9,0.0,36.01,31.0,Sunny,1,Summer
2022-06-26,P0020,Household,365.1,95.6,227.6,35.26,32.4,Rainy,1,Summer
2022-06-27,P0020,Household,326.9,38.2,0.0,52.17,0.0,Hot,0,Summer
2022-06-28,P0020,Household,291.2,35.7,0.0,52.17,0.0,Rainy,0,Summer
2022-06-29,P0020,Household,244.1,47.1,0.0,52.17,0.0,Hot,0,Summer
2022-06-30,P0020,Household,214.7,29.4,0.0,52.17,0.0,Cold,0,Summer
